173.199.114.195 - - [20/Jun/2013:17:45:13 -0700] "GET /ewyl.html HTTP/1.1" 200 2136 "-" "Mozilla/5.0 (compatible; AhrefsBot/4.0; +http://ahrefs.com/robot/)" "www.lifelinepregnancyhelp.org"
157.55.35.102 - - [20/Jun/2013:17:59:36 -0700] "GET /robots.txt HTTP/1.1" 404 89 "-" "Mozilla/5.0 (compatible; bingbot/2.0; +http://www.bing.com/bingbot.htm)" "www.lifelineprc.com"
37.58.52.15 - - [20/Jun/2013:18:03:32 -0700] "GET /robots.txt HTTP/1.0" 404 73 "-" "Mozilla/5.0 (compatible; AcoonBot/4.11.1; +http://www.acoon.de/robot.asp)" "www.lifelineprc.com"
37.58.52.15 - - [20/Jun/2013:18:03:32 -0700] "GET /dadline.html HTTP/1.0" 200 2756 "-" "Mozilla/5.0 (compatible; AcoonBot/4.11.1; +http://www.acoon.de/robot.asp)" "www.lifelineprc.com"
37.58.52.15 - - [20/Jun/2013:18:33:39 -0700] "GET /purefreedom.html HTTP/1.0" 200 3000 "-" "Mozilla/5.0 (compatible; AcoonBot/4.11.1; +http://www.acoon.de/robot.asp)" "www.lifelineprc.com"
208.115.113.92 - - [20/Jun/2013:19:19:57 -0700] "GET /services.html HTTP/1.1" 200 2979 "-" "Mozilla/5.0 (compatible; Ezooms/1.0; ezooms.bot@gmail.com)" "lifelinepregnancyhelp.org"
37.58.52.15 - - [20/Jun/2013:19:59:27 -0700] "GET /forMen.html HTTP/1.0" 200 3180 "-" "Mozilla/5.0 (compatible; AcoonBot/4.11.1; +http://www.acoon.de/robot.asp)" "www.lifelineprc.com"
173.193.219.168 - - [20/Jun/2013:20:34:14 -0700] "GET /robots.txt HTTP/1.1" 404 89 "-" "Aboundex/0.2 (http://www.aboundex.com/crawler/)" "www.lifelinepregnancyhelp.org"
173.193.219.168 - - [20/Jun/2013:20:34:14 -0700] "GET / HTTP/1.1" 200 4482 "-" "Aboundex/0.2 (http://www.aboundex.com/crawler/)" "www.lifelinepregnancyhelp.org"
173.193.219.168 - - [20/Jun/2013:20:34:14 -0700] "GET /index.html HTTP/1.1" 200 4482 "-" "Aboundex/0.2 (http://www.aboundex.com/crawler/)" "www.lifelinepregnancyhelp.org"
173.193.219.168 - - [20/Jun/2013:20:34:14 -0700] "GET /options.html HTTP/1.1" 200 5481 "-" "Aboundex/0.2 (http://www.aboundex.com/crawler/)" "www.lifelinepregnancyhelp.org"
173.193.219.168 - - [20/Jun/2013:20:34:15 -0700] "GET /symptoms.html HTTP/1.1" 200 3401 "-" "Aboundex/0.2 (http://www.aboundex.com/crawler/)" "www.lifelinepregnancyhelp.org"
173.193.219.168 - - [20/Jun/2013:20:34:15 -0700] "GET /abortion.html HTTP/1.1" 200 5821 "-" "Aboundex/0.2 (http://www.aboundex.com/crawler/)" "www.lifelinepregnancyhelp.org"
173.193.219.168 - - [20/Jun/2013:20:34:15 -0700] "GET /services.html HTTP/1.1" 200 2979 "-" "Aboundex/0.2 (http://www.aboundex.com/crawler/)" "www.lifelinepregnancyhelp.org"
173.193.219.168 - - [20/Jun/2013:20:34:15 -0700] "GET /locations.html HTTP/1.1" 200 3516 "-" "Aboundex/0.2 (http://www.aboundex.com/crawler/)" "www.lifelinepregnancyhelp.org"
173.193.219.168 - - [20/Jun/2013:20:34:48 -0700] "GET /appointment.php HTTP/1.1" 200 3664 "-" "Aboundex/0.2 (http://www.aboundex.com/crawler/)" "www.lifelinepregnancyhelp.org"
173.193.219.168 - - [20/Jun/2013:20:34:48 -0700] "GET /forMen.html HTTP/1.1" 200 3180 "-" "Aboundex/0.2 (http://www.aboundex.com/crawler/)" "www.lifelinepregnancyhelp.org"
173.193.219.168 - - [20/Jun/2013:20:34:49 -0700] "GET /ewyl.html HTTP/1.1" 200 3085 "-" "Aboundex/0.2 (http://www.aboundex.com/crawler/)" "www.lifelinepregnancyhelp.org"
180.76.5.10 - - [20/Jun/2013:20:41:50 -0700] "GET /purefreedom.html HTTP/1.1" 200 2096 "-" "Mozilla/5.0 (compatible; Baiduspider/2.0; +http://www.baidu.com/search/spider.html)" "www.lifelinepregnancyhelp.org"
66.249.73.206 - - [20/Jun/2013:20:55:23 -0700] "GET /robots.txt HTTP/1.1" 404 89 "-" "Mozilla/5.0 (compatible; Googlebot/2.1; +http://www.google.com/bot.html)" "www.lifelineprc.com"
65.55.215.46 - - [20/Jun/2013:21:17:22 -0700] "GET /robots.txt HTTP/1.1" 404 89 "-" "msnbot-media/1.1 (+http://search.msn.com/msnbot.htm)" "lifelineprc.com"
65.55.215.46 - - [20/Jun/2013:21:17:23 -0700] "GET /assets/images/homePage.jpg HTTP/1.1" 200 23096 "-" "msnbot-media/1.1 (+http://search.msn.com/msnbot.htm)" "lifelineprc.com"
180.76.5.56 - - [20/Jun/2013:21:22:47 -0700] "GET /services.html HTTP/1.1" 200 1876 "-" "Mozilla/5.0 (compatible; Baiduspider/2.0; +http://www.baidu.com/search/spider.html)" "www.lifelineprc.com"
173.199.114.195 - - [20/Jun/2013:21:25:51 -0700] "GET /appointment.php HTTP/1.1" 200 1618 "-" "Mozilla/5.0 (compatible; AhrefsBot/4.0; +http://ahrefs.com/robot/)" "www.lifelinepregnancyhelp.org"
157.55.35.102 - - [20/Jun/2013:21:29:57 -0700] "GET /robots.txt HTTP/1.1" 404 89 "-" "Mozilla/5.0 (compatible; bingbot/2.0; +http://www.bing.com/bingbot.htm)" "www.lifelineprc.com"
173.199.114.195 - - [20/Jun/2013:21:32:51 -0700] "GET /locations.html HTTP/1.1" 200 1958 "-" "Mozilla/5.0 (compatible; AhrefsBot/4.0; +http://ahrefs.com/robot/)" "lifelinepregnancyhelp.org"
65.55.215.241 - - [20/Jun/2013:22:05:14 -0700] "GET /abortion.html HTTP/1.1" 200 3358 "-" "Mozilla/4.0 (compatible; MSIE 7.0; Windows NT 5.1;  SV1;  .NET CLR 1.1.4322;  .NET CLR 2.0.50727;  .NET CLR 3.0.04506.648)" "lifelinepregnancyhelp.org"
65.55.215.241 - - [20/Jun/2013:22:05:16 -0700] "GET /style.css HTTP/1.1" 200 1636 "http://lifelinepregnancyhelp.org/abortion.html" "Mozilla/4.0 (compatible; MSIE 7.0; Windows NT 5.1;  SV1;  .NET CLR 1.1.4322;  .NET CLR 2.0.50727;  .NET CLR 3.0.04506.648)" "lifelinepregnancyhelp.org"
137.117.73.95 - - [20/Jun/2013:22:24:27 -0700] "GET / HTTP/1.1" 200 2587 "-" "Mozilla/5.0 (Windows NT 5.1; rv:8.0) Gecko/20100101 Firefox/8.0" "lifelineprc.com"
137.117.73.95 - - [20/Jun/2013:22:24:27 -0700] "GET / HTTP/1.1" 200 2476 "-" "Mozilla/5.0 (Windows NT 5.1; rv:8.0) Gecko/20100101 Firefox/8.0" "lifelineprc.com"
137.117.73.95 - - [20/Jun/2013:22:24:27 -0700] "GET /register/ HTTP/1.1" 404 89 "-" "Mozilla/5.0 (Windows NT 5.1; rv:8.0) Gecko/20100101 Firefox/8.0" "lifelineprc.com"
137.117.73.95 - - [20/Jun/2013:22:24:27 -0700] "GET /register/ HTTP/1.1" 404 89 "-" "Mozilla/5.0 (Windows NT 5.1; rv:8.0) Gecko/20100101 Firefox/8.0" "lifelineprc.com"
137.117.73.95 - - [20/Jun/2013:22:24:27 -0700] "GET /login.php HTTP/1.1" 404 89 "-" "Mozilla/5.0 (Windows NT 5.1; rv:8.0) Gecko/20100101 Firefox/8.0" "lifelineprc.com"
137.117.73.95 - - [20/Jun/2013:22:24:27 -0700] "GET /login.php HTTP/1.1" 404 89 "-" "Mozilla/5.0 (Windows NT 5.1; rv:8.0) Gecko/20100101 Firefox/8.0" "lifelineprc.com"
137.117.73.95 - - [20/Jun/2013:22:24:28 -0700] "GET /signup.php HTTP/1.1" 404 89 "-" "Mozilla/5.0 (Windows NT 5.1; rv:8.0) Gecko/20100101 Firefox/8.0" "lifelineprc.com"
137.117.73.95 - - [20/Jun/2013:22:24:28 -0700] "GET /signup.php HTTP/1.1" 404 89 "-" "Mozilla/5.0 (Windows NT 5.1; rv:8.0) Gecko/20100101 Firefox/8.0" "lifelineprc.com"
199.30.24.242 - - [20/Jun/2013:22:31:01 -0700] "GET /assets/images/abortion.jpg HTTP/1.1" 200 53176 "http://firstchoicemo.com/page1.php" "Mozilla/5.0 (Windows NT 6.1; WOW64) AppleWebKit/534+ (KHTML, like Gecko) BingPreview/1.0b" "www.lifelineprc.com"
37.58.52.15 - - [20/Jun/2013:22:46:57 -0700] "GET /symptoms.html HTTP/1.0" 200 3401 "-" "Mozilla/5.0 (compatible; AcoonBot/4.11.1; +http://www.acoon.de/robot.asp)" "www.lifelineprc.com"
208.115.113.82 - - [20/Jun/2013:22:59:05 -0700] "GET /robots.txt HTTP/1.1" 404 89 "-" "Mozilla/5.0 (compatible; Ezooms/1.0; ezooms.bot@gmail.com)" "lifelinepregnancyhelp.org"
213.110.133.221 - - [20/Jun/2013:23:43:33 -0700] "GET / HTTP/1.1" 200 4482 "http://lifebiznes.onaruto.ru/" "Mozilla/4.0 (compatible; Blog Search;)" "lifelineprc.com"
213.110.133.221 - - [20/Jun/2013:23:43:34 -0700] "GET / HTTP/1.1" 200 4482 "http://lifebiznes.onaruto.ru/" "Mozilla/4.0 (compatible; Blog Search;)" "lifelineprc.com"
173.199.114.195 - - [21/Jun/2013:00:08:24 -0700] "GET /forMen.html HTTP/1.1" 200 2154 "-" "Mozilla/5.0 (compatible; AhrefsBot/4.0; +http://ahrefs.com/robot/)" "www.lifelinepregnancyhelp.org"
208.115.113.82 - - [21/Jun/2013:00:41:56 -0700] "GET /postabortionforum.html HTTP/1.1" 200 2485 "-" "Mozilla/5.0 (compatible; Ezooms/1.0; ezooms.bot@gmail.com)" "lifelinepregnancyhelp.org"
173.199.114.195 - - [21/Jun/2013:01:02:20 -0700] "GET /symptoms.html HTTP/1.1" 200 2222 "-" "Mozilla/5.0 (compatible; AhrefsBot/4.0; +http://ahrefs.com/robot/)" "lifelinepregnancyhelp.org"
37.58.52.15 - - [21/Jun/2013:01:08:16 -0700] "GET /services.html HTTP/1.0" 200 2979 "-" "Mozilla/5.0 (compatible; AcoonBot/4.11.1; +http://www.acoon.de/robot.asp)" "www.lifelineprc.com"
173.199.114.195 - - [21/Jun/2013:01:54:24 -0700] "GET /forMen.html HTTP/1.1" 200 2154 "-" "Mozilla/5.0 (compatible; AhrefsBot/4.0; +http://ahrefs.com/robot/)" "lifelinepregnancyhelp.org"
24.213.143.110 - - [21/Jun/2013:02:03:15 -0700] "GET /wp-login.php HTTP/1.0" 404 73 "-" "Mozilla/5.0 (Windows; U; Windows NT 5.1; ru; rv:1.9.2.3) Gecko/20100401 Firefox/3.6.3" "lifelinepregnancyhelp.org"
24.213.143.110 - - [21/Jun/2013:02:03:15 -0700] "GET /administrator/index.php HTTP/1.0" 404 73 "-" "Mozilla/5.0 (Windows; U; Windows NT 5.1; ru; rv:1.9.2.3) Gecko/20100401 Firefox/3.6.3" "lifelinepregnancyhelp.org"
24.213.143.110 - - [21/Jun/2013:02:03:15 -0700] "GET /admin.php HTTP/1.0" 404 73 "-" "Mozilla/5.0 (Windows; U; Windows NT 5.1; ru; rv:1.9.2.3) Gecko/20100401 Firefox/3.6.3" "lifelinepregnancyhelp.org"
24.213.143.110 - - [21/Jun/2013:02:03:16 -0700] "GET /user/login/index.php HTTP/1.0" 404 73 "-" "Mozilla/5.0 (Windows; U; Windows NT 5.1; ru; rv:1.9.2.3) Gecko/20100401 Firefox/3.6.3" "lifelinepregnancyhelp.org"
65.55.215.54 - - [21/Jun/2013:02:29:13 -0700] "GET /robots.txt HTTP/1.1" 404 89 "-" "msnbot-media/1.1 (+http://search.msn.com/msnbot.htm)" "www.lifelineprc.com"
65.55.215.54 - - [21/Jun/2013:02:29:14 -0700] "GET /assets/images/abortion.jpg HTTP/1.1" 200 53176 "-" "msnbot-media/1.1 (+http://search.msn.com/msnbot.htm)" "www.lifelineprc.com"
65.55.24.217 - - [21/Jun/2013:03:01:49 -0700] "GET /robots.txt HTTP/1.1" 404 89 "-" "Mozilla/5.0 (compatible; bingbot/2.0; +http://www.bing.com/bingbot.htm)" "www.lifelinepregnancyhelp.org"
173.199.119.131 - - [21/Jun/2013:03:07:32 -0700] "GET /LinnCountyPRC.html HTTP/1.1" 200 3010 "-" "Mozilla/5.0 (compatible; AhrefsBot/4.0; +http://ahrefs.com/robot/)" "www.lifelineprc.com"
157.55.35.102 - - [21/Jun/2013:04:09:12 -0700] "GET / HTTP/1.0" 200 4482 "-" "Mozilla/5.0 (compatible; bingbot/2.0; +http://www.bing.com/bingbot.htm)" "lifelineprc.com"
157.55.35.102 - - [21/Jun/2013:04:12:45 -0700] "GET / HTTP/1.0" 200 4482 "-" "Mozilla/5.0 (compatible; bingbot/2.0; +http://www.bing.com/bingbot.htm)" "lifelineprc.com"
173.199.119.131 - - [21/Jun/2013:04:46:30 -0700] "GET /dadline.html HTTP/1.1" 200 2007 "-" "Mozilla/5.0 (compatible; AhrefsBot/4.0; +http://ahrefs.com/robot/)" "www.lifelineprc.com"
37.58.52.15 - - [21/Jun/2013:07:07:04 -0700] "GET /robots.txt HTTP/1.0" 404 73 "-" "Mozilla/5.0 (compatible; AcoonBot/4.11.1; +http://www.acoon.de/robot.asp)" "www.lifelineprc.com"
37.58.52.15 - - [21/Jun/2013:07:07:05 -0700] "GET /index.html HTTP/1.0" 200 4482 "-" "Mozilla/5.0 (compatible; AcoonBot/4.11.1; +http://www.acoon.de/robot.asp)" "www.lifelineprc.com"
93.115.83.252 - - [21/Jun/2013:11:06:41 -0700] "GET /appointment.php HTTP/1.1" 200 3664 "-" "Mozilla/4.0 (compatible; MSIE 6.0; Windows NT 5.1; SV1)" "www.lifelineprc.com"
93.115.83.252 - - [21/Jun/2013:11:06:48 -0700] "POST /process.php HTTP/1.1" 200 88 "http://www.lifelineprc.com/appointment.php" "Mozilla/4.0 (compatible; MSIE 6.0; Windows NT 5.1; SV1)" "www.lifelineprc.com"
93.115.83.252 - - [21/Jun/2013:11:06:53 -0700] "GET /process.php HTTP/1.1" 200 88 "-" "Mozilla/4.0 (compatible; MSIE 6.0; Windows NT 5.1; SV1)" "www.lifelineprc.com"
93.115.83.252 - - [21/Jun/2013:11:06:54 -0700] "GET /appointment.php HTTP/1.1" 200 3664 "-" "Mozilla/4.0 (compatible; MSIE 6.0; Windows NT 5.1; SV1)" "www.lifelineprc.com"
93.115.83.252 - - [21/Jun/2013:11:06:54 -0700] "GET / HTTP/1.1" 200 4482 "-" "Mozilla/4.0 (compatible; MSIE 6.0; Windows NT 5.1; SV1)" "www.lifelineprc.com"
93.115.83.252 - - [21/Jun/2013:11:06:55 -0700] "GET /index.html HTTP/1.1" 200 4482 "-" "Mozilla/4.0 (compatible; MSIE 6.0; Windows NT 5.1; SV1)" "www.lifelineprc.com"
93.115.83.252 - - [21/Jun/2013:11:06:55 -0700] "GET /options.html HTTP/1.1" 200 5481 "-" "Mozilla/4.0 (compatible; MSIE 6.0; Windows NT 5.1; SV1)" "www.lifelineprc.com"
93.115.83.252 - - [21/Jun/2013:11:06:56 -0700] "GET /symptoms.html HTTP/1.1" 200 3401 "-" "Mozilla/4.0 (compatible; MSIE 6.0; Windows NT 5.1; SV1)" "www.lifelineprc.com"
93.115.83.252 - - [21/Jun/2013:11:06:56 -0700] "GET /abortion.html HTTP/1.1" 200 5821 "-" "Mozilla/4.0 (compatible; MSIE 6.0; Windows NT 5.1; SV1)" "www.lifelineprc.com"
93.115.83.252 - - [21/Jun/2013:11:06:56 -0700] "GET /services.html HTTP/1.1" 200 2979 "-" "Mozilla/4.0 (compatible; MSIE 6.0; Windows NT 5.1; SV1)" "www.lifelineprc.com"
93.115.83.252 - - [21/Jun/2013:11:06:57 -0700] "GET /locations.html HTTP/1.1" 200 3516 "-" "Mozilla/4.0 (compatible; MSIE 6.0; Windows NT 5.1; SV1)" "www.lifelineprc.com"
93.115.83.252 - - [21/Jun/2013:11:06:57 -0700] "GET /forMen.html HTTP/1.1" 200 3180 "-" "Mozilla/4.0 (compatible; MSIE 6.0; Windows NT 5.1; SV1)" "www.lifelineprc.com"
93.115.83.252 - - [21/Jun/2013:11:06:58 -0700] "GET /ewyl.html HTTP/1.1" 200 3085 "-" "Mozilla/4.0 (compatible; MSIE 6.0; Windows NT 5.1; SV1)" "www.lifelineprc.com"
93.115.83.252 - - [21/Jun/2013:11:06:58 -0700] "GET /postabortion.html HTTP/1.1" 200 3706 "-" "Mozilla/4.0 (compatible; MSIE 6.0; Windows NT 5.1; SV1)" "www.lifelineprc.com"
93.115.83.252 - - [21/Jun/2013:11:06:59 -0700] "GET /dadline.html HTTP/1.1" 200 2756 "-" "Mozilla/4.0 (compatible; MSIE 6.0; Windows NT 5.1; SV1)" "www.lifelineprc.com"
93.115.83.252 - - [21/Jun/2013:11:06:59 -0700] "GET /purefreedom.html HTTP/1.1" 200 3000 "-" "Mozilla/4.0 (compatible; MSIE 6.0; Windows NT 5.1; SV1)" "www.lifelineprc.com"
173.199.114.195 - - [21/Jun/2013:11:24:34 -0700] "GET /postabortion.html HTTP/1.1" 200 2317 "-" "Mozilla/5.0 (compatible; AhrefsBot/4.0; +http://ahrefs.com/robot/)" "www.lifelinepregnancyhelp.org"
157.55.33.50 - - [21/Jun/2013:11:42:18 -0700] "GET /robots.txt HTTP/1.1" 404 89 "-" "Mozilla/5.0 (compatible; bingbot/2.0; +http://www.bing.com/bingbot.htm)" "lifelinepregnancyhelp.org"
108.78.191.59 - - [21/Jun/2013:12:22:13 -0700] "GET / HTTP/1.1" 200 2586 "http://www.ramahinternational.org/missouri.html" "Mozilla/5.0 (compatible; MSIE 9.0; Windows Phone OS 7.5; Trident/5.0; IEMobile/9.0; SAMSUNG; SGH-i677)" "www.lifelineprc.com"
108.78.191.59 - - [21/Jun/2013:12:22:14 -0700] "GET /style.css HTTP/1.1" 200 1636 "http://www.ramahinternational.org/missouri.html" "Mozilla/5.0 (compatible; MSIE 9.0; Windows Phone OS 7.5; Trident/5.0; IEMobile/9.0; SAMSUNG; SGH-i677)" "www.lifelineprc.com"
108.78.191.59 - - [21/Jun/2013:12:22:14 -0700] "GET /assets/bodyBG.jpg HTTP/1.1" 200 11603 "http://www.ramahinternational.org/missouri.html" "Mozilla/5.0 (compatible; MSIE 9.0; Windows Phone OS 7.5; Trident/5.0; IEMobile/9.0; SAMSUNG; SGH-i677)" "www.lifelineprc.com"
108.78.191.59 - - [21/Jun/2013:12:22:30 -0700] "GET /services.html HTTP/1.1" 200 1876 "http://www.lifelineprc.com/" "Mozilla/5.0 (compatible; MSIE 9.0; Windows Phone OS 7.5; Trident/5.0; IEMobile/9.0; SAMSUNG; SGH-i677)" "www.lifelineprc.com"
108.78.191.59 - - [21/Jun/2013:12:22:31 -0700] "GET /assets/images/redgirl.jpg HTTP/1.1" 200 110627 "http://www.lifelineprc.com/services.html" "Mozilla/5.0 (compatible; MSIE 9.0; Windows Phone OS 7.5; Trident/5.0; IEMobile/9.0; SAMSUNG; SGH-i677)" "www.lifelineprc.com"
173.199.114.195 - - [21/Jun/2013:12:36:55 -0700] "GET /services.html HTTP/1.1" 200 1876 "-" "Mozilla/5.0 (compatible; AhrefsBot/4.0; +http://ahrefs.com/robot/)" "lifelinepregnancyhelp.org"
173.199.114.195 - - [21/Jun/2013:13:09:39 -0700] "GET /abortion.html HTTP/1.1" 200 5821 "-" "Mozilla/5.0 (compatible; AhrefsBot/4.0; +http://ahrefs.com/robot/)" "www.lifelinepregnancyhelp.org"
157.55.33.50 - - [21/Jun/2013:15:08:35 -0700] "GET /robots.txt HTTP/1.1" 404 89 "-" "Mozilla/5.0 (compatible; bingbot/2.0; +http://www.bing.com/bingbot.htm)" "www.lifelinepregnancyhelp.org"
180.76.5.13 - - [21/Jun/2013:15:20:00 -0700] "GET /ewyl.html HTTP/1.1" 200 2137 "-" "Mozilla/5.0 (compatible; Baiduspider/2.0; +http://www.baidu.com/search/spider.html)" "www.lifelinepregnancyhelp.org"
173.199.114.195 - - [21/Jun/2013:15:37:02 -0700] "GET / HTTP/1.1" 200 2477 "-" "Mozilla/5.0 (compatible; AhrefsBot/4.0; +http://ahrefs.com/robot/)" "www.lifelinepregnancyhelp.org"
