208.115.113.82 - - [13/Sep/2013:17:34:36 -0700] "GET /abortion.html HTTP/1.1" 200 6210 "-" "Mozilla/5.0 (compatible; Ezooms/1.0; ezooms.bot@gmail.com)" "lifelinepregnancyhelp.org"
220.181.108.185 - - [13/Sep/2013:18:23:42 -0700] "GET /postabortion.html HTTP/1.1" 200 2485 "-" "Mozilla/5.0 (compatible; Baiduspider/2.0; +http://www.baidu.com/search/spider.html)" "lifelineprc.com"
71.72.18.97 - - [13/Sep/2013:18:34:48 -0700] "GET /robots.txt HTTP/1.1" 404 89 "-" "SEOENGWorldBot/1.0 (+http://www.seoengine.com/seoengbot.htm)" "www.lifelineprc.com"
71.72.18.97 - - [13/Sep/2013:18:34:50 -0700] "GET /appointment.php HTTP/1.1" 200 3664 "-" "SEOENGWorldBot/1.0 (+http://www.seoengine.com/seoengbot.htm)" "www.lifelineprc.com"
157.55.32.142 - - [13/Sep/2013:18:45:14 -0700] "GET /robots.txt HTTP/1.1" 404 89 "-" "Mozilla/5.0 (compatible; bingbot/2.0; +http://www.bing.com/bingbot.htm)" "www.lifelinepregnancyhelp.org"
220.181.108.82 - - [13/Sep/2013:18:57:02 -0700] "GET /services.html HTTP/1.1" 200 2048 "-" "Mozilla/5.0 (compatible; Baiduspider/2.0; +http://www.baidu.com/search/spider.html)" "lifelineprc.com"
5.10.83.55 - - [13/Sep/2013:18:57:08 -0700] "GET /m& HTTP/1.1" 404 89 "-" "Mozilla/5.0 (compatible; AhrefsBot/5.0; +http://ahrefs.com/robot/)" "www.lifelineprc.com"
131.253.38.100 - - [13/Sep/2013:19:25:31 -0700] "GET /sitebuilder/images/navbar-1-inactive-76832.png HTTP/1.1" 200 505 "-" "msnbot-media/1.1 (+http://search.msn.com/msnbot.htm)" "www.lifelineprc.com"
65.55.215.77 - - [13/Sep/2013:19:26:19 -0700] "GET /robots.txt HTTP/1.1" 404 89 "-" "msnbot-media/1.1 (+http://search.msn.com/msnbot.htm)" "lifelineprc.com"
65.55.215.77 - - [13/Sep/2013:19:26:20 -0700] "GET /assets/images/teenMom.jpg HTTP/1.1" 200 49039 "-" "msnbot-media/1.1 (+http://search.msn.com/msnbot.htm)" "lifelineprc.com"
208.115.113.88 - - [13/Sep/2013:19:52:24 -0700] "GET /robots.txt HTTP/1.1" 404 89 "-" "Mozilla/5.0 (compatible; Ezooms/1.0; ezooms.bot@gmail.com)" "lifelineprc.com"
131.253.24.64 - - [13/Sep/2013:20:44:45 -0700] "GET /abortion.html HTTP/1.1" 200 3533 "-" "Mozilla/4.0 (compatible; MSIE 7.0; Windows NT 5.2;  SV1;  .NET CLR 1.1.4322;  .NET CLR 2.0.40607;  .NET CLR 3.0.04506.648)" "lifelinepregnancyhelp.org"
131.253.24.64 - - [13/Sep/2013:20:44:46 -0700] "GET /style.css HTTP/1.1" 200 1636 "http://lifelinepregnancyhelp.org/abortion.html" "Mozilla/4.0 (compatible; MSIE 7.0; Windows NT 5.2;  SV1;  .NET CLR 1.1.4322;  .NET CLR 2.0.40607;  .NET CLR 3.0.04506.648)" "lifelinepregnancyhelp.org"
208.115.113.88 - - [13/Sep/2013:21:11:07 -0700] "GET /services.html HTTP/1.1" 200 3368 "-" "Mozilla/5.0 (compatible; Ezooms/1.0; ezooms.bot@gmail.com)" "lifelineprc.com"
131.253.38.100 - - [13/Sep/2013:21:41:26 -0700] "GET /robots.txt HTTP/1.1" 404 89 "-" "msnbot-media/1.1 (+http://search.msn.com/msnbot.htm)" "www.lifelineprc.com"
131.253.38.100 - - [13/Sep/2013:21:41:26 -0700] "GET /sitebuilder/images/navbar-1-inactive-76832.png HTTP/1.1" 200 505 "-" "msnbot-media/1.1 (+http://search.msn.com/msnbot.htm)" "www.lifelineprc.com"
65.55.215.77 - - [13/Sep/2013:21:53:09 -0700] "GET /robots.txt HTTP/1.1" 404 89 "-" "msnbot-media/1.1 (+http://search.msn.com/msnbot.htm)" "lifelineprc.com"
65.55.215.77 - - [13/Sep/2013:21:53:10 -0700] "GET /assets/images/teenMom.jpg HTTP/1.1" 200 49039 "-" "msnbot-media/1.1 (+http://search.msn.com/msnbot.htm)" "lifelineprc.com"
5.10.83.42 - - [13/Sep/2013:22:32:17 -0700] "GET /options.html HTTP/1.1" 200 3011 "-" "Mozilla/5.0 (compatible; AhrefsBot/5.0; +http://ahrefs.com/robot/)" "www.lifelineprc.com"
208.115.113.82 - - [13/Sep/2013:23:06:37 -0700] "GET /robots.txt HTTP/1.1" 404 89 "-" "Mozilla/5.0 (compatible; Ezooms/1.0; ezooms.bot@gmail.com)" "lifelinepregnancyhelp.org"
220.181.89.166 - - [13/Sep/2013:23:09:28 -0700] "GET / HTTP/1.1" 200 2474 "-" "Sogou web spider/4.0(+http://www.sogou.com/docs/help/webmasters.htm#07)" "lifelineprc.com"
220.181.89.166 - - [13/Sep/2013:23:39:39 -0700] "GET / HTTP/1.1" 200 2476 "-" "Sogou web spider/4.0(+http://www.sogou.com/docs/help/webmasters.htm#07)" "lifelineprc.com"
5.10.83.79 - - [14/Sep/2013:00:20:17 -0700] "GET /m& HTTP/1.1" 404 89 "-" "Mozilla/5.0 (compatible; AhrefsBot/5.0; +http://ahrefs.com/robot/)" "www.lifelinepregnancyhelp.org"
5.10.83.16 - - [14/Sep/2013:00:32:30 -0700] "GET /forMen.html HTTP/1.1" 200 2331 "-" "Mozilla/5.0 (compatible; AhrefsBot/5.0; +http://ahrefs.com/robot/)" "lifelinepregnancyhelp.org"
180.76.5.103 - - [14/Sep/2013:00:35:45 -0700] "GET /appointment.php HTTP/1.1" 200 1618 "-" "Mozilla/5.0 (compatible; Baiduspider/2.0; +http://www.baidu.com/search/spider.html)" "www.lifelinepregnancyhelp.org"
71.72.18.97 - - [14/Sep/2013:01:01:07 -0700] "GET /robots.txt HTTP/1.1" 404 89 "-" "SEOENGWorldBot/1.0 (+http://www.seoengine.com/seoengbot.htm)" "www.lifelineprc.com"
71.72.18.97 - - [14/Sep/2013:01:01:07 -0700] "GET /options.html HTTP/1.1" 200 5870 "-" "SEOENGWorldBot/1.0 (+http://www.seoengine.com/seoengbot.htm)" "www.lifelineprc.com"
65.55.213.59 - - [14/Sep/2013:01:14:43 -0700] "GET /services.html HTTP/1.1" 200 3368 "-" "Mozilla/4.0 (compatible; MSIE 7.0; Windows NT 5.2;  SLCC1;  .NET CLR 1.1.4325;  .NET CLR 2.0.50727)" "www.lifelineprc.com"
65.55.213.59 - - [14/Sep/2013:01:14:44 -0700] "GET /style.css HTTP/1.1" 200 1636 "http://www.lifelineprc.com/services.html" "Mozilla/4.0 (compatible; MSIE 7.0; Windows NT 5.2;  SLCC1;  .NET CLR 1.1.4325;  .NET CLR 2.0.50727)" "www.lifelineprc.com"
24.84.88.127 - - [14/Sep/2013:01:23:44 -0700] "GET / HTTP/1.1" 200 2586 "-" "Mozilla/5.0 (Windows NT 5.1; rv:8.0) Gecko/20100101 Firefox/8.0" "lifelineprc.com"
24.84.88.127 - - [14/Sep/2013:01:23:45 -0700] "GET /login.php HTTP/1.1" 404 89 "-" "Mozilla/5.0 (Windows NT 5.1; rv:8.0) Gecko/20100101 Firefox/8.0" "lifelineprc.com"
71.72.18.97 - - [14/Sep/2013:01:26:30 -0700] "GET /robots.txt HTTP/1.1" 404 89 "-" "SEOENGWorldBot/1.0 (+http://www.seoengine.com/seoengbot.htm)" "www.lifelineprc.com"
71.72.18.97 - - [14/Sep/2013:01:26:30 -0700] "GET /symptoms.html HTTP/1.1" 200 3790 "-" "SEOENGWorldBot/1.0 (+http://www.seoengine.com/seoengbot.htm)" "www.lifelineprc.com"
46.229.170.197 - - [14/Sep/2013:01:34:42 -0700] "GET / HTTP/1.1" 200 4482 "-" "Opera/9.50 (Windows NT 5.1; U; nn)" "lifelineprc.com"
157.55.36.45 - - [14/Sep/2013:02:00:08 -0700] "GET /robots.txt HTTP/1.1" 404 89 "-" "Mozilla/5.0 (compatible; bingbot/2.0; +http://www.bing.com/bingbot.htm)" "lifelinepregnancyhelp.org"
61.135.190.220 - - [14/Sep/2013:02:04:32 -0700] "GET / HTTP/1.1" 200 2586 "http://www.baidu.com/s?wd=LifelinePregnancyHelpClinic" "Mozilla/5.0 (Windows; U; Windows NT 5.1; zh-CN; rv:1.9.2.15) Gecko/20110303 Firefox/3.6.15" "lifelineprc.com"
71.72.18.97 - - [14/Sep/2013:02:18:45 -0700] "GET /robots.txt HTTP/1.1" 404 89 "-" "SEOENGWorldBot/1.0 (+http://www.seoengine.com/seoengbot.htm)" "www.lifelineprc.com"
5.10.83.55 - - [14/Sep/2013:02:35:27 -0700] "GET /services.html HTTP/1.1" 200 2048 "-" "Mozilla/5.0 (compatible; AhrefsBot/5.0; +http://ahrefs.com/robot/)" "www.lifelineprc.com"
71.72.18.97 - - [14/Sep/2013:03:00:41 -0700] "GET /robots.txt HTTP/1.1" 404 89 "-" "SEOENGWorldBot/1.0 (+http://www.seoengine.com/seoengbot.htm)" "www.lifelinepregnancyhelp.org"
71.72.18.97 - - [14/Sep/2013:03:00:41 -0700] "GET /index.html HTTP/1.1" 200 4871 "-" "SEOENGWorldBot/1.0 (+http://www.seoengine.com/seoengbot.htm)" "www.lifelinepregnancyhelp.org"
71.72.18.97 - - [14/Sep/2013:03:02:16 -0700] "GET /robots.txt HTTP/1.1" 404 89 "-" "SEOENGWorldBot/1.0 (+http://www.seoengine.com/seoengbot.htm)" "www.lifelineprc.com"
71.72.18.97 - - [14/Sep/2013:03:02:17 -0700] "GET /ewyl.html HTTP/1.1" 200 3474 "-" "SEOENGWorldBot/1.0 (+http://www.seoengine.com/seoengbot.htm)" "www.lifelineprc.com"
5.10.83.34 - - [14/Sep/2013:03:12:56 -0700] "GET /m& HTTP/1.1" 404 89 "-" "Mozilla/5.0 (compatible; AhrefsBot/5.0; +http://ahrefs.com/robot/)" "lifelinepregnancyhelp.org"
71.72.18.97 - - [14/Sep/2013:03:25:28 -0700] "GET /robots.txt HTTP/1.1" 404 89 "-" "SEOENGWorldBot/1.0 (+http://www.seoengine.com/seoengbot.htm)" "www.lifelinepregnancyhelp.org"
71.72.18.97 - - [14/Sep/2013:03:25:29 -0700] "GET /options.html HTTP/1.1" 200 5870 "-" "SEOENGWorldBot/1.0 (+http://www.seoengine.com/seoengbot.htm)" "www.lifelinepregnancyhelp.org"
71.72.18.97 - - [14/Sep/2013:04:15:12 -0700] "GET /robots.txt HTTP/1.1" 404 89 "-" "SEOENGWorldBot/1.0 (+http://www.seoengine.com/seoengbot.htm)" "www.lifelinepregnancyhelp.org"
71.72.18.97 - - [14/Sep/2013:04:15:12 -0700] "GET /services.html HTTP/1.1" 200 3368 "-" "SEOENGWorldBot/1.0 (+http://www.seoengine.com/seoengbot.htm)" "www.lifelinepregnancyhelp.org"
71.72.18.97 - - [14/Sep/2013:04:50:14 -0700] "GET /locations.html HTTP/1.1" 200 3905 "-" "SEOENGWorldBot/1.0 (+http://www.seoengine.com/seoengbot.htm)" "www.lifelinepregnancyhelp.org"
24.84.88.127 - - [14/Sep/2013:05:19:01 -0700] "GET / HTTP/1.1" 200 2585 "-" "Mozilla/5.0 (Windows NT 5.1; rv:8.0) Gecko/20100101 Firefox/8.0" "lifelineprc.com"
24.84.88.127 - - [14/Sep/2013:05:19:22 -0700] "GET /register/ HTTP/1.1" 404 89 "-" "Mozilla/5.0 (Windows NT 5.1; rv:8.0) Gecko/20100101 Firefox/8.0" "lifelineprc.com"
24.84.88.127 - - [14/Sep/2013:05:19:26 -0700] "GET /signup.php HTTP/1.1" 404 89 "-" "Mozilla/5.0 (Windows NT 5.1; rv:8.0) Gecko/20100101 Firefox/8.0" "lifelineprc.com"
178.137.88.120 - - [14/Sep/2013:05:46:33 -0700] "GET / HTTP/1.1" 200 4482 "http://13-e.ru/" "Mozilla/4.0 (compatible; MSIE 6.0; Windows XP)" "lifelineprc.com"
178.137.88.120 - - [14/Sep/2013:05:46:33 -0700] "GET / HTTP/1.1" 200 4482 "http://xn--h1abengdgi.xn--p1ai/" "Mozilla/4.0 (compatible; MSIE 6.0; Windows XP)" "lifelineprc.com"
178.137.88.120 - - [14/Sep/2013:05:46:34 -0700] "GET / HTTP/1.1" 200 4482 "http://xn--h1abengdgi.xn--p1ai/" "Mozilla/4.0 (compatible; MSIE 6.0; Windows XP)" "lifelineprc.com"
178.137.88.120 - - [14/Sep/2013:05:46:34 -0700] "GET / HTTP/1.1" 200 4482 "http://13-e.ru/" "Mozilla/4.0 (compatible; MSIE 6.0; Windows XP)" "lifelineprc.com"
178.137.88.120 - - [14/Sep/2013:05:46:35 -0700] "GET / HTTP/1.1" 200 4482 "http://13-e.ru/" "Mozilla/4.0 (compatible; MSIE 6.0; Windows XP)" "lifelineprc.com"
178.137.88.120 - - [14/Sep/2013:05:46:35 -0700] "GET / HTTP/1.1" 200 4482 "http://xn--h1abengdgi.xn--p1ai/" "Mozilla/4.0 (compatible; MSIE 6.0; Windows XP)" "lifelineprc.com"
195.242.218.133 - - [14/Sep/2013:05:50:06 -0700] "GET / HTTP/1.1" 200 4482 "http://content-bis.com.ru/" "Mozilla/4.0 (compatible; MSIE 6.0; Windows NT 5.1; MRA 4.3 (build 01218); .NET CLR 1.1.4322)" "lifelineprc.com"
195.242.218.133 - - [14/Sep/2013:05:50:07 -0700] "GET / HTTP/1.1" 200 4482 "http://content-bis.com.ru/" "Mozilla/4.0 (compatible; MSIE 6.0; Windows NT 5.1; MRA 4.3 (build 01218); .NET CLR 1.1.4322)" "lifelineprc.com"
195.242.218.133 - - [14/Sep/2013:05:50:08 -0700] "GET / HTTP/1.1" 200 4482 "http://content-bis.com.ru/" "Mozilla/4.0 (compatible; MSIE 6.0; Windows NT 5.1; MRA 4.3 (build 01218); .NET CLR 1.1.4322)" "lifelineprc.com"
71.72.18.97 - - [14/Sep/2013:06:07:31 -0700] "GET /robots.txt HTTP/1.1" 404 89 "-" "SEOENGWorldBot/1.0 (+http://www.seoengine.com/seoengbot.htm)" "www.lifelinepregnancyhelp.org"
71.72.18.97 - - [14/Sep/2013:06:07:31 -0700] "GET /postabortion.html HTTP/1.1" 200 4095 "-" "SEOENGWorldBot/1.0 (+http://www.seoengine.com/seoengbot.htm)" "www.lifelinepregnancyhelp.org"
180.76.5.157 - - [14/Sep/2013:06:51:07 -0700] "GET /forMen.html HTTP/1.1" 200 2330 "-" "Mozilla/5.0 (compatible; Baiduspider/2.0; +http://www.baidu.com/search/spider.html)" "lifelineprc.com"
208.115.111.72 - - [14/Sep/2013:06:51:51 -0700] "GET /purefreedom.html HTTP/1.1" 200 3389 "-" "Mozilla/5.0 (compatible; Ezooms/1.0; ezooms.bot@gmail.com)" "www.lifelineprc.com"
180.76.5.179 - - [14/Sep/2013:07:06:07 -0700] "GET /symptoms.html HTTP/1.1" 200 2399 "-" "Mozilla/5.0 (compatible; Baiduspider/2.0; +http://www.baidu.com/search/spider.html)" "lifelineprc.com"
208.115.113.82 - - [14/Sep/2013:07:06:20 -0700] "GET /robots.txt HTTP/1.1" 404 89 "-" "Mozilla/5.0 (compatible; Ezooms/1.0; ezooms.bot@gmail.com)" "www.lifelinepregnancyhelp.org"
184.155.91.216 - - [14/Sep/2013:07:12:51 -0700] "GET / HTTP/1.1" 200 2587 "http://www.bing.com/search?q=lifeline+crisis+pregnancy+center+Kirksville%2C+mo&qs=n&form=QBRE&pq=lifeline+crisis+pregnancy+center+kirksville%2C+mo&sc=0-33&sp=-1&sk=&cvid=10453d0856df4d79a164bfc9a0cb2a33" "Mozilla/5.0 (Windows NT 6.0; WOW64; rv:23.0) Gecko/20100101 Firefox/23.0" "lifelineprc.com"
184.155.91.216 - - [14/Sep/2013:07:12:51 -0700] "GET /assets/bodyBG.jpg HTTP/1.1" 200 11603 "http://lifelineprc.com/style.css" "Mozilla/5.0 (Windows NT 6.0; WOW64; rv:23.0) Gecko/20100101 Firefox/23.0" "lifelineprc.com"
184.155.91.216 - - [14/Sep/2013:07:12:52 -0700] "GET /favicon.ico HTTP/1.1" 404 89 "-" "Mozilla/5.0 (Windows NT 6.0; WOW64; rv:23.0) Gecko/20100101 Firefox/23.0" "lifelineprc.com"
184.155.91.216 - - [14/Sep/2013:07:13:39 -0700] "GET /index.html HTTP/1.1" 200 2647 "http://lifelineprc.com/" "Mozilla/5.0 (Windows NT 6.0; WOW64; rv:23.0) Gecko/20100101 Firefox/23.0" "lifelineprc.com"
184.155.91.216 - - [14/Sep/2013:07:14:19 -0700] "GET /assets/images/lobby.jpg HTTP/1.1" 200 25459 "http://lifelineprc.com/locations.html" "Mozilla/5.0 (Windows NT 6.0; WOW64; rv:23.0) Gecko/20100101 Firefox/23.0" "lifelineprc.com"
184.155.91.216 - - [14/Sep/2013:07:14:32 -0700] "GET /ewyl.html HTTP/1.1" 200 2304 "http://lifelineprc.com/locations.html" "Mozilla/5.0 (Windows NT 6.0; WOW64; rv:23.0) Gecko/20100101 Firefox/23.0" "lifelineprc.com"
184.155.91.216 - - [14/Sep/2013:07:14:58 -0700] "GET /assets/images/redgirl.jpg HTTP/1.1" 200 110627 "http://lifelineprc.com/services.html" "Mozilla/5.0 (Windows NT 6.0; WOW64; rv:23.0) Gecko/20100101 Firefox/23.0" "lifelineprc.com"
178.137.88.120 - - [14/Sep/2013:08:36:28 -0700] "GET / HTTP/1.1" 200 4482 "http://www.pro-body.co.il/" "Mozilla/4.0 (compatible; MSIE 6.0; Windows XP)" "lifelineprc.com"
178.137.88.120 - - [14/Sep/2013:08:36:29 -0700] "GET / HTTP/1.1" 200 4482 "http://www.pro-body.co.il/" "Mozilla/4.0 (compatible; MSIE 6.0; Windows XP)" "lifelineprc.com"
178.137.88.120 - - [14/Sep/2013:08:36:30 -0700] "GET / HTTP/1.1" 200 4482 "http://www.pro-body.co.il/" "Mozilla/4.0 (compatible; MSIE 6.0; Windows XP)" "lifelineprc.com"
178.137.92.229 - - [14/Sep/2013:09:38:06 -0700] "GET / HTTP/1.1" 200 4482 "http://samsung-servicemanuals.ru/" "Mozilla/4.0 (compatible; MSIE 6.0; Windows XP)" "lifelineprc.com"
178.137.92.229 - - [14/Sep/2013:09:38:07 -0700] "GET / HTTP/1.1" 200 4482 "http://kabinanadom.ru/" "Mozilla/4.0 (compatible; MSIE 6.0; Windows XP)" "lifelineprc.com"
178.137.92.229 - - [14/Sep/2013:09:38:07 -0700] "GET / HTTP/1.1" 200 4482 "http://samsung-servicemanuals.ru/" "Mozilla/4.0 (compatible; MSIE 6.0; Windows XP)" "lifelineprc.com"
178.137.92.229 - - [14/Sep/2013:09:38:08 -0700] "GET / HTTP/1.1" 200 4482 "http://kabinanadom.ru/" "Mozilla/4.0 (compatible; MSIE 6.0; Windows XP)" "lifelineprc.com"
178.137.92.229 - - [14/Sep/2013:09:38:08 -0700] "GET / HTTP/1.1" 200 4482 "http://samsung-servicemanuals.ru/" "Mozilla/4.0 (compatible; MSIE 6.0; Windows XP)" "lifelineprc.com"
81.144.138.34 - - [14/Sep/2013:10:19:44 -0700] "GET /robots.txt HTTP/1.1" 404 89 "-" "Wotbox/2.01 (+http://www.wotbox.com/bot/)" "www.lifelineprc.com"
81.144.138.34 - - [14/Sep/2013:10:19:57 -0700] "GET / HTTP/1.1" 200 2474 "-" "Wotbox/2.01 (+http://www.wotbox.com/bot/)" "www.lifelineprc.com"
81.144.138.34 - - [14/Sep/2013:10:20:06 -0700] "GET /index.html HTTP/1.1" 200 2646 "-" "Wotbox/2.01 (+http://www.wotbox.com/bot/)" "www.lifelineprc.com"
81.144.138.34 - - [14/Sep/2013:10:20:25 -0700] "GET /options.html HTTP/1.1" 200 3013 "-" "Wotbox/2.01 (+http://www.wotbox.com/bot/)" "www.lifelineprc.com"
81.144.138.34 - - [14/Sep/2013:10:20:34 -0700] "GET /symptoms.html HTTP/1.1" 200 2399 "-" "Wotbox/2.01 (+http://www.wotbox.com/bot/)" "www.lifelineprc.com"
81.144.138.34 - - [14/Sep/2013:10:20:46 -0700] "GET /services.html HTTP/1.1" 200 2048 "-" "Wotbox/2.01 (+http://www.wotbox.com/bot/)" "www.lifelineprc.com"
81.144.138.34 - - [14/Sep/2013:10:20:52 -0700] "GET /locations.html HTTP/1.1" 200 2130 "-" "Wotbox/2.01 (+http://www.wotbox.com/bot/)" "www.lifelineprc.com"
81.144.138.34 - - [14/Sep/2013:10:21:04 -0700] "GET /forMen.html HTTP/1.1" 200 2332 "-" "Wotbox/2.01 (+http://www.wotbox.com/bot/)" "www.lifelineprc.com"
81.144.138.34 - - [14/Sep/2013:10:21:11 -0700] "GET /ewyl.html HTTP/1.1" 200 2304 "-" "Wotbox/2.01 (+http://www.wotbox.com/bot/)" "www.lifelineprc.com"
81.144.138.34 - - [14/Sep/2013:10:21:17 -0700] "GET /postabortion.html HTTP/1.1" 200 2485 "-" "Wotbox/2.01 (+http://www.wotbox.com/bot/)" "www.lifelineprc.com"
81.144.138.34 - - [14/Sep/2013:10:21:24 -0700] "GET /dadline.html HTTP/1.1" 200 2180 "-" "Wotbox/2.01 (+http://www.wotbox.com/bot/)" "www.lifelineprc.com"
81.144.138.34 - - [14/Sep/2013:10:21:31 -0700] "GET /purefreedom.html HTTP/1.1" 200 2269 "-" "Wotbox/2.01 (+http://www.wotbox.com/bot/)" "www.lifelineprc.com"
5.10.83.62 - - [14/Sep/2013:10:49:44 -0700] "GET /purefreedom.html HTTP/1.1" 200 2270 "-" "Mozilla/5.0 (compatible; AhrefsBot/5.0; +http://ahrefs.com/robot/)" "lifelinepregnancyhelp.org"
91.207.4.206 - - [14/Sep/2013:10:55:52 -0700] "GET / HTTP/1.1" 200 4482 "http://sait-znakomstvip.ru/" "Mozilla/4.0 (compatible; MSIE 6.0; Windows NT 5.1; FREE; .NET CLR 1.1.4322)" "lifelineprc.com"
91.207.4.206 - - [14/Sep/2013:10:55:53 -0700] "GET / HTTP/1.1" 200 4482 "http://sait-znakomstvip.ru/" "Mozilla/4.0 (compatible; MSIE 6.0; Windows NT 5.1; FREE; .NET CLR 1.1.4322)" "lifelineprc.com"
91.207.4.206 - - [14/Sep/2013:10:55:57 -0700] "GET / HTTP/1.1" 200 4482 "http://sait-znakomstvip.ru/" "Mozilla/4.0 (compatible; MSIE 6.0; Windows NT 5.1; FREE; .NET CLR 1.1.4322)" "lifelineprc.com"
180.76.6.36 - - [14/Sep/2013:11:16:31 -0700] "GET / HTTP/1.1" 200 2475 "-" "Mozilla/5.0 (compatible; Baiduspider/2.0; +http://www.baidu.com/search/spider.html)" "lifelineprc.com"
208.115.113.82 - - [14/Sep/2013:15:07:28 -0700] "GET /robots.txt HTTP/1.1" 404 89 "-" "Mozilla/5.0 (compatible; Ezooms/1.0; ezooms.bot@gmail.com)" "www.lifelinepregnancyhelp.org"
5.10.83.79 - - [14/Sep/2013:15:44:35 -0700] "GET /index.html HTTP/1.1" 200 2647 "-" "Mozilla/5.0 (compatible; AhrefsBot/5.0; +http://ahrefs.com/robot/)" "www.lifelinepregnancyhelp.org"
208.115.113.82 - - [14/Sep/2013:16:52:10 -0700] "GET /index.html HTTP/1.1" 200 4871 "-" "Mozilla/5.0 (compatible; Ezooms/1.0; ezooms.bot@gmail.com)" "www.lifelinepregnancyhelp.org"
