5.10.83.12 - - [18/Jul/2013:17:17:33 -0700] "GET /forMen.html HTTP/1.1" 200 2154 "-" "Mozilla/5.0 (compatible; AhrefsBot/5.0; +http://ahrefs.com/robot/)" "www.lifelineprc.com"
157.55.32.233 - - [18/Jul/2013:17:23:07 -0700] "GET /robots.txt HTTP/1.1" 404 89 "-" "Mozilla/5.0 (compatible; bingbot/2.0; +http://www.bing.com/bingbot.htm)" "lifelinepregnancyhelp.org"
5.10.83.12 - - [18/Jul/2013:17:34:09 -0700] "GET /options.html HTTP/1.1" 200 2843 "-" "Mozilla/5.0 (compatible; AhrefsBot/5.0; +http://ahrefs.com/robot/)" "www.lifelineprc.com"
218.30.103.86 - - [18/Jul/2013:17:46:35 -0700] "GET /robots.txt HTTP/1.1" 404 89 "-" "Sogou web spider/4.0(+http://www.sogou.com/docs/help/webmasters.htm#07)" "lifelineprc.com"
5.10.83.12 - - [18/Jul/2013:17:48:15 -0700] "GET /index.html HTTP/1.1" 200 2477 "-" "Mozilla/5.0 (compatible; AhrefsBot/5.0; +http://ahrefs.com/robot/)" "www.lifelineprc.com"
180.76.5.161 - - [18/Jul/2013:17:51:01 -0700] "GET / HTTP/1.1" 200 2476 "-" "Mozilla/5.0 (compatible; Baiduspider/2.0; +http://www.baidu.com/search/spider.html)" "lifelinepregnancyhelp.org"
5.10.83.12 - - [18/Jul/2013:18:00:20 -0700] "GET / HTTP/1.1" 200 2475 "-" "Mozilla/5.0 (compatible; AhrefsBot/5.0; +http://ahrefs.com/robot/)" "www.lifelineprc.com"
5.10.83.12 - - [18/Jul/2013:18:18:21 -0700] "GET /services.html HTTP/1.1" 200 1876 "-" "Mozilla/5.0 (compatible; AhrefsBot/5.0; +http://ahrefs.com/robot/)" "www.lifelineprc.com"
5.10.83.12 - - [18/Jul/2013:18:20:59 -0700] "GET /abortion.html HTTP/1.1" 200 3238 "-" "Mozilla/5.0 (compatible; AhrefsBot/5.0; +http://ahrefs.com/robot/)" "www.lifelineprc.com"
208.115.113.82 - - [18/Jul/2013:19:03:24 -0700] "GET /robots.txt HTTP/1.1" 404 89 "-" "Mozilla/5.0 (compatible; Ezooms/1.0; ezooms.bot@gmail.com)" "lifelinepregnancyhelp.org"
206.225.83.83 - - [18/Jul/2013:19:12:07 -0700] "GET / HTTP/1.1" 200 2587 "-" "Mozilla/5.0 (Windows; U; Windows NT 6.0; en-US) AppleWebKit/532.0 (KHTML, like Gecko) Chrome/3.0.195.25 Safari/532.0" "www.lifelineprc.com"
206.225.83.83 - - [18/Jul/2013:19:12:07 -0700] "GET /services.html HTTP/1.1" 200 1985 "-" "Mozilla/5.0 (Windows; U; Windows NT 6.0; en-US) AppleWebKit/532.0 (KHTML, like Gecko) Chrome/3.0.195.25 Safari/532.0" "www.lifelineprc.com"
199.30.20.75 - - [18/Jul/2013:20:50:10 -0700] "GET /assets/images/ewyl.png HTTP/1.1" 200 131183 "-" "msnbot-media/1.1 (+http://search.msn.com/msnbot.htm)" "lifelinepregnancyhelp.org"
71.72.18.97 - - [18/Jul/2013:22:13:05 -0700] "GET /robots.txt HTTP/1.1" 404 89 "-" "SEOENGWorldBot/1.0 (+http://www.seoengine.com/seoengbot.htm)" "www.lifelinepregnancyhelp.org"
71.72.18.97 - - [18/Jul/2013:22:13:05 -0700] "GET /symptoms.html HTTP/1.1" 200 3401 "-" "SEOENGWorldBot/1.0 (+http://www.seoengine.com/seoengbot.htm)" "www.lifelinepregnancyhelp.org"
71.72.18.97 - - [18/Jul/2013:22:36:04 -0700] "GET /robots.txt HTTP/1.1" 404 89 "-" "SEOENGWorldBot/1.0 (+http://www.seoengine.com/seoengbot.htm)" "www.lifelineprc.com"
71.72.18.97 - - [18/Jul/2013:22:36:04 -0700] "GET /index.html HTTP/1.1" 200 4482 "-" "SEOENGWorldBot/1.0 (+http://www.seoengine.com/seoengbot.htm)" "www.lifelineprc.com"
157.55.32.62 - - [18/Jul/2013:22:47:55 -0700] "GET /robots.txt HTTP/1.1" 404 89 "-" "Mozilla/5.0 (compatible; bingbot/2.0; +http://www.bing.com/bingbot.htm)" "www.lifelinepregnancyhelp.org"
71.72.18.97 - - [18/Jul/2013:22:50:37 -0700] "GET /abortion.html HTTP/1.1" 200 5821 "-" "SEOENGWorldBot/1.0 (+http://www.seoengine.com/seoengbot.htm)" "www.lifelinepregnancyhelp.org"
5.10.83.81 - - [18/Jul/2013:23:09:49 -0700] "GET /m& HTTP/1.1" 404 89 "-" "Mozilla/5.0 (compatible; AhrefsBot/5.0; +http://ahrefs.com/robot/)" "lifelinepregnancyhelp.org"
195.242.218.133 - - [18/Jul/2013:23:13:25 -0700] "GET / HTTP/1.1" 200 4482 "http://www.bsn.ru/" "Mozilla/0.91 Beta (Windows)" "lifelineprc.com"
195.242.218.133 - - [18/Jul/2013:23:13:29 -0700] "GET / HTTP/1.1" 200 4482 "http://www.bsn.ru/" "Mozilla/0.91 Beta (Windows)" "lifelineprc.com"
5.10.83.81 - - [18/Jul/2013:23:19:34 -0700] "GET /purefreedom.html HTTP/1.1" 200 2097 "-" "Mozilla/5.0 (compatible; AhrefsBot/5.0; +http://ahrefs.com/robot/)" "www.lifelinepregnancyhelp.org"
5.10.83.48 - - [18/Jul/2013:23:34:28 -0700] "GET /locations.html HTTP/1.1" 200 1959 "-" "Mozilla/5.0 (compatible; AhrefsBot/5.0; +http://ahrefs.com/robot/)" "www.lifelineprc.com"
5.10.83.81 - - [18/Jul/2013:23:36:58 -0700] "GET /symptoms.html HTTP/1.1" 200 2223 "-" "Mozilla/5.0 (compatible; AhrefsBot/5.0; +http://ahrefs.com/robot/)" "www.lifelinepregnancyhelp.org"
5.10.83.81 - - [18/Jul/2013:23:46:57 -0700] "GET /forMen.html HTTP/1.1" 200 2154 "-" "Mozilla/5.0 (compatible; AhrefsBot/5.0; +http://ahrefs.com/robot/)" "lifelinepregnancyhelp.org"
5.10.83.81 - - [18/Jul/2013:23:50:36 -0700] "GET /postabortion.html HTTP/1.1" 200 2321 "-" "Mozilla/5.0 (compatible; AhrefsBot/5.0; +http://ahrefs.com/robot/)" "www.lifelinepregnancyhelp.org"
5.10.83.81 - - [19/Jul/2013:00:03:11 -0700] "GET /symptoms.html HTTP/1.1" 200 2221 "-" "Mozilla/5.0 (compatible; AhrefsBot/5.0; +http://ahrefs.com/robot/)" "lifelinepregnancyhelp.org"
5.10.83.81 - - [19/Jul/2013:00:03:53 -0700] "GET /abortion.html HTTP/1.1" 200 3236 "-" "Mozilla/5.0 (compatible; AhrefsBot/5.0; +http://ahrefs.com/robot/)" "www.lifelinepregnancyhelp.org"
5.10.83.81 - - [19/Jul/2013:00:09:06 -0700] "GET /locations.html HTTP/1.1" 200 1958 "-" "Mozilla/5.0 (compatible; AhrefsBot/5.0; +http://ahrefs.com/robot/)" "www.lifelinepregnancyhelp.org"
5.10.83.81 - - [19/Jul/2013:00:09:16 -0700] "GET /services.html HTTP/1.1" 200 1875 "-" "Mozilla/5.0 (compatible; AhrefsBot/5.0; +http://ahrefs.com/robot/)" "lifelinepregnancyhelp.org"
5.10.83.81 - - [19/Jul/2013:00:11:35 -0700] "GET /locations.html HTTP/1.1" 200 1958 "-" "Mozilla/5.0 (compatible; AhrefsBot/5.0; +http://ahrefs.com/robot/)" "lifelinepregnancyhelp.org"
71.72.18.97 - - [19/Jul/2013:00:16:54 -0700] "GET /robots.txt HTTP/1.1" 404 89 "-" "SEOENGWorldBot/1.0 (+http://www.seoengine.com/seoengbot.htm)" "www.lifelineprc.com"
71.72.18.97 - - [19/Jul/2013:00:16:54 -0700] "GET /services.html HTTP/1.1" 200 2979 "-" "SEOENGWorldBot/1.0 (+http://www.seoengine.com/seoengbot.htm)" "www.lifelineprc.com"
5.10.83.48 - - [19/Jul/2013:00:26:33 -0700] "GET /abortion.html HTTP/1.1" 200 3236 "-" "Mozilla/5.0 (compatible; AhrefsBot/5.0; +http://ahrefs.com/robot/)" "www.lifelineprc.com"
5.10.83.81 - - [19/Jul/2013:00:29:17 -0700] "GET /m& HTTP/1.1" 404 89 "-" "Mozilla/5.0 (compatible; AhrefsBot/5.0; +http://ahrefs.com/robot/)" "www.lifelinepregnancyhelp.org"
5.10.83.81 - - [19/Jul/2013:00:30:42 -0700] "GET /options.html HTTP/1.1" 200 5481 "-" "Mozilla/5.0 (compatible; AhrefsBot/5.0; +http://ahrefs.com/robot/)" "lifelinepregnancyhelp.org"
5.10.83.81 - - [19/Jul/2013:00:43:57 -0700] "GET /options.html HTTP/1.1" 200 2844 "-" "Mozilla/5.0 (compatible; AhrefsBot/5.0; +http://ahrefs.com/robot/)" "www.lifelinepregnancyhelp.org"
5.10.83.48 - - [19/Jul/2013:00:44:28 -0700] "GET /m& HTTP/1.1" 404 89 "-" "Mozilla/5.0 (compatible; AhrefsBot/5.0; +http://ahrefs.com/robot/)" "www.lifelineprc.com"
5.10.83.48 - - [19/Jul/2013:00:49:08 -0700] "GET /symptoms.html HTTP/1.1" 200 2223 "-" "Mozilla/5.0 (compatible; AhrefsBot/5.0; +http://ahrefs.com/robot/)" "www.lifelineprc.com"
5.10.83.81 - - [19/Jul/2013:00:51:31 -0700] "GET /postabortion.html HTTP/1.1" 200 3706 "-" "Mozilla/5.0 (compatible; AhrefsBot/5.0; +http://ahrefs.com/robot/)" "lifelinepregnancyhelp.org"
5.10.83.81 - - [19/Jul/2013:00:51:47 -0700] "GET /appointment.php HTTP/1.1" 200 1618 "-" "Mozilla/5.0 (compatible; AhrefsBot/5.0; +http://ahrefs.com/robot/)" "www.lifelinepregnancyhelp.org"
5.10.83.81 - - [19/Jul/2013:00:53:40 -0700] "GET /abortion.html HTTP/1.1" 200 3237 "-" "Mozilla/5.0 (compatible; AhrefsBot/5.0; +http://ahrefs.com/robot/)" "lifelinepregnancyhelp.org"
5.10.83.81 - - [19/Jul/2013:00:56:03 -0700] "GET /dadline.html HTTP/1.1" 200 2009 "-" "Mozilla/5.0 (compatible; AhrefsBot/5.0; +http://ahrefs.com/robot/)" "www.lifelinepregnancyhelp.org"
5.10.83.48 - - [19/Jul/2013:00:57:07 -0700] "GET /ewyl.html HTTP/1.1" 200 2136 "-" "Mozilla/5.0 (compatible; AhrefsBot/5.0; +http://ahrefs.com/robot/)" "www.lifelineprc.com"
5.10.83.48 - - [19/Jul/2013:00:57:35 -0700] "GET /purefreedom.html HTTP/1.1" 200 2096 "-" "Mozilla/5.0 (compatible; AhrefsBot/5.0; +http://ahrefs.com/robot/)" "www.lifelineprc.com"
65.55.215.77 - - [19/Jul/2013:01:33:29 -0700] "GET /robots.txt HTTP/1.1" 404 89 "-" "msnbot-media/1.1 (+http://search.msn.com/msnbot.htm)" "www.lifelineprc.com"
71.72.18.97 - - [19/Jul/2013:01:37:16 -0700] "GET /forMen.html HTTP/1.1" 200 3180 "-" "SEOENGWorldBot/1.0 (+http://www.seoengine.com/seoengbot.htm)" "www.lifelineprc.com"
208.115.111.72 - - [19/Jul/2013:01:46:39 -0700] "GET /robots.txt HTTP/1.1" 404 89 "-" "Mozilla/5.0 (compatible; Ezooms/1.0; ezooms.bot@gmail.com)" "www.lifelineprc.com"
71.72.18.97 - - [19/Jul/2013:01:57:06 -0700] "GET /robots.txt HTTP/1.1" 404 89 "-" "SEOENGWorldBot/1.0 (+http://www.seoengine.com/seoengbot.htm)" "www.lifelineprc.com"
71.72.18.97 - - [19/Jul/2013:01:57:07 -0700] "GET /appointment.php HTTP/1.1" 200 3664 "-" "SEOENGWorldBot/1.0 (+http://www.seoengine.com/seoengbot.htm)" "www.lifelineprc.com"
180.76.5.163 - - [19/Jul/2013:01:57:28 -0700] "GET /abortion.html HTTP/1.1" 200 3237 "-" "Mozilla/5.0 (compatible; Baiduspider/2.0; +http://www.baidu.com/search/spider.html)" "lifelinepregnancyhelp.org"
157.56.92.158 - - [19/Jul/2013:02:05:37 -0700] "GET /robots.txt HTTP/1.1" 404 89 "-" "Mozilla/5.0 (compatible; bingbot/2.0; +http://www.bing.com/bingbot.htm)" "www.lifelineprc.com"
89.108.102.171 - - [19/Jul/2013:02:07:56 -0700] "GET / HTTP/1.1" 200 4482 "http://strikes.ru/" "Mozilla/4.0 (compatible; MSIE 7.0b; Windows NT 6.0)" "lifelineprc.com"
89.108.102.171 - - [19/Jul/2013:02:07:57 -0700] "GET / HTTP/1.1" 200 4482 "http://strikes.ru/" "Mozilla/4.0 (compatible; MSIE 7.0b; Windows NT 6.0)" "lifelineprc.com"
208.115.113.82 - - [19/Jul/2013:03:05:53 -0700] "GET /robots.txt HTTP/1.1" 404 89 "-" "Mozilla/5.0 (compatible; Ezooms/1.0; ezooms.bot@gmail.com)" "www.lifelinepregnancyhelp.org"
208.115.113.82 - - [19/Jul/2013:04:36:55 -0700] "GET /symptoms.html HTTP/1.1" 200 3401 "-" "Mozilla/5.0 (compatible; Ezooms/1.0; ezooms.bot@gmail.com)" "www.lifelinepregnancyhelp.org"
65.55.213.35 - - [19/Jul/2013:05:32:37 -0700] "GET /ewyl.html HTTP/1.1" 200 3085 "-" "Mozilla/4.0 (compatible; MSIE 7.0; Windows NT 5.2;  SLCC1;  .NET CLR 1.1.4322;  .NET CLR 2.0.50727;  .NET CLR 3.0.30729;  .NET CLR 3.5.30707)" "lifelinepregnancyhelp.org"
65.55.213.35 - - [19/Jul/2013:05:32:38 -0700] "GET /style.css HTTP/1.1" 200 1636 "http://lifelinepregnancyhelp.org/ewyl.html" "Mozilla/4.0 (compatible; MSIE 7.0; Windows NT 5.2;  SLCC1;  .NET CLR 1.1.4322;  .NET CLR 2.0.50727;  .NET CLR 3.0.30729;  .NET CLR 3.5.30707)" "lifelinepregnancyhelp.org"
178.137.128.166 - - [19/Jul/2013:06:01:45 -0700] "GET / HTTP/1.1" 200 4482 "http://www.razborka.in/" "Mozilla/4.0 (compatible; MSIE 6.0; Windows NT 5.1; KKman2.0)" "lifelineprc.com"
84.240.30.56 - - [19/Jul/2013:06:28:40 -0700] "GET / HTTP/1.0" 200 4482 "http://lifelineprc.com/" "Mozilla/4.0 (compatible; MSIE 7.0; Windows NT 5.1; Trident/4.0)" "lifelineprc.com"
5.10.83.41 - - [19/Jul/2013:07:39:01 -0700] "GET / HTTP/1.1" 200 2476 "-" "Mozilla/5.0 (compatible; AhrefsBot/5.0; +http://ahrefs.com/robot/)" "lifelinepregnancyhelp.org"
180.76.5.189 - - [19/Jul/2013:07:40:04 -0700] "GET /style.css HTTP/1.1" 200 1636 "-" "Mozilla/5.0 (compatible; Baiduspider/2.0; +http://www.baidu.com/search/spider.html)" "lifelineprc.com"
66.249.73.146 - - [19/Jul/2013:08:13:20 -0700] "GET /robots.txt HTTP/1.1" 404 89 "-" "Mozilla/5.0 (compatible; Googlebot/2.1; +http://www.google.com/bot.html)" "www.lifelinepregnancyhelp.org"
66.249.73.122 - - [19/Jul/2013:08:13:20 -0700] "GET / HTTP/1.1" 200 2597 "-" "Mozilla/5.0 (iPhone; U; CPU iPhone OS 4_1 like Mac OS X; en-us) AppleWebKit/532.9 (KHTML, like Gecko) Version/4.0.5 Mobile/8B117 Safari/6531.22.7 (compatible; Googlebot-Mobile/2.1; +http://www.google.com/bot.html)" "www.lifelinepregnancyhelp.org"
92.249.127.111 - - [19/Jul/2013:08:44:03 -0700] "GET / HTTP/1.1" 200 4482 "http://sporg.ru/" "Mozilla/5.0 (compatible; news bot /2.1)" "lifelineprc.com"
5.10.83.48 - - [19/Jul/2013:09:02:22 -0700] "GET /options.html HTTP/1.1" 200 2842 "-" "Mozilla/5.0 (compatible; AhrefsBot/5.0; +http://ahrefs.com/robot/)" "www.lifelinepregnancyhelp.org"
5.10.83.8 - - [19/Jul/2013:09:06:06 -0700] "GET /forMen.html HTTP/1.1" 200 2154 "-" "Mozilla/5.0 (compatible; AhrefsBot/5.0; +http://ahrefs.com/robot/)" "www.lifelineprc.com"
5.10.83.48 - - [19/Jul/2013:09:32:49 -0700] "GET /forMen.html HTTP/1.1" 200 2155 "-" "Mozilla/5.0 (compatible; AhrefsBot/5.0; +http://ahrefs.com/robot/)" "www.lifelinepregnancyhelp.org"
5.10.83.8 - - [19/Jul/2013:09:36:08 -0700] "GET /locations.html HTTP/1.1" 200 3516 "-" "Mozilla/5.0 (compatible; AhrefsBot/5.0; +http://ahrefs.com/robot/)" "www.lifelineprc.com"
5.10.83.8 - - [19/Jul/2013:09:54:02 -0700] "GET /postabortion.html HTTP/1.1" 200 2320 "-" "Mozilla/5.0 (compatible; AhrefsBot/5.0; +http://ahrefs.com/robot/)" "www.lifelineprc.com"
5.10.83.48 - - [19/Jul/2013:10:14:58 -0700] "GET /index.html HTTP/1.1" 200 2476 "-" "Mozilla/5.0 (compatible; AhrefsBot/5.0; +http://ahrefs.com/robot/)" "www.lifelinepregnancyhelp.org"
220.181.89.166 - - [19/Jul/2013:10:18:13 -0700] "GET /robots.txt HTTP/1.1" 404 89 "-" "Sogou web spider/4.0" "lifelineprc.com"
220.181.89.166 - - [19/Jul/2013:10:19:03 -0700] "GET / HTTP/1.1" 200 2475 "-" "Sogou web spider/4.0(+http://www.sogou.com/docs/help/webmasters.htm#07)" "lifelineprc.com"
5.10.83.48 - - [19/Jul/2013:10:39:18 -0700] "GET /services.html HTTP/1.1" 200 1874 "-" "Mozilla/5.0 (compatible; AhrefsBot/5.0; +http://ahrefs.com/robot/)" "www.lifelinepregnancyhelp.org"
5.10.83.8 - - [19/Jul/2013:10:45:33 -0700] "GET /ewyl.html HTTP/1.1" 200 2137 "-" "Mozilla/5.0 (compatible; AhrefsBot/5.0; +http://ahrefs.com/robot/)" "www.lifelineprc.com"
5.10.83.48 - - [19/Jul/2013:10:45:53 -0700] "GET /purefreedom.html HTTP/1.1" 200 2096 "-" "Mozilla/5.0 (compatible; AhrefsBot/5.0; +http://ahrefs.com/robot/)" "www.lifelinepregnancyhelp.org"
5.10.83.48 - - [19/Jul/2013:10:47:58 -0700] "GET /postabortion.html HTTP/1.1" 200 2318 "-" "Mozilla/5.0 (compatible; AhrefsBot/5.0; +http://ahrefs.com/robot/)" "www.lifelinepregnancyhelp.org"
157.56.92.158 - - [19/Jul/2013:12:17:26 -0700] "GET /robots.txt HTTP/1.1" 404 89 "-" "Mozilla/5.0 (compatible; bingbot/2.0; +http://www.bing.com/bingbot.htm)" "lifelineprc.com"
69.242.134.163 - - [19/Jul/2013:12:38:34 -0700] "GET / HTTP/1.1" 200 2597 "http://uk.ask.com/web?siteid=10000906&qsrc=999&l=dis&q=lifeline+pregnancy+center+kirksville" "Mozilla/5.0 (Windows NT 6.0; rv:22.0) Gecko/20100101 Firefox/22.0" "www.lifelinepregnancyhelp.org"
69.242.134.163 - - [19/Jul/2013:12:38:34 -0700] "GET /assets/psd/LeftNavLayoutPieces/bgcolor.jpg HTTP/1.1" 200 4012 "http://www.lifelinepregnancyhelp.org/style.css" "Mozilla/5.0 (Windows NT 6.0; rv:22.0) Gecko/20100101 Firefox/22.0" "www.lifelinepregnancyhelp.org"
69.242.134.163 - - [19/Jul/2013:12:39:21 -0700] "GET /purefreedom.html HTTP/1.1" 200 2097 "http://www.lifelinepregnancyhelp.org/" "Mozilla/5.0 (Windows NT 6.0; rv:22.0) Gecko/20100101 Firefox/22.0" "www.lifelinepregnancyhelp.org"
69.242.134.163 - - [19/Jul/2013:12:39:21 -0700] "GET /favicon.ico HTTP/1.1" 404 89 "-" "Mozilla/5.0 (Windows NT 6.0; rv:22.0) Gecko/20100101 Firefox/22.0" "www.lifelinepregnancyhelp.org"
208.115.113.82 - - [19/Jul/2013:12:39:46 -0700] "GET /index.html HTTP/1.1" 200 4482 "-" "Mozilla/5.0 (compatible; Ezooms/1.0; ezooms.bot@gmail.com)" "www.lifelinepregnancyhelp.org"
69.242.134.163 - - [19/Jul/2013:12:40:31 -0700] "GET /assets/images/hallway.jpg HTTP/1.1" 200 24415 "http://www.lifelinepregnancyhelp.org/locations.html" "Mozilla/5.0 (Windows NT 6.0; rv:22.0) Gecko/20100101 Firefox/22.0" "www.lifelinepregnancyhelp.org"
69.242.134.163 - - [19/Jul/2013:12:40:48 -0700] "GET /abortion.html HTTP/1.1" 200 3236 "http://www.lifelinepregnancyhelp.org/locations.html" "Mozilla/5.0 (Windows NT 6.0; rv:22.0) Gecko/20100101 Firefox/22.0" "www.lifelinepregnancyhelp.org"
69.242.134.163 - - [19/Jul/2013:12:40:48 -0700] "GET /assets/images/abortion.jpg HTTP/1.1" 200 53176 "http://www.lifelinepregnancyhelp.org/abortion.html" "Mozilla/5.0 (Windows NT 6.0; rv:22.0) Gecko/20100101 Firefox/22.0" "www.lifelinepregnancyhelp.org"
157.56.92.158 - - [19/Jul/2013:13:25:57 -0700] "GET /robots.txt HTTP/1.1" 404 89 "-" "Mozilla/5.0 (compatible; bingbot/2.0; +http://www.bing.com/bingbot.htm)" "www.lifelineprc.com"
193.106.136.41 - - [19/Jul/2013:14:14:12 -0700] "GET / HTTP/1.1" 200 4482 "http://www.fotopostapp.com/" "Mozilla/4.0 (compatible; MSIE 5.01; Windows 95; MSIECrawler)" "lifelineprc.com"
193.106.136.41 - - [19/Jul/2013:14:14:13 -0700] "GET / HTTP/1.1" 200 4482 "http://www.fotopostapp.com/" "Mozilla/4.0 (compatible; MSIE 5.01; Windows 95; MSIECrawler)" "lifelineprc.com"
92.249.127.111 - - [19/Jul/2013:14:18:53 -0700] "GET / HTTP/1.1" 200 4482 "http://sporg.ru/" "Mozilla/5.0 (compatible; news bot /2.1)" "lifelineprc.com"
157.55.32.62 - - [19/Jul/2013:15:48:45 -0700] "GET /robots.txt HTTP/1.1" 404 89 "-" "Mozilla/5.0 (compatible; bingbot/2.0; +http://www.bing.com/bingbot.htm)" "lifelinepregnancyhelp.org"
180.76.5.91 - - [19/Jul/2013:15:54:59 -0700] "GET /index.html HTTP/1.1" 200 2477 "-" "Mozilla/5.0 (compatible; Baiduspider/2.0; +http://www.baidu.com/search/spider.html)" "lifelinepregnancyhelp.org"
