46.118.126.194 - - [23/Aug/2013:17:30:49 -0700] "GET / HTTP/1.1" 200 4482 "http://appercot-ti.com/" "Mozilla/4.0 (compatible; MSIE 6.0; Windows XP)" "lifelineprc.com"
46.118.126.194 - - [23/Aug/2013:17:30:50 -0700] "GET / HTTP/1.1" 200 4482 "http://appercot-ti.com/" "Mozilla/4.0 (compatible; MSIE 6.0; Windows XP)" "lifelineprc.com"
46.229.164.102 - - [23/Aug/2013:17:41:14 -0700] "GET /robots.txt HTTP/1.1" 404 89 "-" "Mozilla/5.0 (compatible; SemrushBot/0.96.4; +http://www.semrush.com/bot.html)" "www.lifelineprc.com"
205.237.88.148 - - [23/Aug/2013:17:57:28 -0700] "GET / HTTP/1.0" 200 4482 "-" "=Mozilla/5.0 (Windows; U; Windows NT 6.1; en-US) AppleWebKit/534.16 (KHTML, like Gecko) Chrome/10.0.648.204 Safari/534.16" "lifelineprc.com"
5.10.83.37 - - [23/Aug/2013:18:58:21 -0700] "GET /m& HTTP/1.1" 404 89 "-" "Mozilla/5.0 (compatible; AhrefsBot/5.0; +http://ahrefs.com/robot/)" "www.lifelineprc.com"
46.119.118.152 - - [23/Aug/2013:20:26:52 -0700] "GET / HTTP/1.1" 200 4482 "http://stikl.ru/" "Mozilla/4.0 (compatible; MSIE 6.0; Windows XP)" "lifelineprc.com"
46.119.118.152 - - [23/Aug/2013:20:26:52 -0700] "GET / HTTP/1.1" 200 4482 "http://samsung-servicemanuals.ru/" "Mozilla/4.0 (compatible; MSIE 6.0; Windows XP)" "lifelineprc.com"
46.119.118.152 - - [23/Aug/2013:20:26:53 -0700] "GET / HTTP/1.1" 200 4482 "http://stikl.ru/" "Mozilla/4.0 (compatible; MSIE 6.0; Windows XP)" "lifelineprc.com"
46.119.118.152 - - [23/Aug/2013:20:26:53 -0700] "GET / HTTP/1.1" 200 4482 "http://samsung-servicemanuals.ru/" "Mozilla/4.0 (compatible; MSIE 6.0; Windows XP)" "lifelineprc.com"
46.119.118.152 - - [23/Aug/2013:20:26:54 -0700] "GET / HTTP/1.1" 200 4482 "http://stikl.ru/" "Mozilla/4.0 (compatible; MSIE 6.0; Windows XP)" "lifelineprc.com"
46.119.118.152 - - [23/Aug/2013:20:26:57 -0700] "GET / HTTP/1.1" 200 4482 "http://samsung-servicemanuals.ru/" "Mozilla/4.0 (compatible; MSIE 6.0; Windows XP)" "lifelineprc.com"
157.55.35.97 - - [23/Aug/2013:20:33:42 -0700] "GET /robots.txt HTTP/1.1" 404 89 "-" "Mozilla/5.0 (compatible; bingbot/2.0; +http://www.bing.com/bingbot.htm)" "www.lifelinepregnancyhelp.org"
69.140.187.190 - - [23/Aug/2013:20:37:44 -0700] "GET /assets/images/pregnancy.jpg HTTP/1.1" 200 73198 "http://www.google.com/search?q=pregnancy+symptoms+before+missed+period&hl=en&source=lnms&tbm=isch&sa=X&ei=dScYUp7ZA-7i4AOVz4HwCQ&ved=0CAcQ_AUoAA&biw=320&bih=398" "Mozilla/5.0 (iPhone; CPU iPhone OS 5_1_1 like Mac OS X) AppleWebKit/534.46 (KHTML, like Gecko) Version/5.1 Mobile/9B206 Safari/7534.48.3" "www.lifelineprc.com"
208.115.111.72 - - [23/Aug/2013:21:47:38 -0700] "GET /robots.txt HTTP/1.1" 404 89 "-" "Mozilla/5.0 (compatible; Ezooms/1.0; ezooms.bot@gmail.com)" "lifelineprc.com"
157.55.33.112 - - [23/Aug/2013:22:25:28 -0700] "GET /robots.txt HTTP/1.1" 404 89 "-" "Mozilla/5.0 (compatible; bingbot/2.0; +http://www.bing.com/bingbot.htm)" "www.lifelineprc.com"
208.115.111.72 - - [23/Aug/2013:22:39:02 -0700] "GET /abortion.html HTTP/1.1" 200 6210 "-" "Mozilla/5.0 (compatible; Ezooms/1.0; ezooms.bot@gmail.com)" "lifelineprc.com"
208.115.111.72 - - [23/Aug/2013:22:39:03 -0700] "GET /index.html HTTP/1.1" 200 4871 "-" "Mozilla/5.0 (compatible; Ezooms/1.0; ezooms.bot@gmail.com)" "lifelineprc.com"
5.10.83.73 - - [23/Aug/2013:22:39:42 -0700] "GET /abortion.html HTTP/1.1" 200 3411 "-" "Mozilla/5.0 (compatible; AhrefsBot/5.0; +http://ahrefs.com/robot/)" "www.lifelinepregnancyhelp.org"
24.84.88.127 - - [23/Aug/2013:23:42:52 -0700] "GET / HTTP/1.1" 200 2587 "-" "Mozilla/5.0 (Windows NT 5.1; rv:8.0) Gecko/20100101 Firefox/8.0" "lifelineprc.com"
24.84.88.127 - - [23/Aug/2013:23:42:52 -0700] "GET /register/ HTTP/1.1" 404 89 "-" "Mozilla/5.0 (Windows NT 5.1; rv:8.0) Gecko/20100101 Firefox/8.0" "lifelineprc.com"
24.84.88.127 - - [23/Aug/2013:23:42:52 -0700] "GET /login.php HTTP/1.1" 404 89 "-" "Mozilla/5.0 (Windows NT 5.1; rv:8.0) Gecko/20100101 Firefox/8.0" "lifelineprc.com"
24.84.88.127 - - [23/Aug/2013:23:43:02 -0700] "GET /signup.php HTTP/1.1" 404 89 "-" "Mozilla/5.0 (Windows NT 5.1; rv:8.0) Gecko/20100101 Firefox/8.0" "lifelineprc.com"
5.10.83.73 - - [23/Aug/2013:23:57:15 -0700] "GET /symptoms.html HTTP/1.1" 200 2397 "-" "Mozilla/5.0 (compatible; AhrefsBot/5.0; +http://ahrefs.com/robot/)" "www.lifelinepregnancyhelp.org"
5.10.83.73 - - [24/Aug/2013:00:09:08 -0700] "GET /m& HTTP/1.1" 404 89 "-" "Mozilla/5.0 (compatible; AhrefsBot/5.0; +http://ahrefs.com/robot/)" "lifelinepregnancyhelp.org"
5.10.83.73 - - [24/Aug/2013:00:14:56 -0700] "GET /services.html HTTP/1.1" 200 2046 "-" "Mozilla/5.0 (compatible; AhrefsBot/5.0; +http://ahrefs.com/robot/)" "www.lifelinepregnancyhelp.org"
217.73.208.104 - - [24/Aug/2013:00:54:37 -0700] "GET /robots.txt HTTP/1.1" 404 89 "-" "Mozilla/5.0 (compatible; IstellaBot/1.10.2 +http://www.tiscali.it/)" "www.lifelinepregnancyhelp.org"
217.73.208.104 - - [24/Aug/2013:00:54:43 -0700] "GET / HTTP/1.1" 200 4482 "-" "Mozilla/5.0 (compatible; IstellaBot/1.10.2 +http://www.tiscali.it/)" "www.lifelinepregnancyhelp.org"
5.10.83.37 - - [24/Aug/2013:01:38:59 -0700] "GET /index.html HTTP/1.1" 200 2646 "-" "Mozilla/5.0 (compatible; AhrefsBot/5.0; +http://ahrefs.com/robot/)" "www.lifelineprc.com"
5.10.83.37 - - [24/Aug/2013:01:44:37 -0700] "GET /purefreedom.html HTTP/1.1" 200 2269 "-" "Mozilla/5.0 (compatible; AhrefsBot/5.0; +http://ahrefs.com/robot/)" "www.lifelineprc.com"
5.10.83.73 - - [24/Aug/2013:03:19:16 -0700] "GET /locations.html HTTP/1.1" 200 2131 "-" "Mozilla/5.0 (compatible; AhrefsBot/5.0; +http://ahrefs.com/robot/)" "www.lifelinepregnancyhelp.org"
180.76.5.13 - - [24/Aug/2013:03:26:27 -0700] "GET /dadline.html HTTP/1.1" 200 2180 "-" "Mozilla/5.0 (compatible; Baiduspider/2.0; +http://www.baidu.com/search/spider.html)" "www.lifelinepregnancyhelp.org"
91.121.175.35 - - [24/Aug/2013:05:19:08 -0700] "GET /postabortion.html+++++++++++++++++++++++++++Result:+no+post+sending+forms+are+found; HTTP/1.0" 404 73 "http://www.lifelinepregnancyhelp.org/postabortion.html+++++++++++++++++++++++++++Result:+no+post+sending+forms+are+found;" "Opera/9.80 (Windows NT 6.1; U; ru) Presto/2.7.39 Version/11.00" "www.lifelinepregnancyhelp.org"
91.121.175.35 - - [24/Aug/2013:05:19:08 -0700] "GET / HTTP/1.0" 200 4482 "http://www.lifelinepregnancyhelp.org/" "Opera/9.80 (Windows NT 6.1; U; ru) Presto/2.7.39 Version/11.00" "www.lifelinepregnancyhelp.org"
157.55.35.114 - - [24/Aug/2013:05:21:52 -0700] "GET /robots.txt HTTP/1.1" 404 89 "-" "Mozilla/5.0 (compatible; bingbot/2.0; +http://www.bing.com/bingbot.htm)" "www.lifelineprc.com"
76.17.72.188 - - [24/Aug/2013:05:47:41 -0700] "GET / HTTP/1.1" 200 2586 "http://www.bing.com/search?q=lifeline+prc+medical&form=APIPA1" "Mozilla/5.0 (iPad; CPU OS 6_0_1 like Mac OS X) AppleWebKit/536.26 (KHTML, like Gecko) Version/6.0 Mobile/10A523 Safari/8536.25" "lifelineprc.com"
76.17.72.188 - - [24/Aug/2013:05:47:41 -0700] "GET /style.css HTTP/1.1" 200 1636 "http://lifelineprc.com/" "Mozilla/5.0 (iPad; CPU OS 6_0_1 like Mac OS X) AppleWebKit/536.26 (KHTML, like Gecko) Version/6.0 Mobile/10A523 Safari/8536.25" "lifelineprc.com"
76.17.72.188 - - [24/Aug/2013:05:47:41 -0700] "GET /assets/images/homePage.jpg HTTP/1.1" 200 23096 "http://lifelineprc.com/" "Mozilla/5.0 (iPad; CPU OS 6_0_1 like Mac OS X) AppleWebKit/536.26 (KHTML, like Gecko) Version/6.0 Mobile/10A523 Safari/8536.25" "lifelineprc.com"
76.17.72.188 - - [24/Aug/2013:05:47:41 -0700] "GET /assets/bodyBG.jpg HTTP/1.1" 200 11603 "http://lifelineprc.com/" "Mozilla/5.0 (iPad; CPU OS 6_0_1 like Mac OS X) AppleWebKit/536.26 (KHTML, like Gecko) Version/6.0 Mobile/10A523 Safari/8536.25" "lifelineprc.com"
76.17.72.188 - - [24/Aug/2013:05:47:41 -0700] "GET /assets/psd/LeftNavLayoutPieces/top.jpg HTTP/1.1" 200 43470 "http://lifelineprc.com/" "Mozilla/5.0 (iPad; CPU OS 6_0_1 like Mac OS X) AppleWebKit/536.26 (KHTML, like Gecko) Version/6.0 Mobile/10A523 Safari/8536.25" "lifelineprc.com"
76.17.72.188 - - [24/Aug/2013:05:47:41 -0700] "GET /assets/psd/LeftNavLayoutPieces/bgcolor.jpg HTTP/1.1" 200 4012 "http://lifelineprc.com/" "Mozilla/5.0 (iPad; CPU OS 6_0_1 like Mac OS X) AppleWebKit/536.26 (KHTML, like Gecko) Version/6.0 Mobile/10A523 Safari/8536.25" "lifelineprc.com"
5.10.83.73 - - [24/Aug/2013:06:37:56 -0700] "GET /ewyl.html HTTP/1.1" 200 3474 "-" "Mozilla/5.0 (compatible; AhrefsBot/5.0; +http://ahrefs.com/robot/)" "lifelinepregnancyhelp.org"
180.76.5.93 - - [24/Aug/2013:06:47:48 -0700] "GET /services.html HTTP/1.1" 200 2048 "-" "Mozilla/5.0 (compatible; Baiduspider/2.0; +http://www.baidu.com/search/spider.html)" "lifelineprc.com"
162.195.50.97 - - [24/Aug/2013:06:54:41 -0700] "GET / HTTP/1.1" 200 2598 "https://www.google.com/" "Mozilla/5.0 (iPhone; CPU iPhone OS 6_1_3 like Mac OS X) AppleWebKit/536.26 (KHTML, like Gecko) Version/6.0 Mobile/10B329 Safari/8536.25" "www.lifelinepregnancyhelp.org"
162.195.50.97 - - [24/Aug/2013:06:54:41 -0700] "GET /style.css HTTP/1.1" 200 5261 "http://www.lifelinepregnancyhelp.org/" "Mozilla/5.0 (iPhone; CPU iPhone OS 6_1_3 like Mac OS X) AppleWebKit/536.26 (KHTML, like Gecko) Version/6.0 Mobile/10B329 Safari/8536.25" "www.lifelinepregnancyhelp.org"
162.195.50.97 - - [24/Aug/2013:06:54:41 -0700] "GET /assets/images/homePage.jpg HTTP/1.1" 200 23096 "http://www.lifelinepregnancyhelp.org/" "Mozilla/5.0 (iPhone; CPU iPhone OS 6_1_3 like Mac OS X) AppleWebKit/536.26 (KHTML, like Gecko) Version/6.0 Mobile/10B329 Safari/8536.25" "www.lifelinepregnancyhelp.org"
162.195.50.97 - - [24/Aug/2013:06:54:42 -0700] "GET /assets/bodyBG.jpg HTTP/1.1" 200 11603 "http://www.lifelinepregnancyhelp.org/" "Mozilla/5.0 (iPhone; CPU iPhone OS 6_1_3 like Mac OS X) AppleWebKit/536.26 (KHTML, like Gecko) Version/6.0 Mobile/10B329 Safari/8536.25" "www.lifelinepregnancyhelp.org"
162.195.50.97 - - [24/Aug/2013:06:54:42 -0700] "GET /assets/psd/LeftNavLayoutPieces/top.jpg HTTP/1.1" 200 43470 "http://www.lifelinepregnancyhelp.org/" "Mozilla/5.0 (iPhone; CPU iPhone OS 6_1_3 like Mac OS X) AppleWebKit/536.26 (KHTML, like Gecko) Version/6.0 Mobile/10B329 Safari/8536.25" "www.lifelinepregnancyhelp.org"
82.80.244.56 - - [24/Aug/2013:06:55:27 -0700] "GET /assets/images/pregnancy.jpg HTTP/1.1" 200 73198 "-" "-" "www.lifelineprc.com"
82.80.234.137 - - [24/Aug/2013:06:55:27 -0700] "GET /assets/images/abortion.jpg HTTP/1.1" 200 53176 "-" "-" "www.lifelineprc.com"
162.195.50.97 - - [24/Aug/2013:06:56:15 -0700] "GET /services.html HTTP/1.1" 200 2047 "http://www.lifelinepregnancyhelp.org/" "Mozilla/5.0 (iPhone; CPU iPhone OS 6_1_3 like Mac OS X) AppleWebKit/536.26 (KHTML, like Gecko) Version/6.0 Mobile/10B329 Safari/8536.25" "www.lifelinepregnancyhelp.org"
66.249.73.192 - - [24/Aug/2013:06:56:57 -0700] "GET /robots.txt HTTP/1.1" 404 89 "-" "Mozilla/5.0 (compatible; Googlebot/2.1; +http://www.google.com/bot.html)" "www.lifelineprc.com"
66.249.73.210 - - [24/Aug/2013:06:56:57 -0700] "GET /apple-touch-icon-precomposed.png HTTP/1.1" 404 89 "-" "Googlebot-Image/1.0" "www.lifelineprc.com"
162.195.50.97 - - [24/Aug/2013:06:57:40 -0700] "GET /purefreedom.html HTTP/1.1" 200 2270 "http://www.lifelinepregnancyhelp.org/" "Mozilla/5.0 (iPhone; CPU iPhone OS 6_1_3 like Mac OS X) AppleWebKit/536.26 (KHTML, like Gecko) Version/6.0 Mobile/10B329 Safari/8536.25" "www.lifelinepregnancyhelp.org"
162.195.50.97 - - [24/Aug/2013:06:57:40 -0700] "GET /assets/images/purefreedom.jpg HTTP/1.1" 200 16761 "http://www.lifelinepregnancyhelp.org/purefreedom.html" "Mozilla/5.0 (iPhone; CPU iPhone OS 6_1_3 like Mac OS X) AppleWebKit/536.26 (KHTML, like Gecko) Version/6.0 Mobile/10B329 Safari/8536.25" "www.lifelinepregnancyhelp.org"
162.195.50.97 - - [24/Aug/2013:06:57:47 -0700] "GET /forMen.html HTTP/1.1" 200 2332 "http://www.lifelinepregnancyhelp.org/" "Mozilla/5.0 (iPhone; CPU iPhone OS 6_1_3 like Mac OS X) AppleWebKit/536.26 (KHTML, like Gecko) Version/6.0 Mobile/10B329 Safari/8536.25" "www.lifelinepregnancyhelp.org"
162.195.50.97 - - [24/Aug/2013:06:57:47 -0700] "GET /assets/images/man.jpg HTTP/1.1" 200 24927 "http://www.lifelinepregnancyhelp.org/forMen.html" "Mozilla/5.0 (iPhone; CPU iPhone OS 6_1_3 like Mac OS X) AppleWebKit/536.26 (KHTML, like Gecko) Version/6.0 Mobile/10B329 Safari/8536.25" "www.lifelinepregnancyhelp.org"
162.195.50.97 - - [24/Aug/2013:06:58:25 -0700] "GET /appointment.php HTTP/1.1" 200 1618 "http://www.lifelinepregnancyhelp.org/" "Mozilla/5.0 (iPhone; CPU iPhone OS 6_1_3 like Mac OS X) AppleWebKit/536.26 (KHTML, like Gecko) Version/6.0 Mobile/10B329 Safari/8536.25" "www.lifelinepregnancyhelp.org"
162.195.50.97 - - [24/Aug/2013:07:01:43 -0700] "POST /process.php HTTP/1.1" 200 532 "http://www.lifelinepregnancyhelp.org/appointment.php" "Mozilla/5.0 (iPhone; CPU iPhone OS 6_1_3 like Mac OS X) AppleWebKit/536.26 (KHTML, like Gecko) Version/6.0 Mobile/10B329 Safari/8536.25" "www.lifelinepregnancyhelp.org"
162.195.50.97 - - [24/Aug/2013:07:01:43 -0700] "GET /success.html HTTP/1.1" 200 1657 "http://www.lifelinepregnancyhelp.org/process.php" "Mozilla/5.0 (iPhone; CPU iPhone OS 6_1_3 like Mac OS X) AppleWebKit/536.26 (KHTML, like Gecko) Version/6.0 Mobile/10B329 Safari/8536.25" "www.lifelinepregnancyhelp.org"
162.195.50.97 - - [24/Aug/2013:07:02:15 -0700] "GET /ewyl.html HTTP/1.1" 200 2305 "http://www.lifelinepregnancyhelp.org/" "Mozilla/5.0 (iPhone; CPU iPhone OS 6_1_3 like Mac OS X) AppleWebKit/536.26 (KHTML, like Gecko) Version/6.0 Mobile/10B329 Safari/8536.25" "www.lifelinepregnancyhelp.org"
162.195.50.97 - - [24/Aug/2013:07:02:16 -0700] "GET /assets/images/ewyl.png HTTP/1.1" 200 131183 "http://www.lifelinepregnancyhelp.org/ewyl.html" "Mozilla/5.0 (iPhone; CPU iPhone OS 6_1_3 like Mac OS X) AppleWebKit/536.26 (KHTML, like Gecko) Version/6.0 Mobile/10B329 Safari/8536.25" "www.lifelinepregnancyhelp.org"
162.195.50.97 - - [24/Aug/2013:07:02:54 -0700] "GET /symptoms.html HTTP/1.1" 200 2397 "http://www.lifelinepregnancyhelp.org/services.html" "Mozilla/5.0 (iPhone; CPU iPhone OS 6_1_3 like Mac OS X) AppleWebKit/536.26 (KHTML, like Gecko) Version/6.0 Mobile/10B329 Safari/8536.25" "www.lifelinepregnancyhelp.org"
162.195.50.97 - - [24/Aug/2013:07:02:54 -0700] "GET /assets/images/pregnancy.jpg HTTP/1.1" 200 73198 "http://www.lifelinepregnancyhelp.org/symptoms.html" "Mozilla/5.0 (iPhone; CPU iPhone OS 6_1_3 like Mac OS X) AppleWebKit/536.26 (KHTML, like Gecko) Version/6.0 Mobile/10B329 Safari/8536.25" "www.lifelinepregnancyhelp.org"
162.195.50.97 - - [24/Aug/2013:07:02:55 -0700] "GET /symptoms.html HTTP/1.1" 200 2399 "http://www.lifelinepregnancyhelp.org/services.html" "Mozilla/5.0 (iPhone; CPU iPhone OS 6_1_3 like Mac OS X) AppleWebKit/536.26 (KHTML, like Gecko) Version/6.0 Mobile/10B329 Safari/8536.25" "www.lifelinepregnancyhelp.org"
162.195.50.97 - - [24/Aug/2013:07:02:55 -0700] "GET /options.html HTTP/1.1" 200 3012 "http://www.lifelinepregnancyhelp.org/symptoms.html" "Mozilla/5.0 (iPhone; CPU iPhone OS 6_1_3 like Mac OS X) AppleWebKit/536.26 (KHTML, like Gecko) Version/6.0 Mobile/10B329 Safari/8536.25" "www.lifelinepregnancyhelp.org"
162.195.50.97 - - [24/Aug/2013:07:02:55 -0700] "GET /Scripts/AC_ActiveX.js HTTP/1.1" 200 1145 "http://www.lifelinepregnancyhelp.org/options.html" "Mozilla/5.0 (iPhone; CPU iPhone OS 6_1_3 like Mac OS X) AppleWebKit/536.26 (KHTML, like Gecko) Version/6.0 Mobile/10B329 Safari/8536.25" "www.lifelinepregnancyhelp.org"
162.195.50.97 - - [24/Aug/2013:07:02:58 -0700] "GET /Scripts/AC_RunActiveContent.js HTTP/1.1" 200 2928 "http://www.lifelinepregnancyhelp.org/options.html" "Mozilla/5.0 (iPhone; CPU iPhone OS 6_1_3 like Mac OS X) AppleWebKit/536.26 (KHTML, like Gecko) Version/6.0 Mobile/10B329 Safari/8536.25" "www.lifelinepregnancyhelp.org"
162.195.50.97 - - [24/Aug/2013:07:02:58 -0700] "GET /assets/images/teenMom.jpg HTTP/1.1" 200 49039 "http://www.lifelinepregnancyhelp.org/options.html" "Mozilla/5.0 (iPhone; CPU iPhone OS 6_1_3 like Mac OS X) AppleWebKit/536.26 (KHTML, like Gecko) Version/6.0 Mobile/10B329 Safari/8536.25" "www.lifelinepregnancyhelp.org"
162.195.50.97 - - [24/Aug/2013:07:02:58 -0700] "GET /assets/images/aboutLove.jpg HTTP/1.1" 200 52630 "http://www.lifelinepregnancyhelp.org/options.html" "Mozilla/5.0 (iPhone; CPU iPhone OS 6_1_3 like Mac OS X) AppleWebKit/536.26 (KHTML, like Gecko) Version/6.0 Mobile/10B329 Safari/8536.25" "www.lifelinepregnancyhelp.org"
178.137.128.12 - - [24/Aug/2013:08:46:38 -0700] "GET / HTTP/1.1" 200 4482 "http://dneprshop.com.ua/" "Opera/9.0 (Windows NT 5.1; U; en)" "lifelineprc.com"
5.10.83.73 - - [24/Aug/2013:09:18:08 -0700] "GET / HTTP/1.1" 200 2476 "-" "Mozilla/5.0 (compatible; AhrefsBot/5.0; +http://ahrefs.com/robot/)" "www.lifelinepregnancyhelp.org"
66.249.73.141 - - [24/Aug/2013:09:26:20 -0700] "GET /robots.txt HTTP/1.1" 404 89 "-" "Mozilla/5.0 (compatible; Googlebot/2.1; +http://www.google.com/bot.html)" "www.lifelinepregnancyhelp.org"
38.111.147.84 - - [24/Aug/2013:11:30:10 -0700] "GET /locations.html HTTP/1.0" 200 2109 "-" "TurnitinBot/2.1 (http://www.turnitin.com/robot/crawlerinfo.html)" "www.lifelinepregnancyhelp.org"
38.111.147.84 - - [24/Aug/2013:11:30:57 -0700] "GET /index.html HTTP/1.0" 200 2625 "-" "TurnitinBot/2.1 (http://www.turnitin.com/robot/crawlerinfo.html)" "www.lifelinepregnancyhelp.org"
38.111.147.84 - - [24/Aug/2013:11:31:46 -0700] "GET /forMen.html HTTP/1.0" 200 2311 "-" "TurnitinBot/2.1 (http://www.turnitin.com/robot/crawlerinfo.html)" "www.lifelinepregnancyhelp.org"
38.111.147.84 - - [24/Aug/2013:11:32:32 -0700] "GET /ewyl.html HTTP/1.0" 200 2282 "-" "TurnitinBot/2.1 (http://www.turnitin.com/robot/crawlerinfo.html)" "www.lifelinepregnancyhelp.org"
38.111.147.84 - - [24/Aug/2013:11:33:18 -0700] "GET /dadline.html HTTP/1.0" 200 2157 "-" "TurnitinBot/2.1 (http://www.turnitin.com/robot/crawlerinfo.html)" "www.lifelinepregnancyhelp.org"
38.111.147.84 - - [24/Aug/2013:11:34:04 -0700] "GET /abortion.html HTTP/1.0" 200 3388 "-" "TurnitinBot/2.1 (http://www.turnitin.com/robot/crawlerinfo.html)" "www.lifelinepregnancyhelp.org"
24.84.88.127 - - [24/Aug/2013:12:05:43 -0700] "GET / HTTP/1.1" 200 2585 "-" "Mozilla/5.0 (Windows NT 5.1; rv:8.0) Gecko/20100101 Firefox/8.0" "lifelineprc.com"
24.84.88.127 - - [24/Aug/2013:12:05:44 -0700] "GET /login.php HTTP/1.1" 404 89 "-" "Mozilla/5.0 (Windows NT 5.1; rv:8.0) Gecko/20100101 Firefox/8.0" "lifelineprc.com"
24.84.88.127 - - [24/Aug/2013:12:05:44 -0700] "GET /signup.php HTTP/1.1" 404 89 "-" "Mozilla/5.0 (Windows NT 5.1; rv:8.0) Gecko/20100101 Firefox/8.0" "lifelineprc.com"
157.55.35.93 - - [24/Aug/2013:12:37:28 -0700] "GET /robots.txt HTTP/1.1" 404 89 "-" "Mozilla/5.0 (compatible; bingbot/2.0; +http://www.bing.com/bingbot.htm)" "www.lifelineprc.com"
71.158.226.139 - - [24/Aug/2013:13:07:31 -0700] "GET /version2/img/slider/image6.jpg HTTP/1.1" 200 322835 "http://www.lifelinepregnancyhelp.org/version2/" "Mozilla/5.0 (compatible; MSIE 10.0; Windows NT 6.1; WOW64; Trident/6.0; yie9)" "www.lifelinepregnancyhelp.org"
71.158.226.139 - - [24/Aug/2013:13:07:31 -0700] "GET /version2/js/form-manager.jquery.js HTTP/1.1" 200 1375 "http://www.lifelinepregnancyhelp.org/version2/" "Mozilla/5.0 (compatible; MSIE 10.0; Windows NT 6.1; WOW64; Trident/6.0; yie9)" "www.lifelinepregnancyhelp.org"
71.158.226.139 - - [24/Aug/2013:13:07:32 -0700] "GET /version2/img/slider/image3.jpg HTTP/1.1" 200 577297 "http://www.lifelinepregnancyhelp.org/version2/" "Mozilla/5.0 (compatible; MSIE 10.0; Windows NT 6.1; WOW64; Trident/6.0; yie9)" "www.lifelinepregnancyhelp.org"
71.158.226.139 - - [24/Aug/2013:13:07:35 -0700] "GET /version2/img/slider/image1.jpg HTTP/1.1" 200 994823 "http://www.lifelinepregnancyhelp.org/version2/" "Mozilla/5.0 (compatible; MSIE 10.0; Windows NT 6.1; WOW64; Trident/6.0; yie9)" "www.lifelinepregnancyhelp.org"
37.139.52.23 - - [24/Aug/2013:14:06:26 -0700] "GET / HTTP/1.1" 200 4482 "http://s808.ru/" "Mozilla/4.0 (compatible; MSIE 6.0; Windows NT 5.0; .NET CLR 1.0.3705; .NET CLR 1.1.4322)" "lifelineprc.com"
37.139.52.23 - - [24/Aug/2013:14:06:27 -0700] "GET / HTTP/1.1" 200 4482 "http://s808.ru/" "Mozilla/4.0 (compatible; MSIE 6.0; Windows NT 5.0; .NET CLR 1.0.3705; .NET CLR 1.1.4322)" "lifelineprc.com"
5.10.83.94 - - [24/Aug/2013:14:18:19 -0700] "GET /appointment.php HTTP/1.1" 200 1618 "-" "Mozilla/5.0 (compatible; AhrefsBot/5.0; +http://ahrefs.com/robot/)" "www.lifelineprc.com"
66.249.73.203 - - [24/Aug/2013:15:37:13 -0700] "GET /robots.txt HTTP/1.1" 404 89 "-" "Mozilla/5.0 (compatible; Googlebot/2.1; +http://www.google.com/bot.html)" "www.lifelineprc.com"
66.249.73.178 - - [24/Aug/2013:15:37:13 -0700] "GET /apple-touch-icon.png HTTP/1.1" 404 89 "-" "Googlebot-Image/1.0" "www.lifelineprc.com"
5.10.83.73 - - [24/Aug/2013:15:51:08 -0700] "GET /appointment.php HTTP/1.1" 200 1618 "-" "Mozilla/5.0 (compatible; AhrefsBot/5.0; +http://ahrefs.com/robot/)" "lifelinepregnancyhelp.org"
71.158.226.139 - - [24/Aug/2013:16:15:14 -0700] "GET /version2/index.php HTTP/1.1" 200 1732 "http://www.lifelinepregnancyhelp.org/version2/" "Mozilla/5.0 (compatible; MSIE 10.0; Windows NT 6.1; WOW64; Trident/6.0; yie9)" "www.lifelinepregnancyhelp.org"
71.158.226.139 - - [24/Aug/2013:16:15:20 -0700] "GET /version2/services.php HTTP/1.1" 200 1659 "http://www.lifelinepregnancyhelp.org/version2/index.php" "Mozilla/5.0 (compatible; MSIE 10.0; Windows NT 6.1; WOW64; Trident/6.0; yie9)" "www.lifelinepregnancyhelp.org"
71.158.226.139 - - [24/Aug/2013:16:15:21 -0700] "GET /version2/stories.php HTTP/1.1" 200 2548 "http://www.lifelinepregnancyhelp.org/version2/services.php" "Mozilla/5.0 (compatible; MSIE 10.0; Windows NT 6.1; WOW64; Trident/6.0; yie9)" "www.lifelinepregnancyhelp.org"
71.158.226.139 - - [24/Aug/2013:16:15:24 -0700] "GET /version2/contact.php HTTP/1.1" 200 2754 "http://www.lifelinepregnancyhelp.org/version2/stories.php" "Mozilla/5.0 (compatible; MSIE 10.0; Windows NT 6.1; WOW64; Trident/6.0; yie9)" "www.lifelinepregnancyhelp.org"
71.158.226.139 - - [24/Aug/2013:16:15:31 -0700] "GET /version2/about.php HTTP/1.1" 200 2010 "http://www.lifelinepregnancyhelp.org/version2/contact.php" "Mozilla/5.0 (compatible; MSIE 10.0; Windows NT 6.1; WOW64; Trident/6.0; yie9)" "www.lifelinepregnancyhelp.org"
208.115.113.92 - - [24/Aug/2013:16:55:20 -0700] "GET /robots.txt HTTP/1.1" 404 89 "-" "Mozilla/5.0 (compatible; Ezooms/1.0; ezooms.bot@gmail.com)" "lifelinepregnancyhelp.org"
208.115.113.92 - - [24/Aug/2013:16:55:20 -0700] "GET /robots.txt HTTP/1.1" 404 89 "-" "Mozilla/5.0 (compatible; Ezooms/1.0; ezooms.bot@gmail.com)" "www.lifelinepregnancyhelp.org"
