37.147.150.158 - - [07/Aug/2013:18:10:16 -0700] "GET /forum/ HTTP/1.0" 404 73 "-" "Mozilla/4.0 (compatible; MSIE 6.0; Windows NT 5.1)" "lifelineprc.com"
151.138.13.244 - - [07/Aug/2013:18:42:07 -0700] "GET / HTTP/1.1" 200 4482 "-" "SuperPagesUrlVerifyBot/1.0" "www.lifelineprc.com"
65.55.52.96 - - [07/Aug/2013:18:49:15 -0700] "GET /robots.txt HTTP/1.1" 404 89 "-" "Mozilla/5.0 (compatible; bingbot/2.0; +http://www.bing.com/bingbot.htm)" "www.lifelineprc.com"
157.56.92.158 - - [07/Aug/2013:19:09:40 -0700] "GET /robots.txt HTTP/1.1" 404 89 "-" "Mozilla/5.0 (compatible; bingbot/2.0; +http://www.bing.com/bingbot.htm)" "lifelineprc.com"
157.55.35.91 - - [07/Aug/2013:20:13:00 -0700] "GET /robots.txt HTTP/1.1" 404 89 "-" "Mozilla/5.0 (compatible; bingbot/2.0; +http://www.bing.com/bingbot.htm)" "www.lifelinepregnancyhelp.org"
157.55.33.88 - - [07/Aug/2013:20:36:26 -0700] "GET /robots.txt HTTP/1.1" 404 89 "-" "Mozilla/5.0 (compatible; bingbot/2.0; +http://www.bing.com/bingbot.htm)" "lifelinepregnancyhelp.org"
184.155.87.166 - - [07/Aug/2013:20:49:28 -0700] "GET / HTTP/1.1" 200 2598 "https://www.google.com/" "Mozilla/5.0 (Windows NT 6.1; WOW64) AppleWebKit/537.36 (KHTML, like Gecko) Chrome/28.0.1500.95 Safari/537.36" "www.lifelinepregnancyhelp.org"
184.155.87.166 - - [07/Aug/2013:20:49:28 -0700] "GET /style.css HTTP/1.1" 200 1636 "http://www.lifelinepregnancyhelp.org/" "Mozilla/5.0 (Windows NT 6.1; WOW64) AppleWebKit/537.36 (KHTML, like Gecko) Chrome/28.0.1500.95 Safari/537.36" "www.lifelinepregnancyhelp.org"
184.155.87.166 - - [07/Aug/2013:20:49:28 -0700] "GET /assets/images/homePage.jpg HTTP/1.1" 200 23096 "http://www.lifelinepregnancyhelp.org/" "Mozilla/5.0 (Windows NT 6.1; WOW64) AppleWebKit/537.36 (KHTML, like Gecko) Chrome/28.0.1500.95 Safari/537.36" "www.lifelinepregnancyhelp.org"
184.155.87.166 - - [07/Aug/2013:20:49:28 -0700] "GET /assets/bodyBG.jpg HTTP/1.1" 304 - "http://www.lifelinepregnancyhelp.org/" "Mozilla/5.0 (Windows NT 6.1; WOW64) AppleWebKit/537.36 (KHTML, like Gecko) Chrome/28.0.1500.95 Safari/537.36" "www.lifelinepregnancyhelp.org"
184.155.87.166 - - [07/Aug/2013:20:49:29 -0700] "GET /assets/psd/LeftNavLayoutPieces/bgcolor.jpg HTTP/1.1" 200 4012 "http://www.lifelinepregnancyhelp.org/" "Mozilla/5.0 (Windows NT 6.1; WOW64) AppleWebKit/537.36 (KHTML, like Gecko) Chrome/28.0.1500.95 Safari/537.36" "www.lifelinepregnancyhelp.org"
184.155.87.166 - - [07/Aug/2013:20:49:29 -0700] "GET /assets/psd/LeftNavLayoutPieces/top.jpg HTTP/1.1" 200 43470 "http://www.lifelinepregnancyhelp.org/" "Mozilla/5.0 (Windows NT 6.1; WOW64) AppleWebKit/537.36 (KHTML, like Gecko) Chrome/28.0.1500.95 Safari/537.36" "www.lifelinepregnancyhelp.org"
184.155.87.166 - - [07/Aug/2013:20:49:29 -0700] "GET /favicon.ico HTTP/1.1" 404 89 "-" "Mozilla/5.0 (Windows NT 6.1; WOW64) AppleWebKit/537.36 (KHTML, like Gecko) Chrome/28.0.1500.95 Safari/537.36" "www.lifelinepregnancyhelp.org"
184.155.87.166 - - [07/Aug/2013:20:49:40 -0700] "GET /abortion.html HTTP/1.1" 200 3412 "http://www.lifelinepregnancyhelp.org/" "Mozilla/5.0 (Windows NT 6.1; WOW64) AppleWebKit/537.36 (KHTML, like Gecko) Chrome/28.0.1500.95 Safari/537.36" "www.lifelinepregnancyhelp.org"
184.155.87.166 - - [07/Aug/2013:20:49:41 -0700] "GET /assets/images/abortion.jpg HTTP/1.1" 200 53176 "http://www.lifelinepregnancyhelp.org/abortion.html" "Mozilla/5.0 (Windows NT 6.1; WOW64) AppleWebKit/537.36 (KHTML, like Gecko) Chrome/28.0.1500.95 Safari/537.36" "www.lifelinepregnancyhelp.org"
184.155.87.166 - - [07/Aug/2013:20:49:41 -0700] "GET /favicon.ico HTTP/1.1" 404 89 "-" "Mozilla/5.0 (Windows NT 6.1; WOW64) AppleWebKit/537.36 (KHTML, like Gecko) Chrome/28.0.1500.95 Safari/537.36" "www.lifelinepregnancyhelp.org"
24.84.88.127 - - [07/Aug/2013:22:46:12 -0700] "GET / HTTP/1.1" 200 2587 "-" "Mozilla/5.0 (Windows NT 5.1; rv:8.0) Gecko/20100101 Firefox/8.0" "lifelineprc.com"
24.84.88.127 - - [07/Aug/2013:22:46:12 -0700] "GET /register/ HTTP/1.1" 404 89 "-" "Mozilla/5.0 (Windows NT 5.1; rv:8.0) Gecko/20100101 Firefox/8.0" "lifelineprc.com"
24.84.88.127 - - [07/Aug/2013:22:46:12 -0700] "GET /login.php HTTP/1.1" 404 89 "-" "Mozilla/5.0 (Windows NT 5.1; rv:8.0) Gecko/20100101 Firefox/8.0" "lifelineprc.com"
24.84.88.127 - - [07/Aug/2013:22:46:13 -0700] "GET /signup.php HTTP/1.1" 404 89 "-" "Mozilla/5.0 (Windows NT 5.1; rv:8.0) Gecko/20100101 Firefox/8.0" "lifelineprc.com"
184.154.48.82 - - [08/Aug/2013:00:15:12 -0700] "GET /robots.txt HTTP/1.0" 404 73 "-" "Mozilla/5.0 (compatible; MJ12bot/v1.4.3; http://www.majestic12.co.uk/bot.php?+)" "lifelinepregnancyhelp.org"
184.154.48.82 - - [08/Aug/2013:00:15:15 -0700] "GET / HTTP/1.0" 200 2454 "-" "Mozilla/5.0 (compatible; MJ12bot/v1.4.3; http://www.majestic12.co.uk/bot.php?+)" "lifelinepregnancyhelp.org"
5.10.83.105 - - [08/Aug/2013:01:58:04 -0700] "GET /robots.txt HTTP/1.1" 404 89 "-" "Mozilla/5.0 (compatible; AhrefsBot/5.0; +http://ahrefs.com/robot/)" "www.lifelinepregnancyhelp.org"
5.10.83.105 - - [08/Aug/2013:01:58:05 -0700] "GET /robots.txt HTTP/1.1" 404 89 "-" "Mozilla/5.0 (compatible; AhrefsBot/5.0; +http://ahrefs.com/robot/)" "lifelinepregnancyhelp.org"
37.139.52.23 - - [08/Aug/2013:02:54:51 -0700] "GET / HTTP/1.1" 200 4482 "http://moygarag.ru/" "Opera/7.11 (Windows NT 5.1; U) [en]" "lifelineprc.com"
37.139.52.23 - - [08/Aug/2013:02:54:52 -0700] "GET / HTTP/1.1" 200 4482 "http://moygarag.ru/" "Opera/7.11 (Windows NT 5.1; U) [en]" "lifelineprc.com"
221.238.28.158 - - [08/Aug/2013:04:47:19 -0700] "GET /postabortion.html HTTP/1.0" 200 4095 "http://www.lifelinepregnancyhelp.org/postabortion.html" "Opera/9.80 (Windows NT 6.1; Win64; x64; Edition Yx) Presto/2.12.388 Version/12.10" "www.lifelinepregnancyhelp.org"
216.59.18.113 - - [08/Aug/2013:05:46:35 -0700] "GET / HTTP/1.0" 200 2565 "http://lifelineprc.com" "Mozilla/5.0 (Macintosh; Intel Mac OS X 10.6; rv:22.0) Gecko/20100101 Firefox/22.0" "lifelineprc.com"
216.59.18.113 - - [08/Aug/2013:05:46:43 -0700] "GET /postabortion.html HTTP/1.0" 200 2464 "http://lifelineprc.com/" "Mozilla/5.0 (Macintosh; Intel Mac OS X 10.6; rv:22.0) Gecko/20100101 Firefox/22.0" "lifelineprc.com"
217.69.133.216 - - [08/Aug/2013:07:27:17 -0700] "GET /m& HTTP/1.0" 404 73 "-" "Mozilla/5.0 (compatible; Linux x86_64; Mail.RU_Bot/2.0; +http://go.mail.ru/help/robots)" "lifelineprc.com"
100.43.83.135 - - [08/Aug/2013:07:33:23 -0700] "GET /robots.txt HTTP/1.1" 404 89 "-" "Mozilla/5.0 (compatible; YandexBot/3.0; +http://yandex.com/bots)" "www.lifelineprc.com"
46.165.197.142 - - [08/Aug/2013:08:34:40 -0700] "GET / HTTP/1.0" 200 2454 "-" "Mozilla/5.0 (compatible; MJ12bot/v1.4.3; http://www.majestic12.co.uk/bot.php?+)" "www.lifelineprc.com"
70.252.139.33 - - [08/Aug/2013:09:30:56 -0700] "GET /version2/img/icons/community.png HTTP/1.1" 200 100285 "http://lifelinepregnancyhelp.org/version2/" "Mozilla/5.0 (compatible; MSIE 10.0; Windows NT 6.1; WOW64; Trident/6.0)" "lifelinepregnancyhelp.org"
70.252.139.33 - - [08/Aug/2013:09:34:01 -0700] "GET /version2/services.php?service=tests HTTP/1.1" 200 1641 "http://lifelinepregnancyhelp.org/version2/" "Mozilla/5.0 (compatible; MSIE 10.0; Windows NT 6.1; WOW64; Trident/6.0)" "lifelinepregnancyhelp.org"
70.252.139.33 - - [08/Aug/2013:09:34:02 -0700] "GET /version2/services/tests.php HTTP/1.1" 200 1143 "http://lifelinepregnancyhelp.org/version2/services.php?service=tests" "Mozilla/5.0 (compatible; MSIE 10.0; Windows NT 6.1; WOW64; Trident/6.0)" "lifelinepregnancyhelp.org"
70.252.139.33 - - [08/Aug/2013:09:34:02 -0700] "GET /version2/img/services/ultrasound.jpg HTTP/1.1" 200 51408 "http://lifelinepregnancyhelp.org/version2/services.php?service=tests" "Mozilla/5.0 (compatible; MSIE 10.0; Windows NT 6.1; WOW64; Trident/6.0)" "lifelinepregnancyhelp.org"
70.252.139.33 - - [08/Aug/2013:09:34:45 -0700] "GET /version2/services/programs.php HTTP/1.1" 200 2739 "http://lifelinepregnancyhelp.org/version2/services.php?service=tests" "Mozilla/5.0 (compatible; MSIE 10.0; Windows NT 6.1; WOW64; Trident/6.0)" "lifelinepregnancyhelp.org"
70.252.139.33 - - [08/Aug/2013:09:38:18 -0700] "GET /version2/services/community.php HTTP/1.1" 200 770 "http://lifelinepregnancyhelp.org/version2/services.php?service=tests" "Mozilla/5.0 (compatible; MSIE 10.0; Windows NT 6.1; WOW64; Trident/6.0)" "lifelinepregnancyhelp.org"
70.252.139.33 - - [08/Aug/2013:09:40:22 -0700] "GET /version2/contact.php HTTP/1.1" 200 2805 "http://lifelinepregnancyhelp.org/version2/about.php" "Mozilla/5.0 (compatible; MSIE 10.0; Windows NT 6.1; WOW64; Trident/6.0)" "lifelinepregnancyhelp.org"
70.252.139.33 - - [08/Aug/2013:09:40:22 -0700] "GET /version2/img/icons/appointment.png HTTP/1.1" 200 94289 "http://lifelinepregnancyhelp.org/version2/contact.php" "Mozilla/5.0 (compatible; MSIE 10.0; Windows NT 6.1; WOW64; Trident/6.0)" "lifelinepregnancyhelp.org"
70.252.139.33 - - [08/Aug/2013:09:40:22 -0700] "GET /version2/img/icons/phone.png HTTP/1.1" 200 83342 "http://lifelinepregnancyhelp.org/version2/contact.php" "Mozilla/5.0 (compatible; MSIE 10.0; Windows NT 6.1; WOW64; Trident/6.0)" "lifelinepregnancyhelp.org"
70.252.139.33 - - [08/Aug/2013:09:40:35 -0700] "GET /version2/services.php HTTP/1.1" 200 1641 "http://lifelinepregnancyhelp.org/version2/stories.php" "Mozilla/5.0 (compatible; MSIE 10.0; Windows NT 6.1; WOW64; Trident/6.0)" "lifelinepregnancyhelp.org"
70.252.139.33 - - [08/Aug/2013:09:40:39 -0700] "GET /version2/index.php HTTP/1.1" 200 1711 "http://lifelinepregnancyhelp.org/version2/services.php" "Mozilla/5.0 (compatible; MSIE 10.0; Windows NT 6.1; WOW64; Trident/6.0)" "lifelinepregnancyhelp.org"
70.252.139.33 - - [08/Aug/2013:09:41:23 -0700] "GET /version2/index.php HTTP/1.1" 200 1711 "http://lifelinepregnancyhelp.org/version2/about.php" "Mozilla/5.0 (compatible; MSIE 10.0; Windows NT 6.1; WOW64; Trident/6.0)" "lifelinepregnancyhelp.org"
157.56.92.158 - - [08/Aug/2013:09:42:06 -0700] "GET /robots.txt HTTP/1.1" 404 89 "-" "Mozilla/5.0 (compatible; bingbot/2.0; +http://www.bing.com/bingbot.htm)" "www.lifelineprc.com"
178.137.93.32 - - [08/Aug/2013:09:49:26 -0700] "GET / HTTP/1.1" 200 4482 "http://cubochki.com.ua/" "Mozilla/4.0 (compatible; MSIE 6.0; Windows XP)" "lifelineprc.com"
178.137.93.32 - - [08/Aug/2013:09:49:27 -0700] "GET / HTTP/1.1" 200 4482 "http://cubochki.com.ua/" "Mozilla/4.0 (compatible; MSIE 6.0; Windows XP)" "lifelineprc.com"
178.137.93.32 - - [08/Aug/2013:09:49:28 -0700] "GET / HTTP/1.1" 200 4482 "http://cubochki.com.ua/" "Mozilla/4.0 (compatible; MSIE 6.0; Windows XP)" "lifelineprc.com"
70.252.139.33 - - [08/Aug/2013:10:11:44 -0700] "GET /version2 HTTP/1.1" 301 109 "-" "Mozilla/5.0 (compatible; MSIE 10.0; Windows NT 6.1; WOW64; Trident/6.0; yie9)" "www.lifelinepregnancyhelp.org"
70.252.139.33 - - [08/Aug/2013:10:13:22 -0700] "GET /version2/index.php HTTP/1.1" 200 1711 "http://www.lifelinepregnancyhelp.org/version2/contact.php" "Mozilla/5.0 (compatible; MSIE 10.0; Windows NT 6.1; WOW64; Trident/6.0; yie9)" "www.lifelinepregnancyhelp.org"
70.252.139.33 - - [08/Aug/2013:10:14:13 -0700] "GET /version2/stories.php HTTP/1.1" 200 1421 "http://www.lifelinepregnancyhelp.org/version2/index.php" "Mozilla/5.0 (compatible; MSIE 10.0; Windows NT 6.1; WOW64; Trident/6.0; yie9)" "www.lifelinepregnancyhelp.org"
70.252.139.33 - - [08/Aug/2013:10:14:15 -0700] "GET /version2/index.php HTTP/1.1" 200 1711 "http://www.lifelinepregnancyhelp.org/version2/stories.php" "Mozilla/5.0 (compatible; MSIE 10.0; Windows NT 6.1; WOW64; Trident/6.0; yie9)" "www.lifelinepregnancyhelp.org"
70.252.139.33 - - [08/Aug/2013:10:16:22 -0700] "GET /version2/services.php HTTP/1.1" 200 1641 "http://www.lifelinepregnancyhelp.org/version2/index.php" "Mozilla/5.0 (compatible; MSIE 10.0; Windows NT 6.1; WOW64; Trident/6.0; yie9)" "www.lifelinepregnancyhelp.org"
70.252.139.33 - - [08/Aug/2013:10:16:25 -0700] "GET /version2/stories.php HTTP/1.1" 200 1421 "http://www.lifelinepregnancyhelp.org/version2/services.php" "Mozilla/5.0 (compatible; MSIE 10.0; Windows NT 6.1; WOW64; Trident/6.0; yie9)" "www.lifelinepregnancyhelp.org"
70.252.139.33 - - [08/Aug/2013:10:16:29 -0700] "GET /version2/about.php HTTP/1.1" 200 1881 "http://www.lifelinepregnancyhelp.org/version2/contact.php" "Mozilla/5.0 (compatible; MSIE 10.0; Windows NT 6.1; WOW64; Trident/6.0; yie9)" "www.lifelinepregnancyhelp.org"
70.252.139.33 - - [08/Aug/2013:10:16:33 -0700] "GET /version2/index.php HTTP/1.1" 200 1711 "http://www.lifelinepregnancyhelp.org/version2/about.php" "Mozilla/5.0 (compatible; MSIE 10.0; Windows NT 6.1; WOW64; Trident/6.0; yie9)" "www.lifelinepregnancyhelp.org"
70.252.139.33 - - [08/Aug/2013:10:16:37 -0700] "GET /version2/contact.php HTTP/1.1" 200 2805 "http://www.lifelinepregnancyhelp.org/version2/index.php" "Mozilla/5.0 (compatible; MSIE 10.0; Windows NT 6.1; WOW64; Trident/6.0; yie9)" "www.lifelinepregnancyhelp.org"
24.84.88.127 - - [08/Aug/2013:10:17:33 -0700] "GET / HTTP/1.1" 200 2586 "-" "Mozilla/5.0 (Windows NT 5.1; rv:8.0) Gecko/20100101 Firefox/8.0" "lifelineprc.com"
24.84.88.127 - - [08/Aug/2013:10:17:33 -0700] "GET /register/ HTTP/1.1" 404 89 "-" "Mozilla/5.0 (Windows NT 5.1; rv:8.0) Gecko/20100101 Firefox/8.0" "lifelineprc.com"
24.84.88.127 - - [08/Aug/2013:10:17:33 -0700] "GET /login.php HTTP/1.1" 404 89 "-" "Mozilla/5.0 (Windows NT 5.1; rv:8.0) Gecko/20100101 Firefox/8.0" "lifelineprc.com"
70.252.139.33 - - [08/Aug/2013:10:18:29 -0700] "GET /version2/index.php HTTP/1.1" 200 1711 "http://www.lifelinepregnancyhelp.org/version2/contact.php" "Mozilla/5.0 (compatible; MSIE 10.0; Windows NT 6.1; WOW64; Trident/6.0; yie9)" "www.lifelinepregnancyhelp.org"
70.252.139.33 - - [08/Aug/2013:10:19:29 -0700] "GET /version2/contact.php HTTP/1.1" 200 2805 "http://www.lifelinepregnancyhelp.org/version2/index.php" "Mozilla/5.0 (compatible; MSIE 10.0; Windows NT 6.1; WOW64; Trident/6.0; yie9)" "www.lifelinepregnancyhelp.org"
70.252.139.33 - - [08/Aug/2013:10:22:43 -0700] "GET /version2/index.php HTTP/1.1" 200 1711 "http://www.lifelinepregnancyhelp.org/version2/contact.php" "Mozilla/5.0 (compatible; MSIE 10.0; Windows NT 6.1; WOW64; Trident/6.0; yie9)" "www.lifelinepregnancyhelp.org"
70.252.139.33 - - [08/Aug/2013:10:22:49 -0700] "GET /version2/services.php HTTP/1.1" 200 1641 "http://www.lifelinepregnancyhelp.org/version2/index.php" "Mozilla/5.0 (compatible; MSIE 10.0; Windows NT 6.1; WOW64; Trident/6.0; yie9)" "www.lifelinepregnancyhelp.org"
70.252.139.33 - - [08/Aug/2013:10:22:54 -0700] "GET /version2/contact.php HTTP/1.1" 200 2805 "http://www.lifelinepregnancyhelp.org/version2/stories.php" "Mozilla/5.0 (compatible; MSIE 10.0; Windows NT 6.1; WOW64; Trident/6.0; yie9)" "www.lifelinepregnancyhelp.org"
70.252.139.33 - - [08/Aug/2013:10:22:55 -0700] "GET /version2/about.php HTTP/1.1" 200 1881 "http://www.lifelinepregnancyhelp.org/version2/contact.php" "Mozilla/5.0 (compatible; MSIE 10.0; Windows NT 6.1; WOW64; Trident/6.0; yie9)" "www.lifelinepregnancyhelp.org"
70.252.139.33 - - [08/Aug/2013:10:23:12 -0700] "GET /version2/about.php HTTP/1.1" 200 1881 "http://www.lifelinepregnancyhelp.org/version2/about.php" "Mozilla/5.0 (compatible; MSIE 10.0; Windows NT 6.1; WOW64; Trident/6.0; yie9)" "www.lifelinepregnancyhelp.org"
70.252.139.33 - - [08/Aug/2013:10:23:15 -0700] "GET /version2/services.php HTTP/1.1" 200 1641 "http://www.lifelinepregnancyhelp.org/version2/stories.php" "Mozilla/5.0 (compatible; MSIE 10.0; Windows NT 6.1; WOW64; Trident/6.0; yie9)" "www.lifelinepregnancyhelp.org"
70.252.139.33 - - [08/Aug/2013:10:23:17 -0700] "GET /version2/index.php HTTP/1.1" 200 1711 "http://www.lifelinepregnancyhelp.org/version2/services.php" "Mozilla/5.0 (compatible; MSIE 10.0; Windows NT 6.1; WOW64; Trident/6.0; yie9)" "www.lifelinepregnancyhelp.org"
70.252.139.33 - - [08/Aug/2013:10:23:48 -0700] "GET /version2/services.php?service=community HTTP/1.1" 200 1642 "http://www.lifelinepregnancyhelp.org/version2/index.php" "Mozilla/5.0 (compatible; MSIE 10.0; Windows NT 6.1; WOW64; Trident/6.0; yie9)" "www.lifelinepregnancyhelp.org"
70.252.139.33 - - [08/Aug/2013:10:23:48 -0700] "GET /version2/services/community.php HTTP/1.1" 200 770 "http://www.lifelinepregnancyhelp.org/version2/services.php?service=community" "Mozilla/5.0 (compatible; MSIE 10.0; Windows NT 6.1; WOW64; Trident/6.0; yie9)" "www.lifelinepregnancyhelp.org"
70.252.139.33 - - [08/Aug/2013:10:23:58 -0700] "GET /version2/services/peer.php HTTP/1.1" 200 801 "http://www.lifelinepregnancyhelp.org/version2/services.php?service=community" "Mozilla/5.0 (compatible; MSIE 10.0; Windows NT 6.1; WOW64; Trident/6.0; yie9)" "www.lifelinepregnancyhelp.org"
150.243.42.11 - - [08/Aug/2013:10:49:16 -0700] "GET /assets/images/homePage.jpg HTTP/1.1" 200 23096 "http://www.lifelinepregnancyhelp.org/" "Mozilla/5.0 (Windows NT 5.1) AppleWebKit/537.36 (KHTML, like Gecko) Chrome/28.0.1500.95 Safari/537.36" "www.lifelinepregnancyhelp.org"
150.243.42.11 - - [08/Aug/2013:10:49:16 -0700] "GET /assets/bodyBG.jpg HTTP/1.1" 200 11603 "http://www.lifelinepregnancyhelp.org/" "Mozilla/5.0 (Windows NT 5.1) AppleWebKit/537.36 (KHTML, like Gecko) Chrome/28.0.1500.95 Safari/537.36" "www.lifelinepregnancyhelp.org"
5.10.83.82 - - [08/Aug/2013:10:52:28 -0700] "GET /postabortion.html HTTP/1.1" 200 2487 "-" "Mozilla/5.0 (compatible; AhrefsBot/5.0; +http://ahrefs.com/robot/)" "lifelinepregnancyhelp.org"
70.252.139.33 - - [08/Aug/2013:11:00:54 -0700] "GET /version2/contact.php HTTP/1.1" 200 2805 "http://www.lifelinepregnancyhelp.org/version2/services.php?service=community" "Mozilla/5.0 (compatible; MSIE 10.0; Windows NT 6.1; WOW64; Trident/6.0; yie9)" "www.lifelinepregnancyhelp.org"
5.10.83.82 - - [08/Aug/2013:11:01:42 -0700] "GET /options.html HTTP/1.1" 200 3011 "-" "Mozilla/5.0 (compatible; AhrefsBot/5.0; +http://ahrefs.com/robot/)" "lifelinepregnancyhelp.org"
5.10.83.82 - - [08/Aug/2013:11:07:36 -0700] "GET /abortion.html HTTP/1.1" 200 3411 "-" "Mozilla/5.0 (compatible; AhrefsBot/5.0; +http://ahrefs.com/robot/)" "www.lifelinepregnancyhelp.org"
5.10.83.82 - - [08/Aug/2013:11:09:41 -0700] "GET /m& HTTP/1.1" 404 89 "-" "Mozilla/5.0 (compatible; AhrefsBot/5.0; +http://ahrefs.com/robot/)" "www.lifelinepregnancyhelp.org"
5.10.83.37 - - [08/Aug/2013:11:21:26 -0700] "GET /postabortion.html HTTP/1.1" 200 4095 "-" "Mozilla/5.0 (compatible; AhrefsBot/5.0; +http://ahrefs.com/robot/)" "www.lifelineprc.com"
46.118.152.23 - - [08/Aug/2013:12:05:23 -0700] "GET / HTTP/1.1" 200 4482 "http://dekupajscrapbooking.mybb.ru/" "Mozilla/4.0 (compatible; MSIE 6.0; Windows NT 5.1; Deepnet Explorer 1.5.0; .NET CLR 1.0.3705)" "lifelineprc.com"
66.87.91.3 - - [08/Aug/2013:12:10:59 -0700] "GET /assets/bodyBG.jpg HTTP/1.1" 200 11603 "http://www.lifelinepregnancyhelp.org/services.html" "Mozilla/5.0 (Linux; U; Android 2.2.2; en-us; VM670 Build/FRG83G) AppleWebKit/533.1 (KHTML, like Gecko) Version/4.0 Mobile Safari/533.1" "www.lifelinepregnancyhelp.org"
5.10.83.37 - - [08/Aug/2013:12:17:45 -0700] "GET /symptoms.html HTTP/1.1" 200 2401 "-" "Mozilla/5.0 (compatible; AhrefsBot/5.0; +http://ahrefs.com/robot/)" "www.lifelineprc.com"
5.10.83.82 - - [08/Aug/2013:12:32:03 -0700] "GET /forMen.html HTTP/1.1" 200 2332 "-" "Mozilla/5.0 (compatible; AhrefsBot/5.0; +http://ahrefs.com/robot/)" "www.lifelinepregnancyhelp.org"
5.10.83.37 - - [08/Aug/2013:12:40:21 -0700] "GET /abortion.html HTTP/1.1" 200 3238 "-" "Mozilla/5.0 (compatible; AhrefsBot/5.0; +http://ahrefs.com/robot/)" "www.lifelineprc.com"
5.10.83.37 - - [08/Aug/2013:12:43:05 -0700] "GET /locations.html HTTP/1.1" 200 2131 "-" "Mozilla/5.0 (compatible; AhrefsBot/5.0; +http://ahrefs.com/robot/)" "www.lifelineprc.com"
192.114.71.13 - - [08/Aug/2013:13:08:09 -0700] "GET /index.html HTTP/1.1" 200 2767 "http://lifelinepregnancyhelp.org/" "Mozilla/5.0 (compatible)" "lifelinepregnancyhelp.org"
192.114.71.13 - - [08/Aug/2013:13:08:09 -0700] "GET /style.css HTTP/1.1" 200 1636 "http://lifelinepregnancyhelp.org/" "Mozilla/4.0 (compatible; MSIE 7.0; Windows NT 5.1)" "lifelinepregnancyhelp.org"
192.114.71.13 - - [08/Aug/2013:13:08:09 -0700] "GET /forMen.html HTTP/1.1" 200 2453 "http://lifelinepregnancyhelp.org/" "Mozilla/5.0 (Windows NT 6.0; WOW64) AppleWebKit/534.30 (KHTML, like Gecko) Chrome/12.0.742.91 Safari/534.30" "lifelinepregnancyhelp.org"
192.114.71.13 - - [08/Aug/2013:13:08:09 -0700] "GET /dadline.html HTTP/1.1" 200 2300 "http://lifelinepregnancyhelp.org/" "Mozilla/5.0 (Windows NT 6.0; WOW64) AppleWebKit/534.30 (KHTML, like Gecko) Chrome/12.0.742.91 Safari/534.30" "lifelinepregnancyhelp.org"
192.114.71.13 - - [08/Aug/2013:13:08:10 -0700] "GET /purefreedom.html HTTP/1.1" 200 2390 "http://lifelinepregnancyhelp.org/" "Mozilla/4.0 (compatible; MSIE 7.0; Windows NT 5.1)" "lifelinepregnancyhelp.org"
192.114.71.13 - - [08/Aug/2013:13:08:11 -0700] "GET /appointment.php HTTP/1.1" 200 1739 "http://lifelinepregnancyhelp.org/" "Mozilla/5.0 (Windows NT 6.0; WOW64) AppleWebKit/534.30 (KHTML, like Gecko) Chrome/12.0.742.91 Safari/534.30" "lifelinepregnancyhelp.org"
5.10.83.82 - - [08/Aug/2013:13:13:42 -0700] "GET /locations.html HTTP/1.1" 200 2132 "-" "Mozilla/5.0 (compatible; AhrefsBot/5.0; +http://ahrefs.com/robot/)" "lifelinepregnancyhelp.org"
5.10.83.82 - - [08/Aug/2013:13:16:22 -0700] "GET /abortion.html HTTP/1.1" 200 3412 "-" "Mozilla/5.0 (compatible; AhrefsBot/5.0; +http://ahrefs.com/robot/)" "lifelinepregnancyhelp.org"
24.84.88.127 - - [08/Aug/2013:14:23:56 -0700] "GET / HTTP/1.1" 200 2587 "-" "Mozilla/5.0 (Windows NT 5.1; rv:8.0) Gecko/20100101 Firefox/8.0" "lifelineprc.com"
24.84.88.127 - - [08/Aug/2013:14:23:57 -0700] "GET /login.php HTTP/1.1" 404 89 "-" "Mozilla/5.0 (Windows NT 5.1; rv:8.0) Gecko/20100101 Firefox/8.0" "lifelineprc.com"
182.18.191.90 - - [08/Aug/2013:15:19:31 -0700] "HEAD / HTTP/1.0" 200 0 "-" "Opera/9.64(Windows NT 5.1; U; en) Presto/2.1.1" "lifelineprc.com"
65.55.215.46 - - [08/Aug/2013:15:26:32 -0700] "GET /robots.txt HTTP/1.1" 404 89 "-" "msnbot-media/1.1 (+http://search.msn.com/msnbot.htm)" "www.lifelineprc.com"
