204.12.208.162 - - [30/Jun/2013:17:42:49 -0700] "GET /robots.txt HTTP/1.0" 404 73 "-" "Mozilla/5.0 (compatible; MJ12bot/v1.4.3; http://www.majestic12.co.uk/bot.php?+)" "www.lifelineprc.com"
204.12.208.162 - - [30/Jun/2013:17:42:52 -0700] "GET /ewyl.html HTTP/1.0" 200 2113 "-" "Mozilla/5.0 (compatible; MJ12bot/v1.4.3; http://www.majestic12.co.uk/bot.php?+)" "www.lifelineprc.com"
208.115.111.72 - - [30/Jun/2013:17:49:08 -0700] "GET /robots.txt HTTP/1.1" 404 89 "-" "Mozilla/5.0 (compatible; Ezooms/1.0; ezooms.bot@gmail.com)" "www.lifelineprc.com"
208.115.111.72 - - [30/Jun/2013:18:26:00 -0700] "GET / HTTP/1.1" 200 4482 "-" "Mozilla/5.0 (compatible; Ezooms/1.0; ezooms.bot@gmail.com)" "www.lifelineprc.com"
173.199.114.139 - - [30/Jun/2013:19:43:01 -0700] "GET /locations.html HTTP/1.1" 200 1959 "-" "Mozilla/5.0 (compatible; AhrefsBot/4.0; +http://ahrefs.com/robot/)" "lifelinepregnancyhelp.org"
157.55.36.54 - - [30/Jun/2013:20:03:27 -0700] "GET /robots.txt HTTP/1.1" 404 89 "-" "Mozilla/5.0 (compatible; bingbot/2.0; +http://www.bing.com/bingbot.htm)" "lifelinepregnancyhelp.org"
188.143.232.31 - - [30/Jun/2013:23:02:57 -0700] "GET /appointment.php HTTP/1.1" 200 3664 "-" "Mozilla/4.0 (compatible; MSIE 6.0; Windows NT 5.1; SV1)" "www.lifelinepregnancyhelp.org"
188.143.232.31 - - [30/Jun/2013:23:02:58 -0700] "POST /process.php HTTP/1.1" 200 88 "http://www.lifelinepregnancyhelp.org/appointment.php" "Mozilla/4.0 (compatible; MSIE 6.0; Windows NT 5.1; SV1)" "www.lifelinepregnancyhelp.org"
188.143.232.31 - - [30/Jun/2013:23:02:59 -0700] "POST /process.php HTTP/1.1" 200 88 "http://www.lifelinepregnancyhelp.org/appointment.php" "Mozilla/4.0 (compatible; MSIE 6.0; Windows NT 5.1; SV1)" "www.lifelinepregnancyhelp.org"
188.143.232.31 - - [30/Jun/2013:23:03:00 -0700] "POST /process.php HTTP/1.1" 200 88 "http://www.lifelinepregnancyhelp.org/appointment.php" "Mozilla/4.0 (compatible; MSIE 6.0; Windows NT 5.1; SV1)" "www.lifelinepregnancyhelp.org"
188.143.232.31 - - [30/Jun/2013:23:03:01 -0700] "POST /process.php HTTP/1.1" 200 88 "http://www.lifelinepregnancyhelp.org/appointment.php" "Mozilla/4.0 (compatible; MSIE 6.0; Windows NT 5.1; SV1)" "www.lifelinepregnancyhelp.org"
188.143.232.31 - - [30/Jun/2013:23:03:02 -0700] "POST /process.php HTTP/1.1" 200 88 "http://www.lifelinepregnancyhelp.org/appointment.php" "Mozilla/4.0 (compatible; MSIE 6.0; Windows NT 5.1; SV1)" "www.lifelinepregnancyhelp.org"
173.199.114.139 - - [30/Jun/2013:23:11:07 -0700] "GET /symptoms.html HTTP/1.1" 200 2225 "-" "Mozilla/5.0 (compatible; AhrefsBot/4.0; +http://ahrefs.com/robot/)" "lifelinepregnancyhelp.org"
46.165.197.141 - - [30/Jun/2013:23:13:40 -0700] "GET /robots.txt HTTP/1.0" 404 73 "-" "Mozilla/5.0 (compatible; MJ12bot/v1.4.3; http://www.majestic12.co.uk/bot.php?+)" "lifelinepregnancyhelp.org"
198.143.129.170 - - [30/Jun/2013:23:41:06 -0700] "GET /robots.txt HTTP/1.1" 404 89 "-" "Mozilla/5.0 (compatible; BLEXBot/1.0; +http://webmeup.com/crawler.html)" "www.lifelineprc.com"
198.143.129.170 - - [30/Jun/2013:23:41:07 -0700] "GET / HTTP/1.1" 200 2475 "-" "Mozilla/5.0 (compatible; BLEXBot/1.0; +http://webmeup.com/crawler.html)" "www.lifelineprc.com"
198.143.129.170 - - [30/Jun/2013:23:41:07 -0700] "GET /robots.txt HTTP/1.1" 404 89 "-" "Mozilla/5.0 (compatible; BLEXBot/1.0; +http://webmeup.com/crawler.html)" "lifelineprc.com"
198.143.129.170 - - [30/Jun/2013:23:41:08 -0700] "GET / HTTP/1.1" 200 2475 "-" "Mozilla/5.0 (compatible; BLEXBot/1.0; +http://webmeup.com/crawler.html)" "lifelineprc.com"
198.143.129.170 - - [30/Jun/2013:23:41:09 -0700] "GET /purefreedom.html HTTP/1.1" 200 2097 "-" "Mozilla/5.0 (compatible; BLEXBot/1.0; +http://webmeup.com/crawler.html)" "www.lifelineprc.com"
198.143.129.170 - - [30/Jun/2013:23:41:10 -0700] "GET /options.html HTTP/1.1" 200 2842 "-" "Mozilla/5.0 (compatible; BLEXBot/1.0; +http://webmeup.com/crawler.html)" "www.lifelineprc.com"
198.143.129.170 - - [30/Jun/2013:23:41:12 -0700] "GET /purefreedom.html HTTP/1.1" 200 2096 "-" "Mozilla/5.0 (compatible; BLEXBot/1.0; +http://webmeup.com/crawler.html)" "lifelineprc.com"
198.143.129.170 - - [30/Jun/2013:23:41:13 -0700] "GET /dadline.html HTTP/1.1" 200 2010 "-" "Mozilla/5.0 (compatible; BLEXBot/1.0; +http://webmeup.com/crawler.html)" "lifelineprc.com"
198.143.129.170 - - [30/Jun/2013:23:41:15 -0700] "GET /ewyl.html HTTP/1.1" 200 2135 "-" "Mozilla/5.0 (compatible; BLEXBot/1.0; +http://webmeup.com/crawler.html)" "www.lifelineprc.com"
198.143.129.170 - - [30/Jun/2013:23:41:16 -0700] "GET /abortion.html HTTP/1.1" 200 3237 "-" "Mozilla/5.0 (compatible; BLEXBot/1.0; +http://webmeup.com/crawler.html)" "www.lifelineprc.com"
198.143.129.170 - - [30/Jun/2013:23:41:18 -0700] "GET /postabortion.html HTTP/1.1" 200 2318 "-" "Mozilla/5.0 (compatible; BLEXBot/1.0; +http://webmeup.com/crawler.html)" "lifelineprc.com"
198.143.129.170 - - [30/Jun/2013:23:41:19 -0700] "GET /m& HTTP/1.1" 404 89 "-" "Mozilla/5.0 (compatible; BLEXBot/1.0; +http://webmeup.com/crawler.html)" "www.lifelineprc.com"
198.143.129.170 - - [30/Jun/2013:23:41:21 -0700] "GET /appointment.php HTTP/1.1" 200 1618 "-" "Mozilla/5.0 (compatible; BLEXBot/1.0; +http://webmeup.com/crawler.html)" "www.lifelineprc.com"
198.143.129.170 - - [30/Jun/2013:23:41:22 -0700] "GET /index.html HTTP/1.1" 200 2475 "-" "Mozilla/5.0 (compatible; BLEXBot/1.0; +http://webmeup.com/crawler.html)" "www.lifelineprc.com"
198.143.129.170 - - [30/Jun/2013:23:41:24 -0700] "GET /appointment.php HTTP/1.1" 200 1618 "-" "Mozilla/5.0 (compatible; BLEXBot/1.0; +http://webmeup.com/crawler.html)" "lifelineprc.com"
198.143.129.170 - - [30/Jun/2013:23:41:25 -0700] "GET /ewyl.html HTTP/1.1" 200 2135 "-" "Mozilla/5.0 (compatible; BLEXBot/1.0; +http://webmeup.com/crawler.html)" "lifelineprc.com"
198.143.129.170 - - [30/Jun/2013:23:41:27 -0700] "GET /options.html HTTP/1.1" 200 2844 "-" "Mozilla/5.0 (compatible; BLEXBot/1.0; +http://webmeup.com/crawler.html)" "lifelineprc.com"
198.143.129.170 - - [30/Jun/2013:23:41:28 -0700] "GET /m& HTTP/1.1" 404 89 "-" "Mozilla/5.0 (compatible; BLEXBot/1.0; +http://webmeup.com/crawler.html)" "lifelineprc.com"
198.143.129.170 - - [30/Jun/2013:23:41:30 -0700] "GET /services.html HTTP/1.1" 200 1875 "-" "Mozilla/5.0 (compatible; BLEXBot/1.0; +http://webmeup.com/crawler.html)" "www.lifelineprc.com"
198.143.129.170 - - [30/Jun/2013:23:41:31 -0700] "GET /locations.html HTTP/1.1" 200 1958 "-" "Mozilla/5.0 (compatible; BLEXBot/1.0; +http://webmeup.com/crawler.html)" "www.lifelineprc.com"
198.143.129.170 - - [30/Jun/2013:23:41:32 -0700] "GET /locations.html HTTP/1.1" 200 1958 "-" "Mozilla/5.0 (compatible; BLEXBot/1.0; +http://webmeup.com/crawler.html)" "lifelineprc.com"
198.143.129.170 - - [30/Jun/2013:23:41:34 -0700] "GET /abortion.html HTTP/1.1" 200 3237 "-" "Mozilla/5.0 (compatible; BLEXBot/1.0; +http://webmeup.com/crawler.html)" "lifelineprc.com"
198.143.129.170 - - [30/Jun/2013:23:41:35 -0700] "GET /dadline.html HTTP/1.1" 200 2010 "-" "Mozilla/5.0 (compatible; BLEXBot/1.0; +http://webmeup.com/crawler.html)" "www.lifelineprc.com"
198.143.129.170 - - [30/Jun/2013:23:41:37 -0700] "GET /symptoms.html HTTP/1.1" 200 2224 "-" "Mozilla/5.0 (compatible; BLEXBot/1.0; +http://webmeup.com/crawler.html)" "www.lifelineprc.com"
198.143.129.170 - - [30/Jun/2013:23:41:38 -0700] "GET /services.html HTTP/1.1" 200 1876 "-" "Mozilla/5.0 (compatible; BLEXBot/1.0; +http://webmeup.com/crawler.html)" "lifelineprc.com"
198.143.129.170 - - [30/Jun/2013:23:41:39 -0700] "GET /postabortion.html HTTP/1.1" 200 3706 "-" "Mozilla/5.0 (compatible; BLEXBot/1.0; +http://webmeup.com/crawler.html)" "www.lifelineprc.com"
198.143.129.170 - - [30/Jun/2013:23:41:41 -0700] "GET /symptoms.html HTTP/1.1" 200 3401 "-" "Mozilla/5.0 (compatible; BLEXBot/1.0; +http://webmeup.com/crawler.html)" "lifelineprc.com"
198.143.129.170 - - [30/Jun/2013:23:41:42 -0700] "GET /forMen.html HTTP/1.1" 200 2156 "-" "Mozilla/5.0 (compatible; BLEXBot/1.0; +http://webmeup.com/crawler.html)" "lifelineprc.com"
198.143.129.170 - - [30/Jun/2013:23:41:44 -0700] "GET /index.html HTTP/1.1" 200 2476 "-" "Mozilla/5.0 (compatible; BLEXBot/1.0; +http://webmeup.com/crawler.html)" "lifelineprc.com"
198.143.129.170 - - [30/Jun/2013:23:41:45 -0700] "GET /forMen.html HTTP/1.1" 200 2155 "-" "Mozilla/5.0 (compatible; BLEXBot/1.0; +http://webmeup.com/crawler.html)" "www.lifelineprc.com"
65.55.215.103 - - [30/Jun/2013:23:53:49 -0700] "GET /robots.txt HTTP/1.1" 404 89 "-" "msnbot-media/1.1 (+http://search.msn.com/msnbot.htm)" "lifelineprc.com"
65.55.215.103 - - [30/Jun/2013:23:53:50 -0700] "GET /assets/images/homePage.jpg HTTP/1.1" 200 23096 "-" "msnbot-media/1.1 (+http://search.msn.com/msnbot.htm)" "lifelineprc.com"
5.1.21.200 - - [01/Jul/2013:00:35:31 -0700] "GET / HTTP/1.0" 200 4482 "-" "Mozilla/4.0 (compatible; MSIE 6.0; Windows NT 5.1)" "lifelinepregnancyhelp.org"
173.11.68.156 - - [01/Jul/2013:00:51:10 -0700] "GET /index.html HTTP/1.1" 200 4482 "-" "Mozilla/5.0 (compatible; MJ12bot/v1.4.3; http://www.majestic12.co.uk/bot.php?+)" "www.lifelineprc.com"
173.11.68.156 - - [01/Jul/2013:00:51:13 -0700] "GET /services.html HTTP/1.1" 200 1875 "-" "Mozilla/5.0 (compatible; MJ12bot/v1.4.3; http://www.majestic12.co.uk/bot.php?+)" "www.lifelineprc.com"
157.55.35.52 - - [01/Jul/2013:01:15:24 -0700] "GET /robots.txt HTTP/1.1" 404 89 "-" "Mozilla/5.0 (compatible; bingbot/2.0; +http://www.bing.com/bingbot.htm)" "www.lifelinepregnancyhelp.org"
173.199.114.243 - - [01/Jul/2013:01:22:58 -0700] "GET /dadline.html HTTP/1.1" 200 2010 "-" "Mozilla/5.0 (compatible; AhrefsBot/4.0; +http://ahrefs.com/robot/)" "www.lifelineprc.com"
180.76.5.55 - - [01/Jul/2013:01:29:05 -0700] "GET /purefreedom.html HTTP/1.1" 200 2097 "-" "Mozilla/5.0 (compatible; Baiduspider/2.0; +http://www.baidu.com/search/spider.html)" "www.lifelineprc.com"
37.58.52.15 - - [01/Jul/2013:01:38:28 -0700] "GET /robots.txt HTTP/1.0" 404 73 "-" "Mozilla/5.0 (compatible; AcoonBot/4.11.1; +http://www.acoon.de/robot.asp)" "www.lifelineprc.com"
37.58.52.15 - - [01/Jul/2013:01:38:28 -0700] "GET /ewyl.html HTTP/1.0" 200 3085 "-" "Mozilla/5.0 (compatible; AcoonBot/4.11.1; +http://www.acoon.de/robot.asp)" "www.lifelineprc.com"
157.55.35.91 - - [01/Jul/2013:01:47:04 -0700] "GET /robots.txt HTTP/1.1" 404 89 "-" "Mozilla/5.0 (compatible; bingbot/2.0; +http://www.bing.com/bingbot.htm)" "lifelinepregnancyhelp.org"
173.199.114.139 - - [01/Jul/2013:01:52:48 -0700] "GET /purefreedom.html HTTP/1.1" 200 2096 "-" "Mozilla/5.0 (compatible; AhrefsBot/4.0; +http://ahrefs.com/robot/)" "lifelinepregnancyhelp.org"
157.56.92.158 - - [01/Jul/2013:01:53:27 -0700] "GET /robots.txt HTTP/1.1" 404 89 "-" "Mozilla/5.0 (compatible; bingbot/2.0; +http://www.bing.com/bingbot.htm)" "lifelineprc.com"
173.199.114.139 - - [01/Jul/2013:01:58:11 -0700] "GET /locations.html HTTP/1.1" 200 1957 "-" "Mozilla/5.0 (compatible; AhrefsBot/4.0; +http://ahrefs.com/robot/)" "www.lifelinepregnancyhelp.org"
37.58.52.15 - - [01/Jul/2013:02:42:02 -0700] "GET /options.html HTTP/1.0" 200 5481 "-" "Mozilla/5.0 (compatible; AcoonBot/4.11.1; +http://www.acoon.de/robot.asp)" "www.lifelineprc.com"
173.199.114.139 - - [01/Jul/2013:02:50:32 -0700] "GET /options.html HTTP/1.1" 200 2844 "-" "Mozilla/5.0 (compatible; AhrefsBot/4.0; +http://ahrefs.com/robot/)" "lifelinepregnancyhelp.org"
157.56.92.158 - - [01/Jul/2013:03:12:48 -0700] "GET /robots.txt HTTP/1.1" 404 89 "-" "Mozilla/5.0 (compatible; bingbot/2.0; +http://www.bing.com/bingbot.htm)" "www.lifelineprc.com"
157.55.35.80 - - [01/Jul/2013:04:25:11 -0700] "GET /robots.txt HTTP/1.1" 404 89 "-" "Mozilla/5.0 (compatible; bingbot/2.0; +http://www.bing.com/bingbot.htm)" "www.lifelineprc.com"
157.55.35.91 - - [01/Jul/2013:05:00:12 -0700] "GET /robots.txt HTTP/1.1" 404 89 "-" "Mozilla/5.0 (compatible; bingbot/2.0; +http://www.bing.com/bingbot.htm)" "www.lifelinepregnancyhelp.org"
188.92.76.167 - - [01/Jul/2013:05:08:30 -0700] "HEAD / HTTP/1.1" 200 781 "http://r-e-f-e-r-e-r.com/lifelineprc.com" "Mozilla/5.0 (Windows NT 6.0; WOW64) AppleWebKit/537.17 (KHTML, like Gecko) Chrome/24.0.1312.60 Safari/537.17" "lifelineprc.com"
180.76.5.142 - - [01/Jul/2013:07:35:18 -0700] "GET /Scripts/AC_ActiveX.js HTTP/1.1" 200 1145 "-" "Mozilla/5.0 (compatible; Baiduspider/2.0; +http://www.baidu.com/search/spider.html)" "lifelinepregnancyhelp.org"
184.155.84.253 - - [01/Jul/2013:07:38:16 -0700] "GET /favicon.ico HTTP/1.1" 404 89 "-" "Mozilla/5.0 (Linux; Android 4.1.2; XT901 Build/9.8.2Q-50_SLS-13) AppleWebKit/535.19 (KHTML, like Gecko) Chrome/18.0.1025.166 Mobile Safari/535.19" "www.lifelinepregnancyhelp.org"
184.155.84.253 - - [01/Jul/2013:07:38:22 -0700] "GET /apple-touch-icon-precomposed.png HTTP/1.1" 404 89 "-" "Mozilla/5.0 (Linux; Android 4.1.2; XT901 Build/9.8.2Q-50_SLS-13) AppleWebKit/535.19 (KHTML, like Gecko) Chrome/18.0.1025.166 Mobile Safari/535.19" "www.lifelinepregnancyhelp.org"
184.155.84.253 - - [01/Jul/2013:07:38:23 -0700] "GET /apple-touch-icon-precomposed.png HTTP/1.1" 404 89 "-" "Mozilla/5.0 (Linux; Android 4.1.2; XT901 Build/9.8.2Q-50_SLS-13) AppleWebKit/535.19 (KHTML, like Gecko) Chrome/18.0.1025.166 Mobile Safari/535.19" "www.lifelinepregnancyhelp.org"
184.155.84.253 - - [01/Jul/2013:07:38:23 -0700] "GET /apple-touch-icon.png HTTP/1.1" 404 89 "-" "Mozilla/5.0 (Linux; Android 4.1.2; XT901 Build/9.8.2Q-50_SLS-13) AppleWebKit/535.19 (KHTML, like Gecko) Chrome/18.0.1025.166 Mobile Safari/535.19" "www.lifelinepregnancyhelp.org"
184.155.84.253 - - [01/Jul/2013:07:38:41 -0700] "GET /apple-touch-icon-precomposed.png HTTP/1.1" 404 89 "-" "Mozilla/5.0 (Linux; Android 4.1.2; XT901 Build/9.8.2Q-50_SLS-13) AppleWebKit/535.19 (KHTML, like Gecko) Chrome/18.0.1025.166 Mobile Safari/535.19" "www.lifelinepregnancyhelp.org"
184.155.84.253 - - [01/Jul/2013:07:38:51 -0700] "GET /apple-touch-icon.png HTTP/1.1" 404 89 "-" "Mozilla/5.0 (Linux; Android 4.1.2; XT901 Build/9.8.2Q-50_SLS-13) AppleWebKit/535.19 (KHTML, like Gecko) Chrome/18.0.1025.166 Mobile Safari/535.19" "www.lifelinepregnancyhelp.org"
184.155.84.253 - - [01/Jul/2013:07:39:20 -0700] "GET /assets/images/redgirl.jpg HTTP/1.1" 200 110627 "http://www.lifelinepregnancyhelp.org/services.html" "Mozilla/5.0 (Linux; Android 4.1.2; XT901 Build/9.8.2Q-50_SLS-13) AppleWebKit/535.19 (KHTML, like Gecko) Chrome/18.0.1025.166 Mobile Safari/535.19" "www.lifelinepregnancyhelp.org"
184.155.84.253 - - [01/Jul/2013:07:39:21 -0700] "GET /apple-touch-icon-precomposed.png HTTP/1.1" 404 89 "-" "Mozilla/5.0 (Linux; Android 4.1.2; XT901 Build/9.8.2Q-50_SLS-13) AppleWebKit/535.19 (KHTML, like Gecko) Chrome/18.0.1025.166 Mobile Safari/535.19" "www.lifelinepregnancyhelp.org"
184.155.84.253 - - [01/Jul/2013:07:39:21 -0700] "GET /apple-touch-icon.png HTTP/1.1" 404 89 "-" "Mozilla/5.0 (Linux; Android 4.1.2; XT901 Build/9.8.2Q-50_SLS-13) AppleWebKit/535.19 (KHTML, like Gecko) Chrome/18.0.1025.166 Mobile Safari/535.19" "www.lifelinepregnancyhelp.org"
184.155.84.253 - - [01/Jul/2013:07:39:33 -0700] "GET /apple-touch-icon-precomposed.png HTTP/1.1" 404 89 "-" "Mozilla/5.0 (Linux; Android 4.1.2; XT901 Build/9.8.2Q-50_SLS-13) AppleWebKit/535.19 (KHTML, like Gecko) Chrome/18.0.1025.166 Mobile Safari/535.19" "www.lifelinepregnancyhelp.org"
173.199.114.139 - - [01/Jul/2013:09:09:00 -0700] "GET /symptoms.html HTTP/1.1" 200 2222 "-" "Mozilla/5.0 (compatible; AhrefsBot/4.0; +http://ahrefs.com/robot/)" "www.lifelinepregnancyhelp.org"
173.199.114.139 - - [01/Jul/2013:09:28:47 -0700] "GET /postabortion.html HTTP/1.1" 200 2317 "-" "Mozilla/5.0 (compatible; AhrefsBot/4.0; +http://ahrefs.com/robot/)" "lifelinepregnancyhelp.org"
208.115.111.72 - - [01/Jul/2013:09:56:56 -0700] "GET /robots.txt HTTP/1.1" 404 89 "-" "Mozilla/5.0 (compatible; Ezooms/1.0; ezooms.bot@gmail.com)" "www.lifelineprc.com"
173.199.114.139 - - [01/Jul/2013:10:24:30 -0700] "GET /ewyl.html HTTP/1.1" 200 2137 "-" "Mozilla/5.0 (compatible; AhrefsBot/4.0; +http://ahrefs.com/robot/)" "lifelinepregnancyhelp.org"
173.199.114.243 - - [01/Jul/2013:10:44:52 -0700] "GET /m& HTTP/1.1" 404 89 "-" "Mozilla/5.0 (compatible; AhrefsBot/4.0; +http://ahrefs.com/robot/)" "www.lifelineprc.com"
208.115.111.72 - - [01/Jul/2013:10:50:31 -0700] "GET /services.html HTTP/1.1" 200 2979 "-" "Mozilla/5.0 (compatible; Ezooms/1.0; ezooms.bot@gmail.com)" "www.lifelineprc.com"
157.55.35.89 - - [01/Jul/2013:11:29:06 -0700] "GET /robots.txt HTTP/1.1" 404 89 "-" "Mozilla/5.0 (compatible; bingbot/2.0; +http://www.bing.com/bingbot.htm)" "lifelineprc.com"
157.56.92.158 - - [01/Jul/2013:13:05:08 -0700] "GET /robots.txt HTTP/1.1" 404 89 "-" "Mozilla/5.0 (compatible; bingbot/2.0; +http://www.bing.com/bingbot.htm)" "lifelineprc.com"
173.199.114.243 - - [01/Jul/2013:13:09:34 -0700] "GET /contactus.html HTTP/1.1" 200 3435 "-" "Mozilla/5.0 (compatible; AhrefsBot/4.0; +http://ahrefs.com/robot/)" "www.lifelineprc.com"
173.199.114.243 - - [01/Jul/2013:14:55:12 -0700] "GET /postabortion.html HTTP/1.1" 200 2320 "-" "Mozilla/5.0 (compatible; AhrefsBot/4.0; +http://ahrefs.com/robot/)" "www.lifelineprc.com"
208.115.113.82 - - [01/Jul/2013:15:09:53 -0700] "GET /robots.txt HTTP/1.1" 404 89 "-" "Mozilla/5.0 (compatible; Ezooms/1.0; ezooms.bot@gmail.com)" "www.lifelinepregnancyhelp.org"
93.190.138.105 - - [01/Jul/2013:15:12:07 -0700] "GET / HTTP/1.1" 200 2585 "http://domains.checkparams.com/index.php?q=lifelineprc.com" "Mozilla/5.0 (compatible; DCPbot/1.4; +http://domains.checkparams.com/)" "lifelineprc.com"
70.195.5.134 - - [01/Jul/2013:15:13:49 -0700] "GET / HTTP/1.1" 200 2587 "http://www.ramahinternational.org/missouri.html" "Mozilla/5.0 (Linux; U; Android 4.1.2; en-us; DROID RAZR Build/9.8.2O-72_VZW-16) AppleWebKit/534.30 (KHTML, like Gecko) Version/4.0 Mobile Safari/534.30" "www.lifelineprc.com"
70.195.5.134 - - [01/Jul/2013:15:13:49 -0700] "GET /assets/images/homePage.jpg HTTP/1.1" 200 23096 "http://www.lifelineprc.com/" "Mozilla/5.0 (Linux; U; Android 4.1.2; en-us; DROID RAZR Build/9.8.2O-72_VZW-16) AppleWebKit/534.30 (KHTML, like Gecko) Version/4.0 Mobile Safari/534.30" "www.lifelineprc.com"
70.195.5.134 - - [01/Jul/2013:15:13:51 -0700] "GET /assets/bodyBG.jpg HTTP/1.1" 200 11603 "http://www.lifelineprc.com/" "Mozilla/5.0 (Linux; U; Android 4.1.2; en-us; DROID RAZR Build/9.8.2O-72_VZW-16) AppleWebKit/534.30 (KHTML, like Gecko) Version/4.0 Mobile Safari/534.30" "www.lifelineprc.com"
70.195.5.134 - - [01/Jul/2013:15:13:51 -0700] "GET /assets/psd/LeftNavLayoutPieces/top.jpg HTTP/1.1" 200 43470 "http://www.lifelineprc.com/" "Mozilla/5.0 (Linux; U; Android 4.1.2; en-us; DROID RAZR Build/9.8.2O-72_VZW-16) AppleWebKit/534.30 (KHTML, like Gecko) Version/4.0 Mobile Safari/534.30" "www.lifelineprc.com"
70.195.5.134 - - [01/Jul/2013:15:13:52 -0700] "GET /assets/psd/LeftNavLayoutPieces/bgcolor.jpg HTTP/1.1" 200 4012 "http://www.lifelineprc.com/" "Mozilla/5.0 (Linux; U; Android 4.1.2; en-us; DROID RAZR Build/9.8.2O-72_VZW-16) AppleWebKit/534.30 (KHTML, like Gecko) Version/4.0 Mobile Safari/534.30" "www.lifelineprc.com"
70.195.5.134 - - [01/Jul/2013:15:13:55 -0700] "GET /favicon.ico HTTP/1.1" 404 89 "http://www.lifelineprc.com/" "Mozilla/5.0 (Linux; U; Android 4.1.2; en-us; DROID RAZR Build/9.8.2O-72_VZW-16) AppleWebKit/534.30 (KHTML, like Gecko) Version/4.0 Mobile Safari/534.30" "www.lifelineprc.com"
70.195.5.134 - - [01/Jul/2013:15:13:58 -0700] "GET /abortion.html HTTP/1.1" 200 3237 "http://www.lifelineprc.com/" "Mozilla/5.0 (Linux; U; Android 4.1.2; en-us; DROID RAZR Build/9.8.2O-72_VZW-16) AppleWebKit/534.30 (KHTML, like Gecko) Version/4.0 Mobile Safari/534.30" "www.lifelineprc.com"
70.195.5.134 - - [01/Jul/2013:15:13:59 -0700] "GET /assets/images/abortion.jpg HTTP/1.1" 200 53176 "http://www.lifelineprc.com/abortion.html" "Mozilla/5.0 (Linux; U; Android 4.1.2; en-us; DROID RAZR Build/9.8.2O-72_VZW-16) AppleWebKit/534.30 (KHTML, like Gecko) Version/4.0 Mobile Safari/534.30" "www.lifelineprc.com"
70.195.5.134 - - [01/Jul/2013:15:14:07 -0700] "GET /locations.html HTTP/1.1" 200 1958 "http://www.lifelineprc.com/" "Mozilla/5.0 (Linux; U; Android 4.1.2; en-us; DROID RAZR Build/9.8.2O-72_VZW-16) AppleWebKit/534.30 (KHTML, like Gecko) Version/4.0 Mobile Safari/534.30" "www.lifelineprc.com"
70.195.5.134 - - [01/Jul/2013:15:14:08 -0700] "GET /assets/images/redgirl.jpg HTTP/1.1" 200 110627 "http://www.lifelineprc.com/services.html" "Mozilla/5.0 (Linux; U; Android 4.1.2; en-us; DROID RAZR Build/9.8.2O-72_VZW-16) AppleWebKit/534.30 (KHTML, like Gecko) Version/4.0 Mobile Safari/534.30" "www.lifelineprc.com"
157.56.92.158 - - [01/Jul/2013:15:58:03 -0700] "GET /robots.txt HTTP/1.1" 404 89 "-" "Mozilla/5.0 (compatible; bingbot/2.0; +http://www.bing.com/bingbot.htm)" "www.lifelineprc.com"
173.199.114.243 - - [01/Jul/2013:16:14:49 -0700] "GET / HTTP/1.1" 200 2476 "-" "Mozilla/5.0 (compatible; AhrefsBot/4.0; +http://ahrefs.com/robot/)" "www.lifelineprc.com"
208.115.113.82 - - [01/Jul/2013:16:43:57 -0700] "GET /services.html HTTP/1.1" 200 2979 "-" "Mozilla/5.0 (compatible; Ezooms/1.0; ezooms.bot@gmail.com)" "www.lifelinepregnancyhelp.org"
