37.115.113.47 - - [25/Jul/2013:20:26:59 -0700] "GET / HTTP/1.1" 200 4482 "http://www.razborka.in/" "Mozilla/4.0 (compatible; MSIE 6.0; Windows NT 5.1; SV1; .NET CLR 1.1.4322; XMPP Tiscali Communicator v.10.0.2; .NET CLR 2.0.50727)" "lifelineprc.com"
24.84.88.127 - - [25/Jul/2013:20:31:23 -0700] "GET /register/ HTTP/1.1" 404 89 "-" "Mozilla/5.0 (Windows NT 5.1; rv:8.0) Gecko/20100101 Firefox/8.0" "lifelineprc.com"
24.84.88.127 - - [25/Jul/2013:20:32:12 -0700] "GET /login.php HTTP/1.1" 404 89 "-" "Mozilla/5.0 (Windows NT 5.1; rv:8.0) Gecko/20100101 Firefox/8.0" "lifelineprc.com"
5.10.83.13 - - [25/Jul/2013:21:14:20 -0700] "GET /LinnCountyPRC.html HTTP/1.1" 200 3178 "-" "Mozilla/5.0 (compatible; AhrefsBot/5.0; +http://ahrefs.com/robot/)" "www.lifelineprc.com"
5.10.83.13 - - [25/Jul/2013:21:39:36 -0700] "GET /abortion.html HTTP/1.1" 200 3411 "-" "Mozilla/5.0 (compatible; AhrefsBot/5.0; +http://ahrefs.com/robot/)" "www.lifelineprc.com"
208.115.111.72 - - [25/Jul/2013:21:51:44 -0700] "GET /robots.txt HTTP/1.1" 404 89 "-" "Mozilla/5.0 (compatible; Ezooms/1.0; ezooms.bot@gmail.com)" "www.lifelineprc.com"
208.115.111.72 - - [25/Jul/2013:22:50:58 -0700] "GET /ewyl.html HTTP/1.1" 200 3474 "-" "Mozilla/5.0 (compatible; Ezooms/1.0; ezooms.bot@gmail.com)" "www.lifelineprc.com"
157.55.33.49 - - [26/Jul/2013:00:52:17 -0700] "GET /robots.txt HTTP/1.1" 404 89 "-" "Mozilla/5.0 (compatible; bingbot/2.0; +http://www.bing.com/bingbot.htm)" "www.lifelineprc.com"
5.10.83.36 - - [26/Jul/2013:01:39:23 -0700] "GET /ewyl.html HTTP/1.1" 200 2303 "-" "Mozilla/5.0 (compatible; AhrefsBot/5.0; +http://ahrefs.com/robot/)" "www.lifelineprc.com"
5.10.83.36 - - [26/Jul/2013:01:40:15 -0700] "GET /index.html HTTP/1.1" 200 2647 "-" "Mozilla/5.0 (compatible; AhrefsBot/5.0; +http://ahrefs.com/robot/)" "www.lifelineprc.com"
75.155.159.224 - - [26/Jul/2013:01:59:57 -0700] "GET /assets/images/pregnancy.jpg HTTP/1.1" 200 73198 "http://www.google.ca/search?client=safari&hl=en&tbm=isch&sa=1&ei=0DjyUbnBPOLIigLE0oCYDA&q=swollen+breasts+pregnancy&oq=swollen+breasts+pregnancy&gs_l=mobile-gws-serp.3..0j0i24l3.125616.131999.0.134775.10.9.0.1.1.0.696.2942.2-5j1j0j2.8.0....0...1c.1.22.mobile-gws-serp..1.9.2996.R50KWAV1958&biw=320&bih=356&sei=bznyUeKMF6ediQLSwYGwBw" "Mozilla/5.0 (iPod; CPU iPhone OS 5_0_1 like Mac OS X) AppleWebKit/534.46 (KHTML, like Gecko) Version/5.1 Mobile/9A405 Safari/7534.48.3" "www.lifelinepregnancyhelp.org"
5.10.83.36 - - [26/Jul/2013:02:02:13 -0700] "GET /postabortion.html HTTP/1.1" 200 2486 "-" "Mozilla/5.0 (compatible; AhrefsBot/5.0; +http://ahrefs.com/robot/)" "www.lifelineprc.com"
5.10.83.61 - - [26/Jul/2013:03:18:09 -0700] "GET / HTTP/1.1" 200 2477 "-" "Mozilla/5.0 (compatible; AhrefsBot/5.0; +http://ahrefs.com/robot/)" "lifelinepregnancyhelp.org"
5.10.83.61 - - [26/Jul/2013:03:49:09 -0700] "GET /m& HTTP/1.1" 404 89 "-" "Mozilla/5.0 (compatible; AhrefsBot/5.0; +http://ahrefs.com/robot/)" "www.lifelinepregnancyhelp.org"
199.115.113.136 - - [26/Jul/2013:03:54:02 -0700] "GET /robots.txt HTTP/1.1" 404 89 "-" "Mozilla/4.0 (compatible; MSIE 5.5; Windows NT)" "lifelinepregnancyhelp.org"
157.55.33.49 - - [26/Jul/2013:04:23:14 -0700] "GET /robots.txt HTTP/1.1" 404 89 "-" "Mozilla/5.0 (compatible; bingbot/2.0; +http://www.bing.com/bingbot.htm)" "lifelineprc.com"
5.10.83.50 - - [26/Jul/2013:04:55:39 -0700] "GET /aboutus.html HTTP/1.1" 200 3360 "-" "Mozilla/5.0 (compatible; AhrefsBot/5.0; +http://ahrefs.com/robot/)" "www.lifelineprc.com"
5.10.83.61 - - [26/Jul/2013:05:12:24 -0700] "GET /purefreedom.html HTTP/1.1" 200 2269 "-" "Mozilla/5.0 (compatible; AhrefsBot/5.0; +http://ahrefs.com/robot/)" "www.lifelinepregnancyhelp.org"
5.10.83.50 - - [26/Jul/2013:05:20:30 -0700] "GET /services.html HTTP/1.1" 200 2047 "-" "Mozilla/5.0 (compatible; AhrefsBot/5.0; +http://ahrefs.com/robot/)" "www.lifelineprc.com"
5.10.83.61 - - [26/Jul/2013:05:26:56 -0700] "GET /dadline.html HTTP/1.1" 200 2180 "-" "Mozilla/5.0 (compatible; AhrefsBot/5.0; +http://ahrefs.com/robot/)" "www.lifelinepregnancyhelp.org"
5.10.83.61 - - [26/Jul/2013:06:11:31 -0700] "GET /options.html HTTP/1.1" 200 3012 "-" "Mozilla/5.0 (compatible; AhrefsBot/5.0; +http://ahrefs.com/robot/)" "lifelinepregnancyhelp.org"
5.10.83.61 - - [26/Jul/2013:06:12:25 -0700] "GET / HTTP/1.1" 200 2477 "-" "Mozilla/5.0 (compatible; AhrefsBot/5.0; +http://ahrefs.com/robot/)" "www.lifelinepregnancyhelp.org"
5.10.83.61 - - [26/Jul/2013:06:13:12 -0700] "GET /index.html HTTP/1.1" 200 2647 "-" "Mozilla/5.0 (compatible; AhrefsBot/5.0; +http://ahrefs.com/robot/)" "www.lifelinepregnancyhelp.org"
5.10.83.61 - - [26/Jul/2013:06:14:48 -0700] "GET /services.html HTTP/1.1" 200 2048 "-" "Mozilla/5.0 (compatible; AhrefsBot/5.0; +http://ahrefs.com/robot/)" "www.lifelinepregnancyhelp.org"
5.10.83.61 - - [26/Jul/2013:07:14:44 -0700] "GET /ewyl.html HTTP/1.1" 200 2306 "-" "Mozilla/5.0 (compatible; AhrefsBot/5.0; +http://ahrefs.com/robot/)" "www.lifelinepregnancyhelp.org"
184.155.88.76 - - [26/Jul/2013:07:17:39 -0700] "GET /version2/css/bootstrap.css HTTP/1.1" 200 18834 "http://lifelinepregnancyhelp.org/version2/" "Mozilla/5.0 (iPad; CPU OS 6_1_3 like Mac OS X) AppleWebKit/536.26 (KHTML, like Gecko) Version/6.0 Mobile/10B329 Safari/8536.25" "lifelinepregnancyhelp.org"
184.155.88.76 - - [26/Jul/2013:07:17:39 -0700] "GET /version2/css/general.css HTTP/1.1" 200 1216 "http://lifelinepregnancyhelp.org/version2/" "Mozilla/5.0 (iPad; CPU OS 6_1_3 like Mac OS X) AppleWebKit/536.26 (KHTML, like Gecko) Version/6.0 Mobile/10B329 Safari/8536.25" "lifelinepregnancyhelp.org"
184.155.88.76 - - [26/Jul/2013:07:17:39 -0700] "GET /version2/js/responsiveslides.min.js HTTP/1.1" 200 1967 "http://lifelinepregnancyhelp.org/version2/" "Mozilla/5.0 (iPad; CPU OS 6_1_3 like Mac OS X) AppleWebKit/536.26 (KHTML, like Gecko) Version/6.0 Mobile/10B329 Safari/8536.25" "lifelinepregnancyhelp.org"
184.155.88.76 - - [26/Jul/2013:07:17:40 -0700] "GET /version2/img/slider/logo.jpg HTTP/1.1" 200 490803 "http://lifelinepregnancyhelp.org/version2/" "Mozilla/5.0 (iPad; CPU OS 6_1_3 like Mac OS X) AppleWebKit/536.26 (KHTML, like Gecko) Version/6.0 Mobile/10B329 Safari/8536.25" "lifelinepregnancyhelp.org"
184.155.88.76 - - [26/Jul/2013:07:17:40 -0700] "GET /version2/img/slider/image6.jpg HTTP/1.1" 200 322835 "http://lifelinepregnancyhelp.org/version2/" "Mozilla/5.0 (iPad; CPU OS 6_1_3 like Mac OS X) AppleWebKit/536.26 (KHTML, like Gecko) Version/6.0 Mobile/10B329 Safari/8536.25" "lifelinepregnancyhelp.org"
184.155.88.76 - - [26/Jul/2013:07:17:40 -0700] "GET /version2/img/slider/image2.jpg HTTP/1.1" 200 691385 "http://lifelinepregnancyhelp.org/version2/" "Mozilla/5.0 (iPad; CPU OS 6_1_3 like Mac OS X) AppleWebKit/536.26 (KHTML, like Gecko) Version/6.0 Mobile/10B329 Safari/8536.25" "lifelinepregnancyhelp.org"
184.155.88.76 - - [26/Jul/2013:07:17:41 -0700] "GET /version2/img/slider/image3.jpg HTTP/1.1" 200 577297 "http://lifelinepregnancyhelp.org/version2/" "Mozilla/5.0 (iPad; CPU OS 6_1_3 like Mac OS X) AppleWebKit/536.26 (KHTML, like Gecko) Version/6.0 Mobile/10B329 Safari/8536.25" "lifelinepregnancyhelp.org"
184.155.88.76 - - [26/Jul/2013:07:17:42 -0700] "GET /version2/img/icons/programs.png HTTP/1.1" 200 87200 "http://lifelinepregnancyhelp.org/version2/" "Mozilla/5.0 (iPad; CPU OS 6_1_3 like Mac OS X) AppleWebKit/536.26 (KHTML, like Gecko) Version/6.0 Mobile/10B329 Safari/8536.25" "lifelinepregnancyhelp.org"
184.155.88.76 - - [26/Jul/2013:07:17:45 -0700] "GET /version2/img/slider/image1.jpg HTTP/1.1" 200 994823 "http://lifelinepregnancyhelp.org/version2/" "Mozilla/5.0 (iPad; CPU OS 6_1_3 like Mac OS X) AppleWebKit/536.26 (KHTML, like Gecko) Version/6.0 Mobile/10B329 Safari/8536.25" "lifelinepregnancyhelp.org"
184.155.88.76 - - [26/Jul/2013:07:18:33 -0700] "GET /version2/index.php HTTP/1.1" 200 1699 "http://lifelinepregnancyhelp.org/version2/" "Mozilla/5.0 (iPad; CPU OS 6_1_3 like Mac OS X) AppleWebKit/536.26 (KHTML, like Gecko) Version/6.0 Mobile/10B329 Safari/8536.25" "lifelinepregnancyhelp.org"
184.155.88.76 - - [26/Jul/2013:07:18:46 -0700] "GET /version2/stories.php HTTP/1.1" 200 1421 "http://lifelinepregnancyhelp.org/version2/services.php" "Mozilla/5.0 (iPad; CPU OS 6_1_3 like Mac OS X) AppleWebKit/536.26 (KHTML, like Gecko) Version/6.0 Mobile/10B329 Safari/8536.25" "lifelinepregnancyhelp.org"
208.115.113.88 - - [26/Jul/2013:07:51:06 -0700] "GET /robots.txt HTTP/1.1" 404 89 "-" "Mozilla/5.0 (compatible; Ezooms/1.0; ezooms.bot@gmail.com)" "lifelineprc.com"
208.115.113.88 - - [26/Jul/2013:09:08:35 -0700] "GET /locations.html HTTP/1.1" 200 3905 "-" "Mozilla/5.0 (compatible; Ezooms/1.0; ezooms.bot@gmail.com)" "lifelineprc.com"
208.115.113.88 - - [26/Jul/2013:09:08:35 -0700] "GET /options.html HTTP/1.1" 200 5870 "-" "Mozilla/5.0 (compatible; Ezooms/1.0; ezooms.bot@gmail.com)" "www.lifelineprc.com"
100.43.83.135 - - [26/Jul/2013:09:18:45 -0700] "GET /robots.txt HTTP/1.1" 404 89 "-" "Mozilla/5.0 (compatible; YandexBot/3.0; +http://yandex.com/bots)" "www.lifelineprc.com"
100.43.83.135 - - [26/Jul/2013:11:11:55 -0700] "GET /purefreedom.html HTTP/1.1" 200 3389 "-" "Mozilla/5.0 (compatible; YandexBot/3.0; +http://yandex.com/bots)" "www.lifelineprc.com"
100.43.83.135 - - [26/Jul/2013:11:11:58 -0700] "GET /services.html HTTP/1.1" 200 2048 "-" "Mozilla/5.0 (compatible; YandexBot/3.0; +http://yandex.com/bots)" "www.lifelineprc.com"
65.55.24.238 - - [26/Jul/2013:11:14:23 -0700] "GET /robots.txt HTTP/1.1" 404 89 "-" "Mozilla/5.0 (compatible; bingbot/2.0; +http://www.bing.com/bingbot.htm)" "lifelinepregnancyhelp.org"
5.10.83.67 - - [26/Jul/2013:12:30:35 -0700] "GET /LinnCountyPRC.html HTTP/1.1" 200 3180 "-" "Mozilla/5.0 (compatible; AhrefsBot/5.0; +http://ahrefs.com/robot/)" "www.lifelineprc.com"
5.10.83.67 - - [26/Jul/2013:12:32:45 -0700] "GET /dadline.html HTTP/1.1" 200 2180 "-" "Mozilla/5.0 (compatible; AhrefsBot/5.0; +http://ahrefs.com/robot/)" "www.lifelineprc.com"
5.10.83.100 - - [26/Jul/2013:12:51:40 -0700] "GET /locations.html HTTP/1.1" 200 2131 "-" "Mozilla/5.0 (compatible; AhrefsBot/5.0; +http://ahrefs.com/robot/)" "www.lifelinepregnancyhelp.org"
5.10.83.67 - - [26/Jul/2013:12:55:12 -0700] "GET /symptoms.html HTTP/1.1" 200 2399 "-" "Mozilla/5.0 (compatible; AhrefsBot/5.0; +http://ahrefs.com/robot/)" "www.lifelineprc.com"
5.10.83.100 - - [26/Jul/2013:13:07:43 -0700] "GET /postabortion.html HTTP/1.1" 200 2487 "-" "Mozilla/5.0 (compatible; AhrefsBot/5.0; +http://ahrefs.com/robot/)" "lifelinepregnancyhelp.org"
5.10.83.67 - - [26/Jul/2013:13:25:46 -0700] "GET /index.html HTTP/1.1" 200 2647 "-" "Mozilla/5.0 (compatible; AhrefsBot/5.0; +http://ahrefs.com/robot/)" "www.lifelineprc.com"
5.10.83.100 - - [26/Jul/2013:13:33:02 -0700] "GET /index.html HTTP/1.1" 200 2647 "-" "Mozilla/5.0 (compatible; AhrefsBot/5.0; +http://ahrefs.com/robot/)" "www.lifelinepregnancyhelp.org"
5.10.83.67 - - [26/Jul/2013:13:45:50 -0700] "GET /forMen.html HTTP/1.1" 200 2331 "-" "Mozilla/5.0 (compatible; AhrefsBot/5.0; +http://ahrefs.com/robot/)" "www.lifelineprc.com"
5.10.83.100 - - [26/Jul/2013:13:55:48 -0700] "GET / HTTP/1.1" 200 2476 "-" "Mozilla/5.0 (compatible; AhrefsBot/5.0; +http://ahrefs.com/robot/)" "www.lifelinepregnancyhelp.org"
5.10.83.100 - - [26/Jul/2013:14:15:58 -0700] "GET /m& HTTP/1.1" 404 89 "-" "Mozilla/5.0 (compatible; AhrefsBot/5.0; +http://ahrefs.com/robot/)" "lifelinepregnancyhelp.org"
166.216.162.89 - - [26/Jul/2013:14:24:04 -0700] "GET / HTTP/1.1" 200 4482 "http://www.google.com/search?hl=en&redir_esc=&client=ms-android-att-us&source=android-launcher-widget&v=133247963&qsubts=1374873824487&q=lifeline+kirksville+mo&v=133247963" "Mozilla/5.0 (Linux; U; Android 2.2.1; en-us; SAMSUNG-SGH-I997 Build/FROYO) AppleWebKit/533.1 (KHTML, like Gecko) Version/4.0 Mobile Safari/533.1" "www.lifelinepregnancyhelp.org"
166.216.162.89 - - [26/Jul/2013:14:24:04 -0700] "GET /style.css HTTP/1.1" 200 5261 "http://www.lifelinepregnancyhelp.org/" "Mozilla/5.0 (Linux; U; Android 2.2.1; en-us; SAMSUNG-SGH-I997 Build/FROYO) AppleWebKit/533.1 (KHTML, like Gecko) Version/4.0 Mobile Safari/533.1" "www.lifelinepregnancyhelp.org"
166.216.162.89 - - [26/Jul/2013:14:24:04 -0700] "GET /assets/images/homePage.jpg HTTP/1.1" 200 23096 "http://www.lifelinepregnancyhelp.org/" "Mozilla/5.0 (Linux; U; Android 2.2.1; en-us; SAMSUNG-SGH-I997 Build/FROYO) AppleWebKit/533.1 (KHTML, like Gecko) Version/4.0 Mobile Safari/533.1" "www.lifelinepregnancyhelp.org"
166.216.162.89 - - [26/Jul/2013:14:24:05 -0700] "GET /assets/bodyBG.jpg HTTP/1.1" 200 11603 "http://www.lifelinepregnancyhelp.org/" "Mozilla/5.0 (Linux; U; Android 2.2.1; en-us; SAMSUNG-SGH-I997 Build/FROYO) AppleWebKit/533.1 (KHTML, like Gecko) Version/4.0 Mobile Safari/533.1" "www.lifelinepregnancyhelp.org"
166.216.162.89 - - [26/Jul/2013:14:24:05 -0700] "GET /assets/psd/LeftNavLayoutPieces/bgcolor.jpg HTTP/1.1" 200 4012 "http://www.lifelinepregnancyhelp.org/" "Mozilla/5.0 (Linux; U; Android 2.2.1; en-us; SAMSUNG-SGH-I997 Build/FROYO) AppleWebKit/533.1 (KHTML, like Gecko) Version/4.0 Mobile Safari/533.1" "www.lifelinepregnancyhelp.org"
166.216.162.89 - - [26/Jul/2013:14:24:05 -0700] "GET /assets/psd/LeftNavLayoutPieces/top.jpg HTTP/1.1" 200 43470 "http://www.lifelinepregnancyhelp.org/" "Mozilla/5.0 (Linux; U; Android 2.2.1; en-us; SAMSUNG-SGH-I997 Build/FROYO) AppleWebKit/533.1 (KHTML, like Gecko) Version/4.0 Mobile Safari/533.1" "www.lifelinepregnancyhelp.org"
166.216.162.89 - - [26/Jul/2013:14:24:06 -0700] "GET /favicon.ico HTTP/1.1" 404 89 "http://www.lifelinepregnancyhelp.org/" "Mozilla/5.0 (Linux; U; Android 2.2.1; en-us; SAMSUNG-SGH-I997 Build/FROYO) AppleWebKit/533.1 (KHTML, like Gecko) Version/4.0 Mobile Safari/533.1" "www.lifelinepregnancyhelp.org"
166.216.162.89 - - [26/Jul/2013:14:25:05 -0700] "GET /appointment.php HTTP/1.1" 200 3664 "http://www.lifelinepregnancyhelp.org/" "Mozilla/5.0 (Linux; U; Android 2.2.1; en-us; SAMSUNG-SGH-I997 Build/FROYO) AppleWebKit/533.1 (KHTML, like Gecko) Version/4.0 Mobile Safari/533.1" "www.lifelinepregnancyhelp.org"
193.106.136.55 - - [26/Jul/2013:14:49:15 -0700] "GET / HTTP/1.1" 200 4482 "http://zdorovie.mybb.ru/" "Mozilla/4.0 (compatible- MSIE 6.0- Windows NT 5.1- SV1- .NET CLR 1.1.4322" "lifelineprc.com"
65.55.215.40 - - [26/Jul/2013:15:28:36 -0700] "GET /assets/images/abortion.jpg HTTP/1.1" 200 53176 "-" "msnbot-media/1.1 (+http://search.msn.com/msnbot.htm)" "lifelinepregnancyhelp.org"
5.10.83.95 - - [26/Jul/2013:15:45:51 -0700] "GET / HTTP/1.1" 200 2477 "-" "Mozilla/5.0 (compatible; AhrefsBot/5.0; +http://ahrefs.com/robot/)" "www.lifelinepregnancyhelp.org"
5.10.83.95 - - [26/Jul/2013:15:59:48 -0700] "GET /forMen.html HTTP/1.1" 200 2331 "-" "Mozilla/5.0 (compatible; AhrefsBot/5.0; +http://ahrefs.com/robot/)" "www.lifelinepregnancyhelp.org"
5.10.83.16 - - [26/Jul/2013:16:06:54 -0700] "GET /postabortion.html HTTP/1.1" 200 2485 "-" "Mozilla/5.0 (compatible; AhrefsBot/5.0; +http://ahrefs.com/robot/)" "www.lifelineprc.com"
5.10.83.95 - - [26/Jul/2013:16:21:59 -0700] "GET /purefreedom.html HTTP/1.1" 200 2270 "-" "Mozilla/5.0 (compatible; AhrefsBot/5.0; +http://ahrefs.com/robot/)" "lifelinepregnancyhelp.org"
5.10.83.16 - - [26/Jul/2013:16:37:46 -0700] "GET /forMen.html HTTP/1.1" 200 3569 "-" "Mozilla/5.0 (compatible; AhrefsBot/5.0; +http://ahrefs.com/robot/)" "www.lifelineprc.com"
5.10.83.95 - - [26/Jul/2013:16:40:20 -0700] "GET /abortion.html HTTP/1.1" 200 6210 "-" "Mozilla/5.0 (compatible; AhrefsBot/5.0; +http://ahrefs.com/robot/)" "lifelinepregnancyhelp.org"
5.10.83.16 - - [26/Jul/2013:16:48:16 -0700] "GET /options.html HTTP/1.1" 200 5870 "-" "Mozilla/5.0 (compatible; AhrefsBot/5.0; +http://ahrefs.com/robot/)" "www.lifelineprc.com"
